<!doctype html public "-//w3c//dtd html 4.0 transitional//en">
<html><head>
<title>Static Call Graph - [.\build\rt_stm32f4_drv.axf]</title></head>
<body><HR>
<H1>Static Call Graph for image .\build\rt_stm32f4_drv.axf</H1><HR>
<BR><P>#&#060CALLGRAPH&#062# ARM Linker, 5050106: Last Updated: Mon May 18 22:47:43 2015
<BR><P>
<H3>Maximum Stack Usage =       1304 bytes + Unknown(Cycles, Untraceable Function Pointers)</H3><H3>
Call chain for Maximum Stack Depth:</H3>
keypress &rArr; Dayin_Fun &rArr; Api_avrg15minSpd_Content_read &rArr; Sem_Dataflash_Take &rArr; rt_sem_take &rArr; rt_timer_start &rArr; rt_schedule &rArr; _rt_scheduler_stack_check &rArr; list_thread &rArr; _list_thread &rArr; rt_kprintf &rArr; vsnprintf &rArr; print_number
<P>
<H3>
Mutually Recursive functions
</H3> <LI><a href="#[3cb]">rt_device_write</a>&nbsp;&nbsp;&nbsp;&rArr;&nbsp;&nbsp;&nbsp;<a href="#[1ed]">rt_kprintf</a><BR>
 <LI><a href="#[d1]">ADC_IRQHandler</a>&nbsp;&nbsp;&nbsp;&rArr;&nbsp;&nbsp;&nbsp;<a href="#[d1]">ADC_IRQHandler</a><BR>
 <LI><a href="#[b9]">BusFault_Handler</a>&nbsp;&nbsp;&nbsp;&rArr;&nbsp;&nbsp;&nbsp;<a href="#[b9]">BusFault_Handler</a><BR>
 <LI><a href="#[b8]">MemManage_Handler</a>&nbsp;&nbsp;&nbsp;&rArr;&nbsp;&nbsp;&nbsp;<a href="#[b8]">MemManage_Handler</a><BR>
 <LI><a href="#[2fc]">GB_OUT_data</a>&nbsp;&nbsp;&nbsp;&rArr;&nbsp;&nbsp;&nbsp;<a href="#[2fc]">GB_OUT_data</a><BR>
 <LI><a href="#[ba]">UsageFault_Handler</a>&nbsp;&nbsp;&nbsp;&rArr;&nbsp;&nbsp;&nbsp;<a href="#[ba]">UsageFault_Handler</a><BR>
 <LI><a href="#[4ef]">finsh_type_check</a>&nbsp;&nbsp;&nbsp;&rArr;&nbsp;&nbsp;&nbsp;<a href="#[4ef]">finsh_type_check</a><BR>
 <LI><a href="#[4ec]">finsh_compile</a>&nbsp;&nbsp;&nbsp;&rArr;&nbsp;&nbsp;&nbsp;<a href="#[4ec]">finsh_compile</a><BR>
 <LI><a href="#[54a]">proc_expr</a>&nbsp;&nbsp;&nbsp;&rArr;&nbsp;&nbsp;&nbsp;<a href="#[545]">proc_assign_expr</a><BR>
 <LI><a href="#[54c]">proc_postfix_expr</a>&nbsp;&nbsp;&nbsp;&rArr;&nbsp;&nbsp;&nbsp;<a href="#[545]">proc_assign_expr</a><BR>
 <LI><a href="#[549]">proc_unary_expr</a>&nbsp;&nbsp;&nbsp;&rArr;&nbsp;&nbsp;&nbsp;<a href="#[547]">proc_cast_expr</a><BR>
 <LI><a href="#[547]">proc_cast_expr</a>&nbsp;&nbsp;&nbsp;&rArr;&nbsp;&nbsp;&nbsp;<a href="#[547]">proc_cast_expr</a><BR>
 <LI><a href="#[545]">proc_assign_expr</a>&nbsp;&nbsp;&nbsp;&rArr;&nbsp;&nbsp;&nbsp;<a href="#[545]">proc_assign_expr</a><BR>
 <LI><a href="#[159]">rt_thread_timer_entry</a>&nbsp;&nbsp;&nbsp;&rArr;&nbsp;&nbsp;&nbsp;<a href="#[159]">rt_thread_timer_entry</a><BR>
</UL>
<P>
<H3>
Function Pointers
</H3><UL>
 <LI><a href="#[d1]">ADC_IRQHandler</a> from startup_stm32f2xx.o(.text) referenced from startup_stm32f2xx.o(RESET)
 <LI><a href="#[19c]">AT</a> from device_gsm.o(i.AT) referenced from device_gsm.o(FSymTab)
 <LI><a href="#[120]">App808_thread_entry</a> from app_808.o(i.App808_thread_entry) referenced from app_808.o(i.Protocol_app_init)
 <LI><a href="#[b9]">BusFault_Handler</a> from stm32f4xx_it.o(i.BusFault_Handler) referenced from startup_stm32f2xx.o(RESET)
 <LI><a href="#[d3]">CAN1_RX0_IRQHandler</a> from stm32f4xx_it.o(i.CAN1_RX0_IRQHandler) referenced from startup_stm32f2xx.o(RESET)
 <LI><a href="#[d4]">CAN1_RX1_IRQHandler</a> from startup_stm32f2xx.o(.text) referenced from startup_stm32f2xx.o(RESET)
 <LI><a href="#[d5]">CAN1_SCE_IRQHandler</a> from startup_stm32f2xx.o(.text) referenced from startup_stm32f2xx.o(RESET)
 <LI><a href="#[d2]">CAN1_TX_IRQHandler</a> from startup_stm32f2xx.o(.text) referenced from startup_stm32f2xx.o(RESET)
 <LI><a href="#[ff]">CAN2_RX0_IRQHandler</a> from startup_stm32f2xx.o(.text) referenced from startup_stm32f2xx.o(RESET)
 <LI><a href="#[100]">CAN2_RX1_IRQHandler</a> from startup_stm32f2xx.o(.text) referenced from startup_stm32f2xx.o(RESET)
 <LI><a href="#[101]">CAN2_SCE_IRQHandler</a> from startup_stm32f2xx.o(.text) referenced from startup_stm32f2xx.o(RESET)
 <LI><a href="#[fe]">CAN2_TX_IRQHandler</a> from startup_stm32f2xx.o(.text) referenced from startup_stm32f2xx.o(RESET)
 <LI><a href="#[10e]">CRYP_IRQHandler</a> from startup_stm32f2xx.o(.text) referenced from startup_stm32f2xx.o(RESET)
 <LI><a href="#[10d]">DCMI_IRQHandler</a> from startup_stm32f2xx.o(.text) referenced from startup_stm32f2xx.o(RESET)
 <LI><a href="#[ca]">DMA1_Stream0_IRQHandler</a> from startup_stm32f2xx.o(.text) referenced from startup_stm32f2xx.o(RESET)
 <LI><a href="#[cb]">DMA1_Stream1_IRQHandler</a> from startup_stm32f2xx.o(.text) referenced from startup_stm32f2xx.o(RESET)
 <LI><a href="#[cc]">DMA1_Stream2_IRQHandler</a> from startup_stm32f2xx.o(.text) referenced from startup_stm32f2xx.o(RESET)
 <LI><a href="#[cd]">DMA1_Stream3_IRQHandler</a> from startup_stm32f2xx.o(.text) referenced from startup_stm32f2xx.o(RESET)
 <LI><a href="#[ce]">DMA1_Stream4_IRQHandler</a> from startup_stm32f2xx.o(.text) referenced from startup_stm32f2xx.o(RESET)
 <LI><a href="#[cf]">DMA1_Stream5_IRQHandler</a> from startup_stm32f2xx.o(.text) referenced from startup_stm32f2xx.o(RESET)
 <LI><a href="#[d0]">DMA1_Stream6_IRQHandler</a> from startup_stm32f2xx.o(.text) referenced from startup_stm32f2xx.o(RESET)
 <LI><a href="#[ee]">DMA1_Stream7_IRQHandler</a> from startup_stm32f2xx.o(.text) referenced from startup_stm32f2xx.o(RESET)
 <LI><a href="#[f7]">DMA2_Stream0_IRQHandler</a> from startup_stm32f2xx.o(.text) referenced from startup_stm32f2xx.o(RESET)
 <LI><a href="#[f8]">DMA2_Stream1_IRQHandler</a> from startup_stm32f2xx.o(.text) referenced from startup_stm32f2xx.o(RESET)
 <LI><a href="#[f9]">DMA2_Stream2_IRQHandler</a> from startup_stm32f2xx.o(.text) referenced from startup_stm32f2xx.o(RESET)
 <LI><a href="#[fa]">DMA2_Stream3_IRQHandler</a> from startup_stm32f2xx.o(.text) referenced from startup_stm32f2xx.o(RESET)
 <LI><a href="#[fb]">DMA2_Stream4_IRQHandler</a> from startup_stm32f2xx.o(.text) referenced from startup_stm32f2xx.o(RESET)
 <LI><a href="#[103]">DMA2_Stream5_IRQHandler</a> from startup_stm32f2xx.o(.text) referenced from startup_stm32f2xx.o(RESET)
 <LI><a href="#[104]">DMA2_Stream6_IRQHandler</a> from startup_stm32f2xx.o(.text) referenced from startup_stm32f2xx.o(RESET)
 <LI><a href="#[105]">DMA2_Stream7_IRQHandler</a> from startup_stm32f2xx.o(.text) referenced from startup_stm32f2xx.o(RESET)
 <LI><a href="#[8]">Date_pro</a> from protocol_808.o(i.Date_pro) referenced 2 times from protocol_808.o(.data)
 <LI><a href="#[bc]">DebugMon_Handler</a> from stm32f4xx_it.o(i.DebugMon_Handler) referenced from startup_stm32f2xx.o(RESET)
 <LI><a href="#[129]">Device_485_close</a> from device_485.o(i.Device_485_close) referenced from device_485.o(i._485_startup)
 <LI><a href="#[12c]">Device_485_control</a> from device_485.o(i.Device_485_control) referenced from device_485.o(i._485_startup)
 <LI><a href="#[127]">Device_485_init</a> from device_485.o(i.Device_485_init) referenced from device_485.o(i._485_startup)
 <LI><a href="#[128]">Device_485_open</a> from device_485.o(i.Device_485_open) referenced from device_485.o(i._485_startup)
 <LI><a href="#[12a]">Device_485_read</a> from device_485.o(i.Device_485_read) referenced from device_485.o(i._485_startup)
 <LI><a href="#[12b]">Device_485_write</a> from device_485.o(i.Device_485_write) referenced from device_485.o(i._485_startup)
 <LI><a href="#[119]">Device_CAN2_close</a> from device_can2.o(i.Device_CAN2_close) referenced from device_can2.o(i.Device_CAN2_regist)
 <LI><a href="#[11c]">Device_CAN2_control</a> from device_can2.o(i.Device_CAN2_control) referenced from device_can2.o(i.Device_CAN2_regist)
 <LI><a href="#[117]">Device_CAN2_init</a> from device_can2.o(i.Device_CAN2_init) referenced from device_can2.o(i.Device_CAN2_regist)
 <LI><a href="#[118]">Device_CAN2_open</a> from device_can2.o(i.Device_CAN2_open) referenced from device_can2.o(i.Device_CAN2_regist)
 <LI><a href="#[11a]">Device_CAN2_read</a> from device_can2.o(i.Device_CAN2_read) referenced from device_can2.o(i.Device_CAN2_regist)
 <LI><a href="#[11b]">Device_CAN2_write</a> from device_can2.o(i.Device_CAN2_write) referenced from device_can2.o(i.Device_CAN2_regist)
 <LI><a href="#[133]">Device_GSM_close</a> from app_gsm.o(i.Device_GSM_close) referenced from app_gsm.o(i._gsm_startup)
 <LI><a href="#[136]">Device_GSM_control</a> from app_gsm.o(i.Device_GSM_control) referenced from app_gsm.o(i._gsm_startup)
 <LI><a href="#[131]">Device_GSM_init</a> from app_gsm.o(i.Device_GSM_init) referenced from app_gsm.o(i._gsm_startup)
 <LI><a href="#[132]">Device_GSM_open</a> from app_gsm.o(i.Device_GSM_open) referenced from app_gsm.o(i._gsm_startup)
 <LI><a href="#[134]">Device_GSM_read</a> from app_gsm.o(i.Device_GSM_read) referenced from app_gsm.o(i._gsm_startup)
 <LI><a href="#[135]">Device_GSM_write</a> from app_gsm.o(i.Device_GSM_write) referenced from app_gsm.o(i._gsm_startup)
 <LI><a href="#[7]">Direction_pro</a> from protocol_808.o(i.Direction_pro) referenced 2 times from protocol_808.o(.data)
 <LI><a href="#[fc]">ETH_IRQHandler</a> from startup_stm32f2xx.o(.text) referenced from startup_stm32f2xx.o(RESET)
 <LI><a href="#[fd]">ETH_WKUP_IRQHandler</a> from startup_stm32f2xx.o(.text) referenced from startup_stm32f2xx.o(RESET)
 <LI><a href="#[c5]">EXTI0_IRQHandler</a> from startup_stm32f2xx.o(.text) referenced from startup_stm32f2xx.o(RESET)
 <LI><a href="#[e7]">EXTI15_10_IRQHandler</a> from startup_stm32f2xx.o(.text) referenced from startup_stm32f2xx.o(RESET)
 <LI><a href="#[c6]">EXTI1_IRQHandler</a> from startup_stm32f2xx.o(.text) referenced from startup_stm32f2xx.o(RESET)
 <LI><a href="#[c7]">EXTI2_IRQHandler</a> from startup_stm32f2xx.o(.text) referenced from startup_stm32f2xx.o(RESET)
 <LI><a href="#[c8]">EXTI3_IRQHandler</a> from startup_stm32f2xx.o(.text) referenced from startup_stm32f2xx.o(RESET)
 <LI><a href="#[c9]">EXTI4_IRQHandler</a> from startup_stm32f2xx.o(.text) referenced from startup_stm32f2xx.o(RESET)
 <LI><a href="#[d6]">EXTI9_5_IRQHandler</a> from mma8451.o(i.EXTI9_5_IRQHandler) referenced from startup_stm32f2xx.o(RESET)
 <LI><a href="#[c3]">FLASH_IRQHandler</a> from startup_stm32f2xx.o(.text) referenced from startup_stm32f2xx.o(RESET)
 <LI><a href="#[ef]">FSMC_IRQHandler</a> from startup_stm32f2xx.o(.text) referenced from startup_stm32f2xx.o(RESET)
 <LI><a href="#[10f]">HASH_RNG_IRQHandler</a> from startup_stm32f2xx.o(.text) referenced from startup_stm32f2xx.o(RESET)
 <LI><a href="#[11e]">HMI_thread_entry</a> from app_hmi.o(i.HMI_thread_entry) referenced from app_hmi.o(i.HMI_app_init)
 <LI><a href="#[b7]">HardFault_Handler</a> from context_rvds.o(.text) referenced from startup_stm32f2xx.o(RESET)
 <LI><a href="#[df]">I2C1_ER_IRQHandler</a> from startup_stm32f2xx.o(.text) referenced from startup_stm32f2xx.o(RESET)
 <LI><a href="#[de]">I2C1_EV_IRQHandler</a> from startup_stm32f2xx.o(.text) referenced from startup_stm32f2xx.o(RESET)
 <LI><a href="#[e1]">I2C2_ER_IRQHandler</a> from startup_stm32f2xx.o(.text) referenced from startup_stm32f2xx.o(RESET)
 <LI><a href="#[e0]">I2C2_EV_IRQHandler</a> from startup_stm32f2xx.o(.text) referenced from startup_stm32f2xx.o(RESET)
 <LI><a href="#[108]">I2C3_ER_IRQHandler</a> from startup_stm32f2xx.o(.text) referenced from startup_stm32f2xx.o(RESET)
 <LI><a href="#[107]">I2C3_EV_IRQHandler</a> from startup_stm32f2xx.o(.text) referenced from startup_stm32f2xx.o(RESET)
 <LI><a href="#[3]">Lat_NS_pro</a> from protocol_808.o(i.Lat_NS_pro) referenced 2 times from protocol_808.o(.data)
 <LI><a href="#[2]">Latitude_pro</a> from protocol_808.o(i.Latitude_pro) referenced 2 times from protocol_808.o(.data)
 <LI><a href="#[5]">Long_WE_pro</a> from protocol_808.o(i.Long_WE_pro) referenced 2 times from protocol_808.o(.data)
 <LI><a href="#[4]">Longitude_pro</a> from protocol_808.o(i.Longitude_pro) referenced 2 times from protocol_808.o(.data)
 <LI><a href="#[b8]">MemManage_Handler</a> from stm32f4xx_it.o(i.MemManage_Handler) referenced from startup_stm32f2xx.o(RESET)
 <LI><a href="#[b6]">NMI_Handler</a> from stm32f4xx_it.o(i.NMI_Handler) referenced from startup_stm32f2xx.o(RESET)
 <LI><a href="#[15d]">OP_add_byte</a> from finsh_ops.o(i.OP_add_byte) referenced from finsh_ops.o(.constdata)
 <LI><a href="#[15f]">OP_add_dword</a> from finsh_ops.o(i.OP_add_dword) referenced from finsh_ops.o(.constdata)
 <LI><a href="#[15e]">OP_add_word</a> from finsh_ops.o(i.OP_add_word) referenced from finsh_ops.o(.constdata)
 <LI><a href="#[16c]">OP_and_byte</a> from finsh_ops.o(i.OP_and_byte) referenced from finsh_ops.o(.constdata)
 <LI><a href="#[16e]">OP_and_dword</a> from finsh_ops.o(i.OP_and_dword) referenced from finsh_ops.o(.constdata)
 <LI><a href="#[16d]">OP_and_word</a> from finsh_ops.o(i.OP_and_word) referenced from finsh_ops.o(.constdata)
 <LI><a href="#[175]">OP_bw_byte</a> from finsh_ops.o(i.OP_bw_byte) referenced from finsh_ops.o(.constdata)
 <LI><a href="#[177]">OP_bw_dword</a> from finsh_ops.o(i.OP_bw_dword) referenced from finsh_ops.o(.constdata)
 <LI><a href="#[176]">OP_bw_word</a> from finsh_ops.o(i.OP_bw_word) referenced from finsh_ops.o(.constdata)
 <LI><a href="#[188]">OP_call</a> from finsh_ops.o(i.OP_call) referenced from finsh_ops.o(.constdata)
 <LI><a href="#[163]">OP_div_byte</a> from finsh_ops.o(i.OP_div_byte) referenced from finsh_ops.o(.constdata)
 <LI><a href="#[165]">OP_div_dword</a> from finsh_ops.o(i.OP_div_dword) referenced from finsh_ops.o(.constdata)
 <LI><a href="#[164]">OP_div_word</a> from finsh_ops.o(i.OP_div_word) referenced from finsh_ops.o(.constdata)
 <LI><a href="#[17e]">OP_ld_byte</a> from finsh_ops.o(i.OP_ld_byte) referenced from finsh_ops.o(.constdata)
 <LI><a href="#[180]">OP_ld_dword</a> from finsh_ops.o(i.OP_ld_dword) referenced from finsh_ops.o(.constdata)
 <LI><a href="#[181]">OP_ld_value_byte</a> from finsh_ops.o(i.OP_ld_value_byte) referenced from finsh_ops.o(.constdata)
 <LI><a href="#[189]">OP_ld_value_byte_stack</a> from finsh_ops.o(i.OP_ld_value_byte_stack) referenced from finsh_ops.o(.constdata)
 <LI><a href="#[183]">OP_ld_value_dword</a> from finsh_ops.o(i.OP_ld_value_dword) referenced from finsh_ops.o(.constdata)
 <LI><a href="#[18b]">OP_ld_value_dword_stack</a> from finsh_ops.o(i.OP_ld_value_dword_stack) referenced from finsh_ops.o(.constdata)
 <LI><a href="#[182]">OP_ld_value_word</a> from finsh_ops.o(i.OP_ld_value_word) referenced from finsh_ops.o(.constdata)
 <LI><a href="#[18a]">OP_ld_value_word_stack</a> from finsh_ops.o(i.OP_ld_value_word_stack) referenced from finsh_ops.o(.constdata)
 <LI><a href="#[17f]">OP_ld_word</a> from finsh_ops.o(i.OP_ld_word) referenced from finsh_ops.o(.constdata)
 <LI><a href="#[166]">OP_mod_byte</a> from finsh_ops.o(i.OP_mod_byte) referenced from finsh_ops.o(.constdata)
 <LI><a href="#[168]">OP_mod_dword</a> from finsh_ops.o(i.OP_mod_dword) referenced from finsh_ops.o(.constdata)
 <LI><a href="#[167]">OP_mod_word</a> from finsh_ops.o(i.OP_mod_word) referenced from finsh_ops.o(.constdata)
 <LI><a href="#[169]">OP_mul_byte</a> from finsh_ops.o(i.OP_mul_byte) referenced from finsh_ops.o(.constdata)
 <LI><a href="#[16b]">OP_mul_dword</a> from finsh_ops.o(i.OP_mul_dword) referenced from finsh_ops.o(.constdata)
 <LI><a href="#[16a]">OP_mul_word</a> from finsh_ops.o(i.OP_mul_word) referenced from finsh_ops.o(.constdata)
 <LI><a href="#[15c]">OP_no_op</a> from finsh_ops.o(i.OP_no_op) referenced from finsh_ops.o(.constdata)
 <LI><a href="#[16f]">OP_or_byte</a> from finsh_ops.o(i.OP_or_byte) referenced from finsh_ops.o(.constdata)
 <LI><a href="#[171]">OP_or_dword</a> from finsh_ops.o(i.OP_or_dword) referenced from finsh_ops.o(.constdata)
 <LI><a href="#[170]">OP_or_word</a> from finsh_ops.o(i.OP_or_word) referenced from finsh_ops.o(.constdata)
 <LI><a href="#[187]">OP_pop</a> from finsh_ops.o(i.OP_pop) referenced from finsh_ops.o(.constdata)
 <LI><a href="#[178]">OP_shl_byte</a> from finsh_ops.o(i.OP_shl_byte) referenced from finsh_ops.o(.constdata)
 <LI><a href="#[17a]">OP_shl_dword</a> from finsh_ops.o(i.OP_shl_dword) referenced from finsh_ops.o(.constdata)
 <LI><a href="#[179]">OP_shl_word</a> from finsh_ops.o(i.OP_shl_word) referenced from finsh_ops.o(.constdata)
 <LI><a href="#[17b]">OP_shr_byte</a> from finsh_ops.o(i.OP_shr_byte) referenced from finsh_ops.o(.constdata)
 <LI><a href="#[17d]">OP_shr_dword</a> from finsh_ops.o(i.OP_shr_dword) referenced from finsh_ops.o(.constdata)
 <LI><a href="#[17c]">OP_shr_word</a> from finsh_ops.o(i.OP_shr_word) referenced from finsh_ops.o(.constdata)
 <LI><a href="#[184]">OP_st_byte</a> from finsh_ops.o(i.OP_st_byte) referenced from finsh_ops.o(.constdata)
 <LI><a href="#[186]">OP_st_dword</a> from finsh_ops.o(i.OP_st_dword) referenced from finsh_ops.o(.constdata)
 <LI><a href="#[185]">OP_st_word</a> from finsh_ops.o(i.OP_st_word) referenced from finsh_ops.o(.constdata)
 <LI><a href="#[160]">OP_sub_byte</a> from finsh_ops.o(i.OP_sub_byte) referenced from finsh_ops.o(.constdata)
 <LI><a href="#[162]">OP_sub_dword</a> from finsh_ops.o(i.OP_sub_dword) referenced from finsh_ops.o(.constdata)
 <LI><a href="#[161]">OP_sub_word</a> from finsh_ops.o(i.OP_sub_word) referenced from finsh_ops.o(.constdata)
 <LI><a href="#[172]">OP_xor_byte</a> from finsh_ops.o(i.OP_xor_byte) referenced from finsh_ops.o(.constdata)
 <LI><a href="#[174]">OP_xor_dword</a> from finsh_ops.o(i.OP_xor_dword) referenced from finsh_ops.o(.constdata)
 <LI><a href="#[173]">OP_xor_word</a> from finsh_ops.o(i.OP_xor_word) referenced from finsh_ops.o(.constdata)
 <LI><a href="#[102]">OTG_FS_IRQHandler</a> from usb_bsp.o(i.OTG_FS_IRQHandler) referenced from startup_stm32f2xx.o(RESET)
 <LI><a href="#[e9]">OTG_FS_WKUP_IRQHandler</a> from startup_stm32f2xx.o(.text) referenced from startup_stm32f2xx.o(RESET)
 <LI><a href="#[10a]">OTG_HS_EP1_IN_IRQHandler</a> from startup_stm32f2xx.o(.text) referenced from startup_stm32f2xx.o(RESET)
 <LI><a href="#[109]">OTG_HS_EP1_OUT_IRQHandler</a> from startup_stm32f2xx.o(.text) referenced from startup_stm32f2xx.o(RESET)
 <LI><a href="#[10c]">OTG_HS_IRQHandler</a> from startup_stm32f2xx.o(.text) referenced from startup_stm32f2xx.o(RESET)
 <LI><a href="#[10b]">OTG_HS_WKUP_IRQHandler</a> from startup_stm32f2xx.o(.text) referenced from startup_stm32f2xx.o(RESET)
 <LI><a href="#[c0]">PVD_IRQHandler</a> from startup_stm32f2xx.o(.text) referenced from startup_stm32f2xx.o(RESET)
 <LI><a href="#[bd]">PendSV_Handler</a> from context_rvds.o(.text) referenced from startup_stm32f2xx.o(RESET)
 <LI><a href="#[c4]">RCC_IRQHandler</a> from startup_stm32f2xx.o(.text) referenced from startup_stm32f2xx.o(RESET)
 <LI><a href="#[e8]">RTC_Alarm_IRQHandler</a> from startup_stm32f2xx.o(.text) referenced from startup_stm32f2xx.o(RESET)
 <LI><a href="#[c2]">RTC_WKUP_IRQHandler</a> from startup_stm32f2xx.o(.text) referenced from startup_stm32f2xx.o(RESET)
 <LI><a href="#[b5]">Reset_Handler</a> from startup_stm32f2xx.o(.text) referenced from startup_stm32f2xx.o(RESET)
 <LI><a href="#[f0]">SDIO_IRQHandler</a> from startup_stm32f2xx.o(.text) referenced from startup_stm32f2xx.o(RESET)
 <LI><a href="#[e2]">SPI1_IRQHandler</a> from startup_stm32f2xx.o(.text) referenced from startup_stm32f2xx.o(RESET)
 <LI><a href="#[e3]">SPI2_IRQHandler</a> from startup_stm32f2xx.o(.text) referenced from startup_stm32f2xx.o(RESET)
 <LI><a href="#[f2]">SPI3_IRQHandler</a> from startup_stm32f2xx.o(.text) referenced from startup_stm32f2xx.o(RESET)
 <LI><a href="#[bb]">SVC_Handler</a> from stm32f4xx_it.o(i.SVC_Handler) referenced from startup_stm32f2xx.o(RESET)
 <LI><a href="#[1a0]">Socket_main_Set</a> from device_808.o(i.Socket_main_Set) referenced from device_808.o(FSymTab)
 <LI><a href="#[6]">Speed_pro</a> from protocol_808.o(i.Speed_pro) referenced 2 times from protocol_808.o(.data)
 <LI><a href="#[1]">Status_pro</a> from protocol_808.o(i.Status_pro) referenced 2 times from protocol_808.o(.data)
 <LI><a href="#[be]">SysTick_Handler</a> from board.o(i.SysTick_Handler) referenced from startup_stm32f2xx.o(RESET)
 <LI><a href="#[111]">SystemInit</a> from system_stm32f2xx.o(i.SystemInit) referenced from startup_stm32f2xx.o(.text)
 <LI><a href="#[c1]">TAMP_STAMP_IRQHandler</a> from startup_stm32f2xx.o(.text) referenced from startup_stm32f2xx.o(RESET)
 <LI><a href="#[d7]">TIM1_BRK_TIM9_IRQHandler</a> from startup_stm32f2xx.o(.text) referenced from startup_stm32f2xx.o(RESET)
 <LI><a href="#[da]">TIM1_CC_IRQHandler</a> from startup_stm32f2xx.o(.text) referenced from startup_stm32f2xx.o(RESET)
 <LI><a href="#[d9]">TIM1_TRG_COM_TIM11_IRQHandler</a> from startup_stm32f2xx.o(.text) referenced from startup_stm32f2xx.o(RESET)
 <LI><a href="#[d8]">TIM1_UP_TIM10_IRQHandler</a> from startup_stm32f2xx.o(.text) referenced from startup_stm32f2xx.o(RESET)
 <LI><a href="#[db]">TIM2_IRQHandler</a> from startup_stm32f2xx.o(.text) referenced from startup_stm32f2xx.o(RESET)
 <LI><a href="#[dc]">TIM3_IRQHandler</a> from device_808.o(i.TIM3_IRQHandler) referenced from startup_stm32f2xx.o(RESET)
 <LI><a href="#[dd]">TIM4_IRQHandler</a> from startup_stm32f2xx.o(.text) referenced from startup_stm32f2xx.o(RESET)
 <LI><a href="#[f1]">TIM5_IRQHandler</a> from device_808.o(i.TIM5_IRQHandler) referenced from startup_stm32f2xx.o(RESET)
 <LI><a href="#[f5]">TIM6_DAC_IRQHandler</a> from startup_stm32f2xx.o(.text) referenced from startup_stm32f2xx.o(RESET)
 <LI><a href="#[f6]">TIM7_IRQHandler</a> from startup_stm32f2xx.o(.text) referenced from startup_stm32f2xx.o(RESET)
 <LI><a href="#[ea]">TIM8_BRK_TIM12_IRQHandler</a> from startup_stm32f2xx.o(.text) referenced from startup_stm32f2xx.o(RESET)
 <LI><a href="#[ed]">TIM8_CC_IRQHandler</a> from startup_stm32f2xx.o(.text) referenced from startup_stm32f2xx.o(RESET)
 <LI><a href="#[ec]">TIM8_TRG_COM_TIM14_IRQHandler</a> from startup_stm32f2xx.o(.text) referenced from startup_stm32f2xx.o(RESET)
 <LI><a href="#[eb]">TIM8_UP_TIM13_IRQHandler</a> from startup_stm32f2xx.o(.text) referenced from startup_stm32f2xx.o(RESET)
 <LI><a href="#[19b]">TTS_play</a> from device_gsm.o(i.TTS_play) referenced from device_gsm.o(FSymTab)
 <LI><a href="#[0]">Time_pro</a> from protocol_808.o(i.Time_pro) referenced 2 times from protocol_808.o(.data)
 <LI><a href="#[f3]">UART4_IRQHandler</a> from stm32f4xx_it.o(i.UART4_IRQHandler) referenced from startup_stm32f2xx.o(RESET)
 <LI><a href="#[f4]">UART5_IRQHandler</a> from gps.o(i.UART5_IRQHandler) referenced from startup_stm32f2xx.o(RESET)
 <LI><a href="#[e4]">USART1_IRQHandler</a> from vuart.o(i.USART1_IRQHandler) referenced from startup_stm32f2xx.o(RESET)
 <LI><a href="#[e5]">USART2_IRQHandler</a> from stm32f4xx_it.o(i.USART2_IRQHandler) referenced from startup_stm32f2xx.o(RESET)
 <LI><a href="#[e6]">USART3_IRQHandler</a> from stm32f4xx_it.o(i.USART3_IRQHandler) referenced from startup_stm32f2xx.o(RESET)
 <LI><a href="#[106]">USART6_IRQHandler</a> from startup_stm32f2xx.o(.text) referenced from startup_stm32f2xx.o(RESET)
 <LI><a href="#[1c]">USBH_Connected</a> from usbh_core.o(i.USBH_Connected) referenced 2 times from usbh_core.o(.data)
 <LI><a href="#[1d]">USBH_Disconnected</a> from usbh_core.o(i.USBH_Disconnected) referenced 2 times from usbh_core.o(.data)
 <LI><a href="#[20]">USBH_MSC_ClassRequest</a> from usbh_msc_core.o(i.USBH_MSC_ClassRequest) referenced 2 times from usbh_msc_core.o(.data)
 <LI><a href="#[21]">USBH_MSC_Handle</a> from usbh_msc_core.o(i.USBH_MSC_Handle) referenced 2 times from usbh_msc_core.o(.data)
 <LI><a href="#[1f]">USBH_MSC_InterfaceDeInit</a> from usbh_msc_core.o(i.USBH_MSC_InterfaceDeInit) referenced 2 times from usbh_msc_core.o(.data)
 <LI><a href="#[1e]">USBH_MSC_InterfaceInit</a> from usbh_msc_core.o(i.USBH_MSC_InterfaceInit) referenced 2 times from usbh_msc_core.o(.data)
 <LI><a href="#[1b]">USBH_SOF</a> from usbh_core.o(i.USBH_SOF) referenced 2 times from usbh_core.o(.data)
 <LI><a href="#[12]">USBH_USR_Configuration_DescAvailable</a> from usbh_usr.o(i.USBH_USR_Configuration_DescAvailable) referenced 2 times from usbh_usr.o(.data)
 <LI><a href="#[a]">USBH_USR_DeInit</a> from usbh_usr.o(i.USBH_USR_DeInit) referenced 2 times from usbh_usr.o(.data)
 <LI><a href="#[11]">USBH_USR_DeviceAddressAssigned</a> from usbh_usr.o(i.USBH_USR_DeviceAddressAssigned) referenced 2 times from usbh_usr.o(.data)
 <LI><a href="#[b]">USBH_USR_DeviceAttached</a> from usbh_usr.o(i.USBH_USR_DeviceAttached) referenced 2 times from usbh_usr.o(.data)
 <LI><a href="#[d]">USBH_USR_DeviceDisconnected</a> from usbh_usr.o(i.USBH_USR_DeviceDisconnected) referenced 2 times from usbh_usr.o(.data)
 <LI><a href="#[19]">USBH_USR_DeviceNotSupported</a> from usbh_usr.o(i.USBH_USR_DeviceNotSupported) referenced 2 times from usbh_usr.o(.data)
 <LI><a href="#[f]">USBH_USR_DeviceSpeedDetected</a> from usbh_usr.o(i.USBH_USR_DeviceSpeedDetected) referenced 2 times from usbh_usr.o(.data)
 <LI><a href="#[10]">USBH_USR_Device_DescAvailable</a> from usbh_usr.o(i.USBH_USR_Device_DescAvailable) referenced 2 times from usbh_usr.o(.data)
 <LI><a href="#[16]">USBH_USR_EnumerationDone</a> from usbh_usr.o(i.USBH_USR_EnumerationDone) referenced 2 times from usbh_usr.o(.data)
 <LI><a href="#[9]">USBH_USR_Init</a> from usbh_usr.o(i.USBH_USR_Init) referenced 2 times from usbh_usr.o(.data)
 <LI><a href="#[18]">USBH_USR_MSC_Application</a> from usbh_usr.o(i.USBH_USR_MSC_Application) referenced 2 times from usbh_usr.o(.data)
 <LI><a href="#[13]">USBH_USR_Manufacturer_String</a> from usbh_usr.o(i.USBH_USR_Manufacturer_String) referenced 2 times from usbh_usr.o(.data)
 <LI><a href="#[e]">USBH_USR_OverCurrentDetected</a> from usbh_usr.o(i.USBH_USR_OverCurrentDetected) referenced 2 times from usbh_usr.o(.data)
 <LI><a href="#[14]">USBH_USR_Product_String</a> from usbh_usr.o(i.USBH_USR_Product_String) referenced 2 times from usbh_usr.o(.data)
 <LI><a href="#[c]">USBH_USR_ResetDevice</a> from usbh_usr.o(i.USBH_USR_ResetDevice) referenced 2 times from usbh_usr.o(.data)
 <LI><a href="#[15]">USBH_USR_SerialNum_String</a> from usbh_usr.o(i.USBH_USR_SerialNum_String) referenced 2 times from usbh_usr.o(.data)
 <LI><a href="#[1a]">USBH_USR_UnrecoveredError</a> from usbh_usr.o(i.USBH_USR_UnrecoveredError) referenced 2 times from usbh_usr.o(.data)
 <LI><a href="#[17]">USBH_USR_UserInput</a> from usbh_usr.o(i.USBH_USR_UserInput) referenced 2 times from usbh_usr.o(.data)
 <LI><a href="#[ba]">UsageFault_Handler</a> from stm32f4xx_it.o(i.UsageFault_Handler) referenced from startup_stm32f2xx.o(RESET)
 <LI><a href="#[bf]">WWDG_IRQHandler</a> from stm32f4xx_it.o(i.WWDG_IRQHandler) referenced from startup_stm32f2xx.o(RESET)
 <LI><a href="#[112]">__main</a> from entry.o(.ARM.Collect$$$$00000000) referenced from startup_stm32f2xx.o(.text)
 <LI><a href="#[114]">_sbackspace</a> from _sgetc.o(.text) referenced 2 times from __0sscanf.o(.text)
 <LI><a href="#[115]">_scanf_char_input</a> from scanf_char.o(.text) referenced from scanf_char.o(.text)
 <LI><a href="#[113]">_sgetc</a> from _sgetc.o(.text) referenced 2 times from __0sscanf.o(.text)
 <LI><a href="#[12d]">_sputc</a> from printfa.o(i._sputc) referenced from printfa.o(i.__0sprintf)
 <LI><a href="#[12e]">_sputc</a> from printf8.o(i._sputc) referenced from printf8.o(i.__0sprintf$8)
 <LI><a href="#[1a2]">adjust_ok</a> from protocol_808.o(i.adjust_ok) referenced from protocol_808.o(FSymTab)
 <LI><a href="#[1a4]">chepai</a> from protocol_808.o(i.chepai) referenced from protocol_808.o(FSymTab)
 <LI><a href="#[13e]">dev_gps_close</a> from gps.o(i.dev_gps_close) referenced from gps.o(i.gps_init)
 <LI><a href="#[141]">dev_gps_control</a> from gps.o(i.dev_gps_control) referenced from gps.o(i.gps_init)
 <LI><a href="#[13c]">dev_gps_init</a> from gps.o(i.dev_gps_init) referenced from gps.o(i.gps_init)
 <LI><a href="#[13d]">dev_gps_open</a> from gps.o(i.dev_gps_open) referenced from gps.o(i.gps_init)
 <LI><a href="#[13f]">dev_gps_read</a> from gps.o(i.dev_gps_read) referenced from gps.o(i.gps_init)
 <LI><a href="#[140]">dev_gps_write</a> from gps.o(i.dev_gps_write) referenced from gps.o(i.gps_init)
 <LI><a href="#[155]">dev_vuart_close</a> from vuart.o(i.dev_vuart_close) referenced from vuart.o(i.rt_hw_usart_init)
 <LI><a href="#[158]">dev_vuart_control</a> from vuart.o(i.dev_vuart_control) referenced from vuart.o(i.rt_hw_usart_init)
 <LI><a href="#[153]">dev_vuart_init</a> from vuart.o(i.dev_vuart_init) referenced from vuart.o(i.rt_hw_usart_init)
 <LI><a href="#[154]">dev_vuart_open</a> from vuart.o(i.dev_vuart_open) referenced from vuart.o(i.rt_hw_usart_init)
 <LI><a href="#[156]">dev_vuart_read</a> from vuart.o(i.dev_vuart_read) referenced from vuart.o(i.rt_hw_usart_init)
 <LI><a href="#[157]">dev_vuart_write</a> from vuart.o(i.dev_vuart_write) referenced from vuart.o(i.rt_hw_usart_init)
 <LI><a href="#[1ad]">deviceid</a> from sys_config.o(i.deviceid) referenced from sys_config.o(FSymTab)
 <LI><a href="#[19f]">dispdata</a> from device_808.o(i.dispdata) referenced from device_808.o(FSymTab)
 <LI><a href="#[1a7]">dnsr_main</a> from protocol_808.o(i.dnsr_main) referenced from protocol_808.o(FSymTab)
 <LI><a href="#[1b4]">drv_query</a> from vdr.o(i.drv_query) referenced from vdr.o(FSymTab)
 <LI><a href="#[1a1]">dur</a> from protocol_808.o(i.dur) referenced from protocol_808.o(FSymTab)
 <LI><a href="#[139]">finsh_rx_ind</a> from shell.o(i.finsh_rx_ind) referenced from shell.o(i.finsh_set_device)
 <LI><a href="#[13a]">finsh_thread_entry</a> from shell.o(i.finsh_thread_entry) referenced from shell.o(i.finsh_system_init)
 <LI><a href="#[1af]">gb_usb_out</a> from gb19056.o(i.gb_usb_out) referenced from gb19056.o(FSymTab)
 <LI><a href="#[1b0]">gb_work</a> from gb19056.o(i.gb_work) referenced from gb19056.o(FSymTab)
 <LI><a href="#[199]">gps_mode</a> from gps.o(i.gps_mode) referenced from gps.o(FSymTab)
 <LI><a href="#[198]">gps_onoff</a> from gps.o(i.gps_onoff) referenced from gps.o(FSymTab)
 <LI><a href="#[19a]">gps_raw</a> from gps.o(i.gps_raw) referenced from gps.o(FSymTab)
 <LI><a href="#[130]">gsm_thread_entry</a> from app_gsm.o(i.gsm_thread_entry) referenced from app_gsm.o(i._gsm_startup)
 <LI><a href="#[1ac]">idip</a> from sys_config.o(i.idip) referenced from sys_config.o(FSymTab)
 <LI><a href="#[116]">isspace</a> from isspace_o.o(.text) referenced 2 times from scanf_char.o(.text)
 <LI><a href="#[1b2]">jia_gps</a> from gb19056.o(i.jia_gps) referenced from gb19056.o(FSymTab)
 <LI><a href="#[1b1]">jiaspd</a> from gb19056.o(i.jiaspd) referenced from gb19056.o(FSymTab)
 <LI><a href="#[23]">keypress</a> from menu_0_0_password.o(i.keypress) referenced 74 times from menu_0_0_password.o(.data)
 <LI><a href="#[1a5]">link_mode</a> from protocol_808.o(i.link_mode) referenced from protocol_808.o(FSymTab)
 <LI><a href="#[197]">list</a> from cmd.o(i.list) referenced from cmd.o(FSymTab)
 <LI><a href="#[196]">list_device</a> from cmd.o(i.list_device) referenced from cmd.o(FSymTab)
 <LI><a href="#[190]">list_event</a> from cmd.o(i.list_event) referenced from cmd.o(FSymTab)
 <LI><a href="#[192]">list_mailbox</a> from cmd.o(i.list_mailbox) referenced from cmd.o(FSymTab)
 <LI><a href="#[18c]">list_mem</a> from mem.o(i.list_mem) referenced from mem.o(FSymTab)
 <LI><a href="#[194]">list_mempool</a> from cmd.o(i.list_mempool) referenced from cmd.o(FSymTab)
 <LI><a href="#[193]">list_msgqueue</a> from cmd.o(i.list_msgqueue) referenced from cmd.o(FSymTab)
 <LI><a href="#[191]">list_mutex</a> from cmd.o(i.list_mutex) referenced from cmd.o(FSymTab)
 <LI><a href="#[18f]">list_sem</a> from cmd.o(i.list_sem) referenced from cmd.o(FSymTab)
 <LI><a href="#[18e]">list_thread</a> from cmd.o(i.list_thread) referenced from cmd.o(FSymTab)
 <LI><a href="#[195]">list_timer</a> from cmd.o(i.list_timer) referenced from cmd.o(FSymTab)
 <LI><a href="#[110]">main</a> from startup.o(i.main) referenced from entry9a.o(.ARM.Collect$$$$0000000B)
 <LI><a href="#[144]">mma8451_close</a> from mma8451.o(i.mma8451_close) referenced from mma8451.o(i.mma8451_driver_init)
 <LI><a href="#[147]">mma8451_control</a> from mma8451.o(i.mma8451_control) referenced from mma8451.o(i.mma8451_driver_init)
 <LI><a href="#[142]">mma8451_init</a> from mma8451.o(i.mma8451_init) referenced from mma8451.o(i.mma8451_driver_init)
 <LI><a href="#[143]">mma8451_open</a> from mma8451.o(i.mma8451_open) referenced from mma8451.o(i.mma8451_driver_init)
 <LI><a href="#[145]">mma8451_read</a> from mma8451.o(i.mma8451_read) referenced from mma8451.o(i.mma8451_driver_init)
 <LI><a href="#[146]">mma8451_write</a> from mma8451.o(i.mma8451_write) referenced from mma8451.o(i.mma8451_driver_init)
 <LI><a href="#[123]">msc_close</a> from usbh_usr.o(i.msc_close) referenced from usbh_usr.o(i.USBH_USR_MSC_Application)
 <LI><a href="#[126]">msc_control</a> from usbh_usr.o(i.msc_control) referenced from usbh_usr.o(i.USBH_USR_MSC_Application)
 <LI><a href="#[121]">msc_init</a> from usbh_usr.o(i.msc_init) referenced from usbh_usr.o(i.USBH_USR_MSC_Application)
 <LI><a href="#[122]">msc_open</a> from usbh_usr.o(i.msc_open) referenced from usbh_usr.o(i.USBH_USR_MSC_Application)
 <LI><a href="#[124]">msc_read</a> from usbh_usr.o(i.msc_read) referenced from usbh_usr.o(i.USBH_USR_MSC_Application)
 <LI><a href="#[125]">msc_write</a> from usbh_usr.o(i.msc_write) referenced from usbh_usr.o(i.USBH_USR_MSC_Application)
 <LI><a href="#[25]">msg</a> from menu_0_0_password.o(i.msg) referenced 72 times from menu_0_0_password.o(.data)
 <LI><a href="#[1a8]">password</a> from protocol_808.o(i.password) referenced from protocol_808.o(FSymTab)
 <LI><a href="#[1a6]">port_main</a> from protocol_808.o(i.port_main) referenced from protocol_808.o(FSymTab)
 <LI><a href="#[14b]">printer_close</a> from device_printer.o(i.printer_close) referenced from device_printer.o(i.printer_driver_init)
 <LI><a href="#[14e]">printer_control</a> from device_printer.o(i.printer_control) referenced from device_printer.o(i.printer_driver_init)
 <LI><a href="#[149]">printer_init</a> from device_printer.o(i.printer_init) referenced from device_printer.o(i.printer_driver_init)
 <LI><a href="#[14a]">printer_open</a> from device_printer.o(i.printer_open) referenced from device_printer.o(i.printer_driver_init)
 <LI><a href="#[14c]">printer_read</a> from device_printer.o(i.printer_read) referenced from device_printer.o(i.printer_driver_init)
 <LI><a href="#[14d]">printer_write</a> from device_printer.o(i.printer_write) referenced from device_printer.o(i.printer_driver_init)
 <LI><a href="#[1ab]">product_type</a> from sys_config.o(i.product_type) referenced from sys_config.o(FSymTab)
 <LI><a href="#[1aa]">qwrite_read</a> from protocol_808.o(i.qwrite_read) referenced from protocol_808.o(FSymTab)
 <LI><a href="#[19e]">reset</a> from device_808.o(i.reset) referenced from device_808.o(FSymTab)
 <LI><a href="#[14f]">rt_init_thread_entry</a> from application.o(i.rt_init_thread_entry) referenced from application.o(i.rt_application_init)
 <LI><a href="#[152]">rt_rtc_control</a> from rtc.o(i.rt_rtc_control) referenced from rtc.o(i.rt_hw_rtc_init)
 <LI><a href="#[150]">rt_rtc_open</a> from rtc.o(i.rt_rtc_open) referenced from rtc.o(i.rt_hw_rtc_init)
 <LI><a href="#[151]">rt_rtc_read</a> from rtc.o(i.rt_rtc_read) referenced from rtc.o(i.rt_hw_rtc_init)
 <LI><a href="#[13b]">rt_thread_entry_gps</a> from gps.o(i.rt_thread_entry_gps) referenced from gps.o(i.gps_init)
 <LI><a href="#[15b]">rt_thread_entry_usbmsc</a> from usbh.o(i.rt_thread_entry_usbmsc) referenced from usbh.o(i.usbh_init)
 <LI><a href="#[137]">rt_thread_exit</a> from thread.o(i.rt_thread_exit) referenced from thread.o(i._rt_thread_init)
 <LI><a href="#[15a]">rt_thread_idle_entry</a> from idle.o(i.rt_thread_idle_entry) referenced from idle.o(i.rt_thread_idle_init)
 <LI><a href="#[138]">rt_thread_timeout</a> from thread.o(i.rt_thread_timeout) referenced from thread.o(i._rt_thread_init)
 <LI><a href="#[159]">rt_thread_timer_entry</a> from timer.o(i.rt_thread_timer_entry) referenced from timer.o(i.rt_system_timer_thread_init)
 <LI><a href="#[22]">show</a> from menu_0_0_password.o(i.show) referenced 74 times from menu_0_0_password.o(.data)
 <LI><a href="#[1ae]">simid</a> from sys_config.o(i.simid) referenced from sys_config.o(FSymTab)
 <LI><a href="#[1a3]">spd_type</a> from protocol_808.o(i.spd_type) referenced from protocol_808.o(FSymTab)
 <LI><a href="#[19d]">takephoto</a> from app_485.o(i.takephoto) referenced from app_485.o(FSymTab)
 <LI><a href="#[11d]">thread_GBData_mode</a> from gb19056.o(i.thread_GBData_mode) referenced from gb19056.o(i.GB_Drv_app_init)
 <LI><a href="#[11f]">timeout_app</a> from app_808.o(i.timeout_app) referenced from app_808.o(i.Protocol_app_init)
 <LI><a href="#[12f]">timeout_gsm</a> from app_gsm.o(i.timeout_gsm) referenced from app_gsm.o(i._gsm_startup)
 <LI><a href="#[148]">timer_printer_cb</a> from device_printer.o(i.timer_printer_cb) referenced from device_printer.o(i.printer_driver_init)
 <LI><a href="#[24]">timetick</a> from menu_0_0_password.o(i.timetick) referenced 74 times from menu_0_0_password.o(.data)
 <LI><a href="#[1b3]">vdr_erase</a> from vdr.o(i.vdr_erase) referenced from vdr.o(FSymTab)
 <LI><a href="#[18d]">version</a> from cmd.o(i.version) referenced from cmd.o(FSymTab)
 <LI><a href="#[1a9]">write_read</a> from protocol_808.o(i.write_read) referenced from protocol_808.o(FSymTab)
</UL>
<P>
<H3>
Global Symbols
</H3>
<P><STRONG><a name="[112]"></a>__main</STRONG> (Thumb, 0 bytes, Stack size unknown bytes, entry.o(.ARM.Collect$$$$00000000))
<BR>[Address Reference Count : 1]<UL><LI> startup_stm32f2xx.o(.text)
</UL>
<P><STRONG><a name="[59f]"></a>_main_stk</STRONG> (Thumb, 0 bytes, Stack size unknown bytes, entry2.o(.ARM.Collect$$$$00000001))

<P><STRONG><a name="[1b5]"></a>_main_scatterload</STRONG> (Thumb, 0 bytes, Stack size unknown bytes, entry5.o(.ARM.Collect$$$$00000004))
<BR><BR>[Calls]<UL><LI><a href="#[1b6]">&gt;&gt;</a>&nbsp;&nbsp;&nbsp;__scatterload
</UL>

<P><STRONG><a name="[1dc]"></a>__main_after_scatterload</STRONG> (Thumb, 0 bytes, Stack size unknown bytes, entry5.o(.ARM.Collect$$$$00000004))
<BR><BR>[Called By]<UL><LI><a href="#[1b6]">&gt;&gt;</a>&nbsp;&nbsp;&nbsp;__scatterload
</UL>

<P><STRONG><a name="[5a0]"></a>_main_clock</STRONG> (Thumb, 0 bytes, Stack size unknown bytes, entry7b.o(.ARM.Collect$$$$00000008))

<P><STRONG><a name="[5a1]"></a>_main_cpp_init</STRONG> (Thumb, 0 bytes, Stack size unknown bytes, entry8b.o(.ARM.Collect$$$$0000000A))

<P><STRONG><a name="[5a2]"></a>_main_init</STRONG> (Thumb, 0 bytes, Stack size unknown bytes, entry9a.o(.ARM.Collect$$$$0000000B))

<P><STRONG><a name="[5a3]"></a>__rt_final_cpp</STRONG> (Thumb, 0 bytes, Stack size unknown bytes, entry10a.o(.ARM.Collect$$$$0000000D))

<P><STRONG><a name="[5a4]"></a>__rt_final_exit</STRONG> (Thumb, 0 bytes, Stack size unknown bytes, entry11a.o(.ARM.Collect$$$$0000000F))

<P><STRONG><a name="[4a4]"></a>rt_hw_interrupt_disable</STRONG> (Thumb, 8 bytes, Stack size 0 bytes, context_rvds.o(.text))
<BR><BR>[Called By]<UL><LI><a href="#[3ee]">&gt;&gt;</a>&nbsp;&nbsp;&nbsp;rt_sem_release
<LI><a href="#[33a]">&gt;&gt;</a>&nbsp;&nbsp;&nbsp;rt_interrupt_leave
<LI><a href="#[339]">&gt;&gt;</a>&nbsp;&nbsp;&nbsp;rt_interrupt_enter
<LI><a href="#[33b]">&gt;&gt;</a>&nbsp;&nbsp;&nbsp;rt_mq_send
<LI><a href="#[577]">&gt;&gt;</a>&nbsp;&nbsp;&nbsp;rt_system_heap_init
<LI><a href="#[110]">&gt;&gt;</a>&nbsp;&nbsp;&nbsp;main
<LI><a href="#[3a4]">&gt;&gt;</a>&nbsp;&nbsp;&nbsp;rt_timer_start
<LI><a href="#[566]">&gt;&gt;</a>&nbsp;&nbsp;&nbsp;rt_thread_suspend
<LI><a href="#[564]">&gt;&gt;</a>&nbsp;&nbsp;&nbsp;rt_thread_resume
<LI><a href="#[55d]">&gt;&gt;</a>&nbsp;&nbsp;&nbsp;rt_schedule
<LI><a href="#[56b]">&gt;&gt;</a>&nbsp;&nbsp;&nbsp;rt_object_allocate
<LI><a href="#[3ce]">&gt;&gt;</a>&nbsp;&nbsp;&nbsp;rt_malloc
<LI><a href="#[3ef]">&gt;&gt;</a>&nbsp;&nbsp;&nbsp;rt_sem_take
<LI><a href="#[32c]">&gt;&gt;</a>&nbsp;&nbsp;&nbsp;rt_mq_recv
<LI><a href="#[56d]">&gt;&gt;</a>&nbsp;&nbsp;&nbsp;rt_object_delete
<LI><a href="#[3d0]">&gt;&gt;</a>&nbsp;&nbsp;&nbsp;rt_free
<LI><a href="#[57f]">&gt;&gt;</a>&nbsp;&nbsp;&nbsp;rt_thread_idle_excute
<LI><a href="#[55a]">&gt;&gt;</a>&nbsp;&nbsp;&nbsp;rt_object_init
<LI><a href="#[55b]">&gt;&gt;</a>&nbsp;&nbsp;&nbsp;rt_object_detach
<LI><a href="#[557]">&gt;&gt;</a>&nbsp;&nbsp;&nbsp;rt_exit_critical
<LI><a href="#[555]">&gt;&gt;</a>&nbsp;&nbsp;&nbsp;rt_enter_critical
<LI><a href="#[583]">&gt;&gt;</a>&nbsp;&nbsp;&nbsp;rt_timer_check
<LI><a href="#[582]">&gt;&gt;</a>&nbsp;&nbsp;&nbsp;rt_thread_yield
<LI><a href="#[57b]">&gt;&gt;</a>&nbsp;&nbsp;&nbsp;rt_thread_sleep
<LI><a href="#[137]">&gt;&gt;</a>&nbsp;&nbsp;&nbsp;rt_thread_exit
<LI><a href="#[573]">&gt;&gt;</a>&nbsp;&nbsp;&nbsp;rt_schedule_remove_thread
<LI><a href="#[572]">&gt;&gt;</a>&nbsp;&nbsp;&nbsp;rt_schedule_insert_thread
<LI><a href="#[4a3]">&gt;&gt;</a>&nbsp;&nbsp;&nbsp;_rt_scheduler_stack_check
</UL>

<P><STRONG><a name="[55c]"></a>rt_hw_interrupt_enable</STRONG> (Thumb, 6 bytes, Stack size 0 bytes, context_rvds.o(.text))
<BR><BR>[Called By]<UL><LI><a href="#[3ee]">&gt;&gt;</a>&nbsp;&nbsp;&nbsp;rt_sem_release
<LI><a href="#[33a]">&gt;&gt;</a>&nbsp;&nbsp;&nbsp;rt_interrupt_leave
<LI><a href="#[339]">&gt;&gt;</a>&nbsp;&nbsp;&nbsp;rt_interrupt_enter
<LI><a href="#[33b]">&gt;&gt;</a>&nbsp;&nbsp;&nbsp;rt_mq_send
<LI><a href="#[577]">&gt;&gt;</a>&nbsp;&nbsp;&nbsp;rt_system_heap_init
<LI><a href="#[3a4]">&gt;&gt;</a>&nbsp;&nbsp;&nbsp;rt_timer_start
<LI><a href="#[566]">&gt;&gt;</a>&nbsp;&nbsp;&nbsp;rt_thread_suspend
<LI><a href="#[564]">&gt;&gt;</a>&nbsp;&nbsp;&nbsp;rt_thread_resume
<LI><a href="#[55d]">&gt;&gt;</a>&nbsp;&nbsp;&nbsp;rt_schedule
<LI><a href="#[56b]">&gt;&gt;</a>&nbsp;&nbsp;&nbsp;rt_object_allocate
<LI><a href="#[3ce]">&gt;&gt;</a>&nbsp;&nbsp;&nbsp;rt_malloc
<LI><a href="#[3ef]">&gt;&gt;</a>&nbsp;&nbsp;&nbsp;rt_sem_take
<LI><a href="#[32c]">&gt;&gt;</a>&nbsp;&nbsp;&nbsp;rt_mq_recv
<LI><a href="#[56d]">&gt;&gt;</a>&nbsp;&nbsp;&nbsp;rt_object_delete
<LI><a href="#[3d0]">&gt;&gt;</a>&nbsp;&nbsp;&nbsp;rt_free
<LI><a href="#[57f]">&gt;&gt;</a>&nbsp;&nbsp;&nbsp;rt_thread_idle_excute
<LI><a href="#[55a]">&gt;&gt;</a>&nbsp;&nbsp;&nbsp;rt_object_init
<LI><a href="#[55b]">&gt;&gt;</a>&nbsp;&nbsp;&nbsp;rt_object_detach
<LI><a href="#[557]">&gt;&gt;</a>&nbsp;&nbsp;&nbsp;rt_exit_critical
<LI><a href="#[555]">&gt;&gt;</a>&nbsp;&nbsp;&nbsp;rt_enter_critical
<LI><a href="#[583]">&gt;&gt;</a>&nbsp;&nbsp;&nbsp;rt_timer_check
<LI><a href="#[582]">&gt;&gt;</a>&nbsp;&nbsp;&nbsp;rt_thread_yield
<LI><a href="#[57b]">&gt;&gt;</a>&nbsp;&nbsp;&nbsp;rt_thread_sleep
<LI><a href="#[137]">&gt;&gt;</a>&nbsp;&nbsp;&nbsp;rt_thread_exit
<LI><a href="#[573]">&gt;&gt;</a>&nbsp;&nbsp;&nbsp;rt_schedule_remove_thread
<LI><a href="#[572]">&gt;&gt;</a>&nbsp;&nbsp;&nbsp;rt_schedule_insert_thread
</UL>

<P><STRONG><a name="[571]"></a>rt_hw_context_switch</STRONG> (Thumb, 32 bytes, Stack size 0 bytes, context_rvds.o(.text))
<BR><BR>[Called By]<UL><LI><a href="#[55d]">&gt;&gt;</a>&nbsp;&nbsp;&nbsp;rt_schedule
</UL>

<P><STRONG><a name="[570]"></a>rt_hw_context_switch_interrupt</STRONG> (Thumb, 0 bytes, Stack size 0 bytes, context_rvds.o(.text))
<BR><BR>[Called By]<UL><LI><a href="#[55d]">&gt;&gt;</a>&nbsp;&nbsp;&nbsp;rt_schedule
</UL>

<P><STRONG><a name="[bd]"></a>PendSV_Handler</STRONG> (Thumb, 60 bytes, Stack size 0 bytes, context_rvds.o(.text))
<BR>[Address Reference Count : 1]<UL><LI> startup_stm32f2xx.o(RESET)
</UL>
<P><STRONG><a name="[579]"></a>rt_hw_context_switch_to</STRONG> (Thumb, 46 bytes, Stack size 0 bytes, context_rvds.o(.text))
<BR><BR>[Called By]<UL><LI><a href="#[578]">&gt;&gt;</a>&nbsp;&nbsp;&nbsp;rt_system_scheduler_start
</UL>

<P><STRONG><a name="[5a5]"></a>rt_hw_interrupt_thread_switch</STRONG> (Thumb, 4 bytes, Stack size 0 bytes, context_rvds.o(.text), UNUSED)

<P><STRONG><a name="[b7]"></a>HardFault_Handler</STRONG> (Thumb, 20 bytes, Stack size 0 bytes, context_rvds.o(.text))
<BR><BR>[Stack]<UL><LI>Max Depth = 168<LI>Call Chain = HardFault_Handler &rArr; rt_hw_hard_fault_exception &rArr; list_thread &rArr; _list_thread &rArr; rt_kprintf &rArr; vsnprintf &rArr; print_number
</UL>
<BR>[Calls]<UL><LI><a href="#[1b7]">&gt;&gt;</a>&nbsp;&nbsp;&nbsp;rt_hw_hard_fault_exception
</UL>
<BR>[Address Reference Count : 1]<UL><LI> startup_stm32f2xx.o(RESET)
</UL>
<P><STRONG><a name="[b5]"></a>Reset_Handler</STRONG> (Thumb, 8 bytes, Stack size 0 bytes, startup_stm32f2xx.o(.text))
<BR>[Address Reference Count : 1]<UL><LI> startup_stm32f2xx.o(RESET)
</UL>
<P><STRONG><a name="[d1]"></a>ADC_IRQHandler</STRONG> (Thumb, 0 bytes, Stack size 0 bytes, startup_stm32f2xx.o(.text))
<BR><BR>[Calls]<UL><LI><a href="#[d1]">&gt;&gt;</a>&nbsp;&nbsp;&nbsp;ADC_IRQHandler
</UL>
<BR>[Called By]<UL><LI><a href="#[d1]">&gt;&gt;</a>&nbsp;&nbsp;&nbsp;ADC_IRQHandler
</UL>
<BR>[Address Reference Count : 1]<UL><LI> startup_stm32f2xx.o(RESET)
</UL>
<P><STRONG><a name="[d4]"></a>CAN1_RX1_IRQHandler</STRONG> (Thumb, 0 bytes, Stack size 0 bytes, startup_stm32f2xx.o(.text))
<BR>[Address Reference Count : 1]<UL><LI> startup_stm32f2xx.o(RESET)
</UL>
<P><STRONG><a name="[d5]"></a>CAN1_SCE_IRQHandler</STRONG> (Thumb, 0 bytes, Stack size 0 bytes, startup_stm32f2xx.o(.text))
<BR>[Address Reference Count : 1]<UL><LI> startup_stm32f2xx.o(RESET)
</UL>
<P><STRONG><a name="[d2]"></a>CAN1_TX_IRQHandler</STRONG> (Thumb, 0 bytes, Stack size 0 bytes, startup_stm32f2xx.o(.text))
<BR>[Address Reference Count : 1]<UL><LI> startup_stm32f2xx.o(RESET)
</UL>
<P><STRONG><a name="[ff]"></a>CAN2_RX0_IRQHandler</STRONG> (Thumb, 0 bytes, Stack size 0 bytes, startup_stm32f2xx.o(.text))
<BR>[Address Reference Count : 1]<UL><LI> startup_stm32f2xx.o(RESET)
</UL>
<P><STRONG><a name="[100]"></a>CAN2_RX1_IRQHandler</STRONG> (Thumb, 0 bytes, Stack size 0 bytes, startup_stm32f2xx.o(.text))
<BR>[Address Reference Count : 1]<UL><LI> startup_stm32f2xx.o(RESET)
</UL>
<P><STRONG><a name="[101]"></a>CAN2_SCE_IRQHandler</STRONG> (Thumb, 0 bytes, Stack size 0 bytes, startup_stm32f2xx.o(.text))
<BR>[Address Reference Count : 1]<UL><LI> startup_stm32f2xx.o(RESET)
</UL>
<P><STRONG><a name="[fe]"></a>CAN2_TX_IRQHandler</STRONG> (Thumb, 0 bytes, Stack size 0 bytes, startup_stm32f2xx.o(.text))
<BR>[Address Reference Count : 1]<UL><LI> startup_stm32f2xx.o(RESET)
</UL>
<P><STRONG><a name="[10e]"></a>CRYP_IRQHandler</STRONG> (Thumb, 0 bytes, Stack size 0 bytes, startup_stm32f2xx.o(.text))
<BR>[Address Reference Count : 1]<UL><LI> startup_stm32f2xx.o(RESET)
</UL>
<P><STRONG><a name="[10d]"></a>DCMI_IRQHandler</STRONG> (Thumb, 0 bytes, Stack size 0 bytes, startup_stm32f2xx.o(.text))
<BR>[Address Reference Count : 1]<UL><LI> startup_stm32f2xx.o(RESET)
</UL>
<P><STRONG><a name="[ca]"></a>DMA1_Stream0_IRQHandler</STRONG> (Thumb, 0 bytes, Stack size 0 bytes, startup_stm32f2xx.o(.text))
<BR>[Address Reference Count : 1]<UL><LI> startup_stm32f2xx.o(RESET)
</UL>
<P><STRONG><a name="[cb]"></a>DMA1_Stream1_IRQHandler</STRONG> (Thumb, 0 bytes, Stack size 0 bytes, startup_stm32f2xx.o(.text))
<BR>[Address Reference Count : 1]<UL><LI> startup_stm32f2xx.o(RESET)
</UL>
<P><STRONG><a name="[cc]"></a>DMA1_Stream2_IRQHandler</STRONG> (Thumb, 0 bytes, Stack size 0 bytes, startup_stm32f2xx.o(.text))
<BR>[Address Reference Count : 1]<UL><LI> startup_stm32f2xx.o(RESET)
</UL>
<P><STRONG><a name="[cd]"></a>DMA1_Stream3_IRQHandler</STRONG> (Thumb, 0 bytes, Stack size 0 bytes, startup_stm32f2xx.o(.text))
<BR>[Address Reference Count : 1]<UL><LI> startup_stm32f2xx.o(RESET)
</UL>
<P><STRONG><a name="[ce]"></a>DMA1_Stream4_IRQHandler</STRONG> (Thumb, 0 bytes, Stack size 0 bytes, startup_stm32f2xx.o(.text))
<BR>[Address Reference Count : 1]<UL><LI> startup_stm32f2xx.o(RESET)
</UL>
<P><STRONG><a name="[cf]"></a>DMA1_Stream5_IRQHandler</STRONG> (Thumb, 0 bytes, Stack size 0 bytes, startup_stm32f2xx.o(.text))
<BR>[Address Reference Count : 1]<UL><LI> startup_stm32f2xx.o(RESET)
</UL>
<P><STRONG><a name="[d0]"></a>DMA1_Stream6_IRQHandler</STRONG> (Thumb, 0 bytes, Stack size 0 bytes, startup_stm32f2xx.o(.text))
<BR>[Address Reference Count : 1]<UL><LI> startup_stm32f2xx.o(RESET)
</UL>
<P><STRONG><a name="[ee]"></a>DMA1_Stream7_IRQHandler</STRONG> (Thumb, 0 bytes, Stack size 0 bytes, startup_stm32f2xx.o(.text))
<BR>[Address Reference Count : 1]<UL><LI> startup_stm32f2xx.o(RESET)
</UL>
<P><STRONG><a name="[f7]"></a>DMA2_Stream0_IRQHandler</STRONG> (Thumb, 0 bytes, Stack size 0 bytes, startup_stm32f2xx.o(.text))
<BR>[Address Reference Count : 1]<UL><LI> startup_stm32f2xx.o(RESET)
</UL>
<P><STRONG><a name="[f8]"></a>DMA2_Stream1_IRQHandler</STRONG> (Thumb, 0 bytes, Stack size 0 bytes, startup_stm32f2xx.o(.text))
<BR>[Address Reference Count : 1]<UL><LI> startup_stm32f2xx.o(RESET)
</UL>
<P><STRONG><a name="[f9]"></a>DMA2_Stream2_IRQHandler</STRONG> (Thumb, 0 bytes, Stack size 0 bytes, startup_stm32f2xx.o(.text))
<BR>[Address Reference Count : 1]<UL><LI> startup_stm32f2xx.o(RESET)
</UL>
<P><STRONG><a name="[fa]"></a>DMA2_Stream3_IRQHandler</STRONG> (Thumb, 0 bytes, Stack size 0 bytes, startup_stm32f2xx.o(.text))
<BR>[Address Reference Count : 1]<UL><LI> startup_stm32f2xx.o(RESET)
</UL>
<P><STRONG><a name="[fb]"></a>DMA2_Stream4_IRQHandler</STRONG> (Thumb, 0 bytes, Stack size 0 bytes, startup_stm32f2xx.o(.text))
<BR>[Address Reference Count : 1]<UL><LI> startup_stm32f2xx.o(RESET)
</UL>
<P><STRONG><a name="[103]"></a>DMA2_Stream5_IRQHandler</STRONG> (Thumb, 0 bytes, Stack size 0 bytes, startup_stm32f2xx.o(.text))
<BR>[Address Reference Count : 1]<UL><LI> startup_stm32f2xx.o(RESET)
</UL>
<P><STRONG><a name="[104]"></a>DMA2_Stream6_IRQHandler</STRONG> (Thumb, 0 bytes, Stack size 0 bytes, startup_stm32f2xx.o(.text))
<BR>[Address Reference Count : 1]<UL><LI> startup_stm32f2xx.o(RESET)
</UL>
<P><STRONG><a name="[105]"></a>DMA2_Stream7_IRQHandler</STRONG> (Thumb, 0 bytes, Stack size 0 bytes, startup_stm32f2xx.o(.text))
<BR>[Address Reference Count : 1]<UL><LI> startup_stm32f2xx.o(RESET)
</UL>
<P><STRONG><a name="[fc]"></a>ETH_IRQHandler</STRONG> (Thumb, 0 bytes, Stack size 0 bytes, startup_stm32f2xx.o(.text))
<BR>[Address Reference Count : 1]<UL><LI> startup_stm32f2xx.o(RESET)
</UL>
<P><STRONG><a name="[fd]"></a>ETH_WKUP_IRQHandler</STRONG> (Thumb, 0 bytes, Stack size 0 bytes, startup_stm32f2xx.o(.text))
<BR>[Address Reference Count : 1]<UL><LI> startup_stm32f2xx.o(RESET)
</UL>
<P><STRONG><a name="[c5]"></a>EXTI0_IRQHandler</STRONG> (Thumb, 0 bytes, Stack size 0 bytes, startup_stm32f2xx.o(.text))
<BR>[Address Reference Count : 1]<UL><LI> startup_stm32f2xx.o(RESET)
</UL>
<P><STRONG><a name="[e7]"></a>EXTI15_10_IRQHandler</STRONG> (Thumb, 0 bytes, Stack size 0 bytes, startup_stm32f2xx.o(.text))
<BR>[Address Reference Count : 1]<UL><LI> startup_stm32f2xx.o(RESET)
</UL>
<P><STRONG><a name="[c6]"></a>EXTI1_IRQHandler</STRONG> (Thumb, 0 bytes, Stack size 0 bytes, startup_stm32f2xx.o(.text))
<BR>[Address Reference Count : 1]<UL><LI> startup_stm32f2xx.o(RESET)
</UL>
<P><STRONG><a name="[c7]"></a>EXTI2_IRQHandler</STRONG> (Thumb, 0 bytes, Stack size 0 bytes, startup_stm32f2xx.o(.text))
<BR>[Address Reference Count : 1]<UL><LI> startup_stm32f2xx.o(RESET)
</UL>
<P><STRONG><a name="[c8]"></a>EXTI3_IRQHandler</STRONG> (Thumb, 0 bytes, Stack size 0 bytes, startup_stm32f2xx.o(.text))
<BR>[Address Reference Count : 1]<UL><LI> startup_stm32f2xx.o(RESET)
</UL>
<P><STRONG><a name="[c9]"></a>EXTI4_IRQHandler</STRONG> (Thumb, 0 bytes, Stack size 0 bytes, startup_stm32f2xx.o(.text))
<BR>[Address Reference Count : 1]<UL><LI> startup_stm32f2xx.o(RESET)
</UL>
<P><STRONG><a name="[c3]"></a>FLASH_IRQHandler</STRONG> (Thumb, 0 bytes, Stack size 0 bytes, startup_stm32f2xx.o(.text))
<BR>[Address Reference Count : 1]<UL><LI> startup_stm32f2xx.o(RESET)
</UL>
<P><STRONG><a name="[ef]"></a>FSMC_IRQHandler</STRONG> (Thumb, 0 bytes, Stack size 0 bytes, startup_stm32f2xx.o(.text))
<BR>[Address Reference Count : 1]<UL><LI> startup_stm32f2xx.o(RESET)
</UL>
<P><STRONG><a name="[10f]"></a>HASH_RNG_IRQHandler</STRONG> (Thumb, 0 bytes, Stack size 0 bytes, startup_stm32f2xx.o(.text))
<BR>[Address Reference Count : 1]<UL><LI> startup_stm32f2xx.o(RESET)
</UL>
<P><STRONG><a name="[df]"></a>I2C1_ER_IRQHandler</STRONG> (Thumb, 0 bytes, Stack size 0 bytes, startup_stm32f2xx.o(.text))
<BR>[Address Reference Count : 1]<UL><LI> startup_stm32f2xx.o(RESET)
</UL>
<P><STRONG><a name="[de]"></a>I2C1_EV_IRQHandler</STRONG> (Thumb, 0 bytes, Stack size 0 bytes, startup_stm32f2xx.o(.text))
<BR>[Address Reference Count : 1]<UL><LI> startup_stm32f2xx.o(RESET)
</UL>
<P><STRONG><a name="[e1]"></a>I2C2_ER_IRQHandler</STRONG> (Thumb, 0 bytes, Stack size 0 bytes, startup_stm32f2xx.o(.text))
<BR>[Address Reference Count : 1]<UL><LI> startup_stm32f2xx.o(RESET)
</UL>
<P><STRONG><a name="[e0]"></a>I2C2_EV_IRQHandler</STRONG> (Thumb, 0 bytes, Stack size 0 bytes, startup_stm32f2xx.o(.text))
<BR>[Address Reference Count : 1]<UL><LI> startup_stm32f2xx.o(RESET)
</UL>
<P><STRONG><a name="[108]"></a>I2C3_ER_IRQHandler</STRONG> (Thumb, 0 bytes, Stack size 0 bytes, startup_stm32f2xx.o(.text))
<BR>[Address Reference Count : 1]<UL><LI> startup_stm32f2xx.o(RESET)
</UL>
<P><STRONG><a name="[107]"></a>I2C3_EV_IRQHandler</STRONG> (Thumb, 0 bytes, Stack size 0 bytes, startup_stm32f2xx.o(.text))
<BR>[Address Reference Count : 1]<UL><LI> startup_stm32f2xx.o(RESET)
</UL>
<P><STRONG><a name="[e9]"></a>OTG_FS_WKUP_IRQHandler</STRONG> (Thumb, 0 bytes, Stack size 0 bytes, startup_stm32f2xx.o(.text))
<BR>[Address Reference Count : 1]<UL><LI> startup_stm32f2xx.o(RESET)
</UL>
<P><STRONG><a name="[10a]"></a>OTG_HS_EP1_IN_IRQHandler</STRONG> (Thumb, 0 bytes, Stack size 0 bytes, startup_stm32f2xx.o(.text))
<BR>[Address Reference Count : 1]<UL><LI> startup_stm32f2xx.o(RESET)
</UL>
<P><STRONG><a name="[109]"></a>OTG_HS_EP1_OUT_IRQHandler</STRONG> (Thumb, 0 bytes, Stack size 0 bytes, startup_stm32f2xx.o(.text))
<BR>[Address Reference Count : 1]<UL><LI> startup_stm32f2xx.o(RESET)
</UL>
<P><STRONG><a name="[10c]"></a>OTG_HS_IRQHandler</STRONG> (Thumb, 0 bytes, Stack size 0 bytes, startup_stm32f2xx.o(.text))
<BR>[Address Reference Count : 1]<UL><LI> startup_stm32f2xx.o(RESET)
</UL>
<P><STRONG><a name="[10b]"></a>OTG_HS_WKUP_IRQHandler</STRONG> (Thumb, 0 bytes, Stack size 0 bytes, startup_stm32f2xx.o(.text))
<BR>[Address Reference Count : 1]<UL><LI> startup_stm32f2xx.o(RESET)
</UL>
<P><STRONG><a name="[c0]"></a>PVD_IRQHandler</STRONG> (Thumb, 0 bytes, Stack size 0 bytes, startup_stm32f2xx.o(.text))
<BR>[Address Reference Count : 1]<UL><LI> startup_stm32f2xx.o(RESET)
</UL>
<P><STRONG><a name="[c4]"></a>RCC_IRQHandler</STRONG> (Thumb, 0 bytes, Stack size 0 bytes, startup_stm32f2xx.o(.text))
<BR>[Address Reference Count : 1]<UL><LI> startup_stm32f2xx.o(RESET)
</UL>
<P><STRONG><a name="[e8]"></a>RTC_Alarm_IRQHandler</STRONG> (Thumb, 0 bytes, Stack size 0 bytes, startup_stm32f2xx.o(.text))
<BR>[Address Reference Count : 1]<UL><LI> startup_stm32f2xx.o(RESET)
</UL>
<P><STRONG><a name="[c2]"></a>RTC_WKUP_IRQHandler</STRONG> (Thumb, 0 bytes, Stack size 0 bytes, startup_stm32f2xx.o(.text))
<BR>[Address Reference Count : 1]<UL><LI> startup_stm32f2xx.o(RESET)
</UL>
<P><STRONG><a name="[f0]"></a>SDIO_IRQHandler</STRONG> (Thumb, 0 bytes, Stack size 0 bytes, startup_stm32f2xx.o(.text))
<BR>[Address Reference Count : 1]<UL><LI> startup_stm32f2xx.o(RESET)
</UL>
<P><STRONG><a name="[e2]"></a>SPI1_IRQHandler</STRONG> (Thumb, 0 bytes, Stack size 0 bytes, startup_stm32f2xx.o(.text))
<BR>[Address Reference Count : 1]<UL><LI> startup_stm32f2xx.o(RESET)
</UL>
<P><STRONG><a name="[e3]"></a>SPI2_IRQHandler</STRONG> (Thumb, 0 bytes, Stack size 0 bytes, startup_stm32f2xx.o(.text))
<BR>[Address Reference Count : 1]<UL><LI> startup_stm32f2xx.o(RESET)
</UL>
<P><STRONG><a name="[f2]"></a>SPI3_IRQHandler</STRONG> (Thumb, 0 bytes, Stack size 0 bytes, startup_stm32f2xx.o(.text))
<BR>[Address Reference Count : 1]<UL><LI> startup_stm32f2xx.o(RESET)
</UL>
<P><STRONG><a name="[c1]"></a>TAMP_STAMP_IRQHandler</STRONG> (Thumb, 0 bytes, Stack size 0 bytes, startup_stm32f2xx.o(.text))
<BR>[Address Reference Count : 1]<UL><LI> startup_stm32f2xx.o(RESET)
</UL>
<P><STRONG><a name="[d7]"></a>TIM1_BRK_TIM9_IRQHandler</STRONG> (Thumb, 0 bytes, Stack size 0 bytes, startup_stm32f2xx.o(.text))
<BR>[Address Reference Count : 1]<UL><LI> startup_stm32f2xx.o(RESET)
</UL>
<P><STRONG><a name="[da]"></a>TIM1_CC_IRQHandler</STRONG> (Thumb, 0 bytes, Stack size 0 bytes, startup_stm32f2xx.o(.text))
<BR>[Address Reference Count : 1]<UL><LI> startup_stm32f2xx.o(RESET)
</UL>
<P><STRONG><a name="[d9]"></a>TIM1_TRG_COM_TIM11_IRQHandler</STRONG> (Thumb, 0 bytes, Stack size 0 bytes, startup_stm32f2xx.o(.text))
<BR>[Address Reference Count : 1]<UL><LI> startup_stm32f2xx.o(RESET)
</UL>
<P><STRONG><a name="[d8]"></a>TIM1_UP_TIM10_IRQHandler</STRONG> (Thumb, 0 bytes, Stack size 0 bytes, startup_stm32f2xx.o(.text))
<BR>[Address Reference Count : 1]<UL><LI> startup_stm32f2xx.o(RESET)
</UL>
<P><STRONG><a name="[db]"></a>TIM2_IRQHandler</STRONG> (Thumb, 0 bytes, Stack size 0 bytes, startup_stm32f2xx.o(.text))
<BR>[Address Reference Count : 1]<UL><LI> startup_stm32f2xx.o(RESET)
</UL>
<P><STRONG><a name="[dd]"></a>TIM4_IRQHandler</STRONG> (Thumb, 0 bytes, Stack size 0 bytes, startup_stm32f2xx.o(.text))
<BR>[Address Reference Count : 1]<UL><LI> startup_stm32f2xx.o(RESET)
</UL>
<P><STRONG><a name="[f5]"></a>TIM6_DAC_IRQHandler</STRONG> (Thumb, 0 bytes, Stack size 0 bytes, startup_stm32f2xx.o(.text))
<BR>[Address Reference Count : 1]<UL><LI> startup_stm32f2xx.o(RESET)
</UL>
<P><STRONG><a name="[f6]"></a>TIM7_IRQHandler</STRONG> (Thumb, 0 bytes, Stack size 0 bytes, startup_stm32f2xx.o(.text))
<BR>[Address Reference Count : 1]<UL><LI> startup_stm32f2xx.o(RESET)
</UL>
<P><STRONG><a name="[ea]"></a>TIM8_BRK_TIM12_IRQHandler</STRONG> (Thumb, 0 bytes, Stack size 0 bytes, startup_stm32f2xx.o(.text))
<BR>[Address Reference Count : 1]<UL><LI> startup_stm32f2xx.o(RESET)
</UL>
<P><STRONG><a name="[ed]"></a>TIM8_CC_IRQHandler</STRONG> (Thumb, 0 bytes, Stack size 0 bytes, startup_stm32f2xx.o(.text))
<BR>[Address Reference Count : 1]<UL><LI> startup_stm32f2xx.o(RESET)
</UL>
<P><STRONG><a name="[ec]"></a>TIM8_TRG_COM_TIM14_IRQHandler</STRONG> (Thumb, 0 bytes, Stack size 0 bytes, startup_stm32f2xx.o(.text))
<BR>[Address Reference Count : 1]<UL><LI> startup_stm32f2xx.o(RESET)
</UL>
<P><STRONG><a name="[eb]"></a>TIM8_UP_TIM13_IRQHandler</STRONG> (Thumb, 0 bytes, Stack size 0 bytes, startup_stm32f2xx.o(.text))
<BR>[Address Reference Count : 1]<UL><LI> startup_stm32f2xx.o(RESET)
</UL>
<P><STRONG><a name="[106]"></a>USART6_IRQHandler</STRONG> (Thumb, 0 bytes, Stack size 0 bytes, startup_stm32f2xx.o(.text))
<BR>[Address Reference Count : 1]<UL><LI> startup_stm32f2xx.o(RESET)
</UL>
<P><STRONG><a name="[1b8]"></a>__rt_ctype_table</STRONG> (Thumb, 4 bytes, Stack size 0 bytes, ctype_o.o(.text))
<BR><BR>[Called By]<UL><LI><a href="#[599]">&gt;&gt;</a>&nbsp;&nbsp;&nbsp;token_proc_number
<LI><a href="#[116]">&gt;&gt;</a>&nbsp;&nbsp;&nbsp;isspace
<LI><a href="#[1c2]">&gt;&gt;</a>&nbsp;&nbsp;&nbsp;strtol
</UL>

<P><STRONG><a name="[116]"></a>isspace</STRONG> (Thumb, 18 bytes, Stack size 8 bytes, isspace_o.o(.text))
<BR><BR>[Stack]<UL><LI>Max Depth = 8<LI>Call Chain = isspace
</UL>
<BR>[Calls]<UL><LI><a href="#[1b8]">&gt;&gt;</a>&nbsp;&nbsp;&nbsp;__rt_ctype_table
</UL>
<BR>[Address Reference Count : 2]<UL><LI> scanf_char.o(.text)
<LI> strtod.o(.text)
</UL>
<P><STRONG><a name="[1fa]"></a>__aeabi_memcpy</STRONG> (Thumb, 36 bytes, Stack size 0 bytes, memcpya.o(.text))
<BR><BR>[Called By]<UL><LI><a href="#[4be]">&gt;&gt;</a>&nbsp;&nbsp;&nbsp;rt_ringbuffer_get
<LI><a href="#[338]">&gt;&gt;</a>&nbsp;&nbsp;&nbsp;GSM_RxHandler
<LI><a href="#[50d]">&gt;&gt;</a>&nbsp;&nbsp;&nbsp;finsh_push_history
<LI><a href="#[4f4]">&gt;&gt;</a>&nbsp;&nbsp;&nbsp;finsh_handle_history
<LI><a href="#[334]">&gt;&gt;</a>&nbsp;&nbsp;&nbsp;SMS_Rx_Text
<LI><a href="#[3d9]">&gt;&gt;</a>&nbsp;&nbsp;&nbsp;TTS_Get_Data
<LI><a href="#[330]">&gt;&gt;</a>&nbsp;&nbsp;&nbsp;Moudule_Init_Select
<LI><a href="#[28b]">&gt;&gt;</a>&nbsp;&nbsp;&nbsp;Moudule_DialStr_Select
<LI><a href="#[288]">&gt;&gt;</a>&nbsp;&nbsp;&nbsp;DataLink_DNSR_Set
<LI><a href="#[287]">&gt;&gt;</a>&nbsp;&nbsp;&nbsp;DataLink_DNSR2_Set
<LI><a href="#[26c]">&gt;&gt;</a>&nbsp;&nbsp;&nbsp;DataLink_APN_Set
<LI><a href="#[32d]">&gt;&gt;</a>&nbsp;&nbsp;&nbsp;GSM_Process
<LI><a href="#[425]">&gt;&gt;</a>&nbsp;&nbsp;&nbsp;TTS_Data_Play
<LI><a href="#[32f]">&gt;&gt;</a>&nbsp;&nbsp;&nbsp;GSM_Module_TotalInitial
<LI><a href="#[130]">&gt;&gt;</a>&nbsp;&nbsp;&nbsp;gsm_thread_entry
<LI><a href="#[322]">&gt;&gt;</a>&nbsp;&nbsp;&nbsp;GPS_Delta_DurPro
<LI><a href="#[325]">&gt;&gt;</a>&nbsp;&nbsp;&nbsp;GPS_Rx_Process
<LI><a href="#[230]">&gt;&gt;</a>&nbsp;&nbsp;&nbsp;TCP_RX_Process
<LI><a href="#[120]">&gt;&gt;</a>&nbsp;&nbsp;&nbsp;App808_thread_entry
<LI><a href="#[39d]">&gt;&gt;</a>&nbsp;&nbsp;&nbsp;Save_MediaIndex
<LI><a href="#[3d4]">&gt;&gt;</a>&nbsp;&nbsp;&nbsp;vin_set
<LI><a href="#[1ac]">&gt;&gt;</a>&nbsp;&nbsp;&nbsp;idip
<LI><a href="#[1f8]">&gt;&gt;</a>&nbsp;&nbsp;&nbsp;AnySmsEncode_NoCenter
<LI><a href="#[3d2]">&gt;&gt;</a>&nbsp;&nbsp;&nbsp;SMS_protocol
<LI><a href="#[3ec]">&gt;&gt;</a>&nbsp;&nbsp;&nbsp;SST25V_OneSector_Write
<LI><a href="#[31a]">&gt;&gt;</a>&nbsp;&nbsp;&nbsp;moni_drv
<LI><a href="#[419]">&gt;&gt;</a>&nbsp;&nbsp;&nbsp;VDR_product_08H_09H_10H
<LI><a href="#[274]">&gt;&gt;</a>&nbsp;&nbsp;&nbsp;CheckICInsert
<LI><a href="#[21b]">&gt;&gt;</a>&nbsp;&nbsp;&nbsp;Api_avrg15minSpd_Content_read
<LI><a href="#[29a]">&gt;&gt;</a>&nbsp;&nbsp;&nbsp;get_11h
<LI><a href="#[35d]">&gt;&gt;</a>&nbsp;&nbsp;&nbsp;IC_info_default
<LI><a href="#[296]">&gt;&gt;</a>&nbsp;&nbsp;&nbsp;Dayin_Fun
<LI><a href="#[1ae]">&gt;&gt;</a>&nbsp;&nbsp;&nbsp;simid
<LI><a href="#[1ad]">&gt;&gt;</a>&nbsp;&nbsp;&nbsp;deviceid
<LI><a href="#[2f3]">&gt;&gt;</a>&nbsp;&nbsp;&nbsp;Vehicleinfo_Init
<LI><a href="#[3bb]">&gt;&gt;</a>&nbsp;&nbsp;&nbsp;TEXTMsg_Read
<LI><a href="#[2f0]">&gt;&gt;</a>&nbsp;&nbsp;&nbsp;SysConfig_init
<LI><a href="#[3b9]">&gt;&gt;</a>&nbsp;&nbsp;&nbsp;SysConfig_Read
<LI><a href="#[2f4]">&gt;&gt;</a>&nbsp;&nbsp;&nbsp;MSG_BroadCast_Write_Init
<LI><a href="#[38a]">&gt;&gt;</a>&nbsp;&nbsp;&nbsp;MSG_BroadCast_Read
<LI><a href="#[2f2]">&gt;&gt;</a>&nbsp;&nbsp;&nbsp;JT808_Conf_init
<LI><a href="#[2eb]">&gt;&gt;</a>&nbsp;&nbsp;&nbsp;Event_Write_Init
<LI><a href="#[2ea]">&gt;&gt;</a>&nbsp;&nbsp;&nbsp;Event_Read
<LI><a href="#[29c]">&gt;&gt;</a>&nbsp;&nbsp;&nbsp;DefaultConfig
<LI><a href="#[383]">&gt;&gt;</a>&nbsp;&nbsp;&nbsp;vdr_creat_15h
<LI><a href="#[382]">&gt;&gt;</a>&nbsp;&nbsp;&nbsp;vdr_creat_14h
<LI><a href="#[381]">&gt;&gt;</a>&nbsp;&nbsp;&nbsp;vdr_creat_13h
<LI><a href="#[380]">&gt;&gt;</a>&nbsp;&nbsp;&nbsp;vdr_creat_12h
<LI><a href="#[37f]">&gt;&gt;</a>&nbsp;&nbsp;&nbsp;vdr_creat_11h
<LI><a href="#[37e]">&gt;&gt;</a>&nbsp;&nbsp;&nbsp;vdr_creat_10h
<LI><a href="#[37d]">&gt;&gt;</a>&nbsp;&nbsp;&nbsp;vdr_creat_09h
<LI><a href="#[37b]">&gt;&gt;</a>&nbsp;&nbsp;&nbsp;vdr_creat_08h
<LI><a href="#[40d]">&gt;&gt;</a>&nbsp;&nbsp;&nbsp;TEXTMSG_Write
<LI><a href="#[2b0]">&gt;&gt;</a>&nbsp;&nbsp;&nbsp;Different_DriverIC_End_Process
<LI><a href="#[2ad]">&gt;&gt;</a>&nbsp;&nbsp;&nbsp;Different_DriverIC_Checking
<LI><a href="#[1a7]">&gt;&gt;</a>&nbsp;&nbsp;&nbsp;dnsr_main
<LI><a href="#[2ce]">&gt;&gt;</a>&nbsp;&nbsp;&nbsp;Stuff_Worklist_0701H
<LI><a href="#[2cf]">&gt;&gt;</a>&nbsp;&nbsp;&nbsp;Stuff_SettingPram_0104H
<LI><a href="#[2bf]">&gt;&gt;</a>&nbsp;&nbsp;&nbsp;Stuff_RegisterPacket_0100H
<LI><a href="#[2dc]">&gt;&gt;</a>&nbsp;&nbsp;&nbsp;Stuff_Normal_Data_0200H
<LI><a href="#[2cb]">&gt;&gt;</a>&nbsp;&nbsp;&nbsp;Stuff_MultiMedia_IndexAck_0802H
<LI><a href="#[2cc]">&gt;&gt;</a>&nbsp;&nbsp;&nbsp;Stuff_DriverInfoSD_0702H
<LI><a href="#[2bd]">&gt;&gt;</a>&nbsp;&nbsp;&nbsp;Stuff_DevLogin_0102H
<LI><a href="#[2c8]">&gt;&gt;</a>&nbsp;&nbsp;&nbsp;Stuff_DataTransTx_0900H
<LI><a href="#[384]">&gt;&gt;</a>&nbsp;&nbsp;&nbsp;Spd_Exp_Wr
<LI><a href="#[399]">&gt;&gt;</a>&nbsp;&nbsp;&nbsp;Paramater_0106_stuff
<LI><a href="#[4]">&gt;&gt;</a>&nbsp;&nbsp;&nbsp;Longitude_pro
<LI><a href="#[2]">&gt;&gt;</a>&nbsp;&nbsp;&nbsp;Latitude_pro
<LI><a href="#[26b]">&gt;&gt;</a>&nbsp;&nbsp;&nbsp;CentreSet_subService_8103H
<LI><a href="#[268]">&gt;&gt;</a>&nbsp;&nbsp;&nbsp;CenterSet_subService_8701H
<LI><a href="#[540]">&gt;&gt;</a>&nbsp;&nbsp;&nbsp;rt_ringbuffer_put
<LI><a href="#[2b9]">&gt;&gt;</a>&nbsp;&nbsp;&nbsp;Display_driver
<LI><a href="#[3b]">&gt;&gt;</a>&nbsp;&nbsp;&nbsp;keypress
<LI><a href="#[27]">&gt;&gt;</a>&nbsp;&nbsp;&nbsp;keypress
<LI><a href="#[6b]">&gt;&gt;</a>&nbsp;&nbsp;&nbsp;keypress
<LI><a href="#[67]">&gt;&gt;</a>&nbsp;&nbsp;&nbsp;keypress
<LI><a href="#[63]">&gt;&gt;</a>&nbsp;&nbsp;&nbsp;keypress
<LI><a href="#[4d9]">&gt;&gt;</a>&nbsp;&nbsp;&nbsp;disp_record_11h
<LI><a href="#[52]">&gt;&gt;</a>&nbsp;&nbsp;&nbsp;show
<LI><a href="#[2b6]">&gt;&gt;</a>&nbsp;&nbsp;&nbsp;Disp_DnsIP
<LI><a href="#[313]">&gt;&gt;</a>&nbsp;&nbsp;&nbsp;get_15h
<LI><a href="#[8e]">&gt;&gt;</a>&nbsp;&nbsp;&nbsp;keypress
<LI><a href="#[275]">&gt;&gt;</a>&nbsp;&nbsp;&nbsp;VDR_product_12H
<LI><a href="#[30f]">&gt;&gt;</a>&nbsp;&nbsp;&nbsp;get_12h
<LI><a href="#[30e]">&gt;&gt;</a>&nbsp;&nbsp;&nbsp;get_10h
<LI><a href="#[30d]">&gt;&gt;</a>&nbsp;&nbsp;&nbsp;get_09h
<LI><a href="#[30a]">&gt;&gt;</a>&nbsp;&nbsp;&nbsp;get_08h
<LI><a href="#[312]">&gt;&gt;</a>&nbsp;&nbsp;&nbsp;GB_USBfile_stuff
<LI><a href="#[2fc]">&gt;&gt;</a>&nbsp;&nbsp;&nbsp;GB_OUT_data
<LI><a href="#[2fd]">&gt;&gt;</a>&nbsp;&nbsp;&nbsp;GB_00_07_info_only
<LI><a href="#[2fb]">&gt;&gt;</a>&nbsp;&nbsp;&nbsp;GB19056_Decode
</UL>

<P><STRONG><a name="[1fb]"></a>__aeabi_memcpy4</STRONG> (Thumb, 0 bytes, Stack size 0 bytes, memcpya.o(.text))
<BR><BR>[Called By]<UL><LI><a href="#[42c]">&gt;&gt;</a>&nbsp;&nbsp;&nbsp;_485_RxHandler
<LI><a href="#[492]">&gt;&gt;</a>&nbsp;&nbsp;&nbsp;_list_device
<LI><a href="#[255]">&gt;&gt;</a>&nbsp;&nbsp;&nbsp;CAN_send_timer
<LI><a href="#[348]">&gt;&gt;</a>&nbsp;&nbsp;&nbsp;Hex_To_Ascii
<LI><a href="#[1f8]">&gt;&gt;</a>&nbsp;&nbsp;&nbsp;AnySmsEncode_NoCenter
<LI><a href="#[274]">&gt;&gt;</a>&nbsp;&nbsp;&nbsp;CheckICInsert
<LI><a href="#[35d]">&gt;&gt;</a>&nbsp;&nbsp;&nbsp;IC_info_default
<LI><a href="#[2f2]">&gt;&gt;</a>&nbsp;&nbsp;&nbsp;JT808_Conf_init
<LI><a href="#[2cf]">&gt;&gt;</a>&nbsp;&nbsp;&nbsp;Stuff_SettingPram_0104H
<LI><a href="#[323]">&gt;&gt;</a>&nbsp;&nbsp;&nbsp;RectangleRail_Judge
<LI><a href="#[399]">&gt;&gt;</a>&nbsp;&nbsp;&nbsp;Paramater_0106_stuff
<LI><a href="#[2d3]">&gt;&gt;</a>&nbsp;&nbsp;&nbsp;ISP_file_Check
<LI><a href="#[281]">&gt;&gt;</a>&nbsp;&nbsp;&nbsp;DIS_MEUN_1
<LI><a href="#[2b6]">&gt;&gt;</a>&nbsp;&nbsp;&nbsp;Disp_DnsIP
<LI><a href="#[96]">&gt;&gt;</a>&nbsp;&nbsp;&nbsp;keypress
<LI><a href="#[52d]">&gt;&gt;</a>&nbsp;&nbsp;&nbsp;lcd_text12_local
<LI><a href="#[279]">&gt;&gt;</a>&nbsp;&nbsp;&nbsp;Different_DriverIC_InfoUpdate
</UL>

<P><STRONG><a name="[5a6]"></a>__aeabi_memcpy8</STRONG> (Thumb, 0 bytes, Stack size 0 bytes, memcpya.o(.text), UNUSED)

<P><STRONG><a name="[1ba]"></a>__aeabi_memset</STRONG> (Thumb, 14 bytes, Stack size 0 bytes, memseta.o(.text))
<BR><BR>[Called By]<UL><LI><a href="#[3cf]">&gt;&gt;</a>&nbsp;&nbsp;&nbsp;SetPhoneNumToPDU
<LI><a href="#[3d2]">&gt;&gt;</a>&nbsp;&nbsp;&nbsp;SMS_protocol
<LI><a href="#[37c]">&gt;&gt;</a>&nbsp;&nbsp;&nbsp;vdr_cmd_writeIndex_save
<LI><a href="#[2b7]">&gt;&gt;</a>&nbsp;&nbsp;&nbsp;Disp_Idle
<LI><a href="#[1bb]">&gt;&gt;</a>&nbsp;&nbsp;&nbsp;_memset$wrapper
<LI><a href="#[1b9]">&gt;&gt;</a>&nbsp;&nbsp;&nbsp;__aeabi_memclr
</UL>

<P><STRONG><a name="[5a7]"></a>__aeabi_memset4</STRONG> (Thumb, 0 bytes, Stack size 0 bytes, memseta.o(.text), UNUSED)

<P><STRONG><a name="[5a8]"></a>__aeabi_memset8</STRONG> (Thumb, 0 bytes, Stack size 0 bytes, memseta.o(.text), UNUSED)

<P><STRONG><a name="[1b9]"></a>__aeabi_memclr</STRONG> (Thumb, 4 bytes, Stack size 0 bytes, memseta.o(.text))
<BR><BR>[Calls]<UL><LI><a href="#[1ba]">&gt;&gt;</a>&nbsp;&nbsp;&nbsp;__aeabi_memset
</UL>
<BR>[Called By]<UL><LI><a href="#[4ee]">&gt;&gt;</a>&nbsp;&nbsp;&nbsp;finsh_compiler_run
<LI><a href="#[50d]">&gt;&gt;</a>&nbsp;&nbsp;&nbsp;finsh_push_history
<LI><a href="#[334]">&gt;&gt;</a>&nbsp;&nbsp;&nbsp;SMS_Rx_Text
<LI><a href="#[335]">&gt;&gt;</a>&nbsp;&nbsp;&nbsp;SMS_Rx_PDU
<LI><a href="#[2e8]">&gt;&gt;</a>&nbsp;&nbsp;&nbsp;Redial_Init
<LI><a href="#[34e]">&gt;&gt;</a>&nbsp;&nbsp;&nbsp;Gsm_RegisterInit
<LI><a href="#[26d]">&gt;&gt;</a>&nbsp;&nbsp;&nbsp;DataLink_MainSocket_set
<LI><a href="#[271]">&gt;&gt;</a>&nbsp;&nbsp;&nbsp;DataLink_IC_Socket_set
<LI><a href="#[288]">&gt;&gt;</a>&nbsp;&nbsp;&nbsp;DataLink_DNSR_Set
<LI><a href="#[287]">&gt;&gt;</a>&nbsp;&nbsp;&nbsp;DataLink_DNSR2_Set
<LI><a href="#[284]">&gt;&gt;</a>&nbsp;&nbsp;&nbsp;DataLink_AuxSocket_set
<LI><a href="#[26c]">&gt;&gt;</a>&nbsp;&nbsp;&nbsp;DataLink_APN_Set
<LI><a href="#[32d]">&gt;&gt;</a>&nbsp;&nbsp;&nbsp;GSM_Process
<LI><a href="#[3cc]">&gt;&gt;</a>&nbsp;&nbsp;&nbsp;SMS_Process
<LI><a href="#[230]">&gt;&gt;</a>&nbsp;&nbsp;&nbsp;TCP_RX_Process
<LI><a href="#[232]">&gt;&gt;</a>&nbsp;&nbsp;&nbsp;Pic_Data_Process
<LI><a href="#[3d4]">&gt;&gt;</a>&nbsp;&nbsp;&nbsp;vin_set
<LI><a href="#[3d5]">&gt;&gt;</a>&nbsp;&nbsp;&nbsp;type_vech
<LI><a href="#[1ac]">&gt;&gt;</a>&nbsp;&nbsp;&nbsp;idip
<LI><a href="#[3d2]">&gt;&gt;</a>&nbsp;&nbsp;&nbsp;SMS_protocol
<LI><a href="#[419]">&gt;&gt;</a>&nbsp;&nbsp;&nbsp;VDR_product_08H_09H_10H
<LI><a href="#[274]">&gt;&gt;</a>&nbsp;&nbsp;&nbsp;CheckICInsert
<LI><a href="#[1ae]">&gt;&gt;</a>&nbsp;&nbsp;&nbsp;simid
<LI><a href="#[2f3]">&gt;&gt;</a>&nbsp;&nbsp;&nbsp;Vehicleinfo_Init
<LI><a href="#[2fa]">&gt;&gt;</a>&nbsp;&nbsp;&nbsp;TEXTMSG_Write_Init
<LI><a href="#[2f0]">&gt;&gt;</a>&nbsp;&nbsp;&nbsp;SysConfig_init
<LI><a href="#[3b9]">&gt;&gt;</a>&nbsp;&nbsp;&nbsp;SysConfig_Read
<LI><a href="#[3b8]">&gt;&gt;</a>&nbsp;&nbsp;&nbsp;ReadConfig
<LI><a href="#[2f5]">&gt;&gt;</a>&nbsp;&nbsp;&nbsp;PhoneBook_Init
<LI><a href="#[2f4]">&gt;&gt;</a>&nbsp;&nbsp;&nbsp;MSG_BroadCast_Write_Init
<LI><a href="#[38a]">&gt;&gt;</a>&nbsp;&nbsp;&nbsp;MSG_BroadCast_Read
<LI><a href="#[2f2]">&gt;&gt;</a>&nbsp;&nbsp;&nbsp;JT808_Conf_init
<LI><a href="#[2eb]">&gt;&gt;</a>&nbsp;&nbsp;&nbsp;Event_Write_Init
<LI><a href="#[2ea]">&gt;&gt;</a>&nbsp;&nbsp;&nbsp;Event_Read
<LI><a href="#[40d]">&gt;&gt;</a>&nbsp;&nbsp;&nbsp;TEXTMSG_Write
<LI><a href="#[389]">&gt;&gt;</a>&nbsp;&nbsp;&nbsp;MSG_BroadCast_Init
<LI><a href="#[2e9]">&gt;&gt;</a>&nbsp;&nbsp;&nbsp;Event_Init
<LI><a href="#[1a7]">&gt;&gt;</a>&nbsp;&nbsp;&nbsp;dnsr_main
<LI><a href="#[1a4]">&gt;&gt;</a>&nbsp;&nbsp;&nbsp;chepai
<LI><a href="#[4]">&gt;&gt;</a>&nbsp;&nbsp;&nbsp;Longitude_pro
<LI><a href="#[2]">&gt;&gt;</a>&nbsp;&nbsp;&nbsp;Latitude_pro
<LI><a href="#[26b]">&gt;&gt;</a>&nbsp;&nbsp;&nbsp;CentreSet_subService_8103H
<LI><a href="#[268]">&gt;&gt;</a>&nbsp;&nbsp;&nbsp;CenterSet_subService_8701H
<LI><a href="#[2b]">&gt;&gt;</a>&nbsp;&nbsp;&nbsp;keypress
<LI><a href="#[27]">&gt;&gt;</a>&nbsp;&nbsp;&nbsp;keypress
<LI><a href="#[6b]">&gt;&gt;</a>&nbsp;&nbsp;&nbsp;keypress
<LI><a href="#[67]">&gt;&gt;</a>&nbsp;&nbsp;&nbsp;keypress
<LI><a href="#[6f]">&gt;&gt;</a>&nbsp;&nbsp;&nbsp;keypress
<LI><a href="#[11d]">&gt;&gt;</a>&nbsp;&nbsp;&nbsp;thread_GBData_mode
<LI><a href="#[2fb]">&gt;&gt;</a>&nbsp;&nbsp;&nbsp;GB19056_Decode
</UL>

<P><STRONG><a name="[21c]"></a>__aeabi_memclr4</STRONG> (Thumb, 0 bytes, Stack size 0 bytes, memseta.o(.text))
<BR><BR>[Called By]<UL><LI><a href="#[42c]">&gt;&gt;</a>&nbsp;&nbsp;&nbsp;_485_RxHandler
<LI><a href="#[517]">&gt;&gt;</a>&nbsp;&nbsp;&nbsp;finsh_system_init
<LI><a href="#[4fa]">&gt;&gt;</a>&nbsp;&nbsp;&nbsp;finsh_heap_init
<LI><a href="#[4f5]">&gt;&gt;</a>&nbsp;&nbsp;&nbsp;finsh_heap_allocate
<LI><a href="#[13a]">&gt;&gt;</a>&nbsp;&nbsp;&nbsp;finsh_thread_entry
<LI><a href="#[509]">&gt;&gt;</a>&nbsp;&nbsp;&nbsp;finsh_token_init
<LI><a href="#[4fc]">&gt;&gt;</a>&nbsp;&nbsp;&nbsp;finsh_var_init
<LI><a href="#[4f1]">&gt;&gt;</a>&nbsp;&nbsp;&nbsp;finsh_parser_init
<LI><a href="#[4f2]">&gt;&gt;</a>&nbsp;&nbsp;&nbsp;finsh_node_init
<LI><a href="#[26d]">&gt;&gt;</a>&nbsp;&nbsp;&nbsp;DataLink_MainSocket_set
<LI><a href="#[271]">&gt;&gt;</a>&nbsp;&nbsp;&nbsp;DataLink_IC_Socket_set
<LI><a href="#[32d]">&gt;&gt;</a>&nbsp;&nbsp;&nbsp;GSM_Process
<LI><a href="#[425]">&gt;&gt;</a>&nbsp;&nbsp;&nbsp;TTS_Data_Play
<LI><a href="#[32f]">&gt;&gt;</a>&nbsp;&nbsp;&nbsp;GSM_Module_TotalInitial
<LI><a href="#[28e]">&gt;&gt;</a>&nbsp;&nbsp;&nbsp;Data_Send
<LI><a href="#[289]">&gt;&gt;</a>&nbsp;&nbsp;&nbsp;DataLink_Process
<LI><a href="#[130]">&gt;&gt;</a>&nbsp;&nbsp;&nbsp;gsm_thread_entry
<LI><a href="#[325]">&gt;&gt;</a>&nbsp;&nbsp;&nbsp;GPS_Rx_Process
<LI><a href="#[230]">&gt;&gt;</a>&nbsp;&nbsp;&nbsp;TCP_RX_Process
<LI><a href="#[237]">&gt;&gt;</a>&nbsp;&nbsp;&nbsp;Save_GPS
<LI><a href="#[238]">&gt;&gt;</a>&nbsp;&nbsp;&nbsp;JT808_Related_Save_Process
<LI><a href="#[39d]">&gt;&gt;</a>&nbsp;&nbsp;&nbsp;Save_MediaIndex
<LI><a href="#[232]">&gt;&gt;</a>&nbsp;&nbsp;&nbsp;Pic_Data_Process
<LI><a href="#[1ac]">&gt;&gt;</a>&nbsp;&nbsp;&nbsp;idip
<LI><a href="#[3d2]">&gt;&gt;</a>&nbsp;&nbsp;&nbsp;SMS_protocol
<LI><a href="#[274]">&gt;&gt;</a>&nbsp;&nbsp;&nbsp;CheckICInsert
<LI><a href="#[1a0]">&gt;&gt;</a>&nbsp;&nbsp;&nbsp;Socket_main_Set
<LI><a href="#[21b]">&gt;&gt;</a>&nbsp;&nbsp;&nbsp;Api_avrg15minSpd_Content_read
<LI><a href="#[296]">&gt;&gt;</a>&nbsp;&nbsp;&nbsp;Dayin_Fun
<LI><a href="#[1ae]">&gt;&gt;</a>&nbsp;&nbsp;&nbsp;simid
<LI><a href="#[1ad]">&gt;&gt;</a>&nbsp;&nbsp;&nbsp;deviceid
<LI><a href="#[2f1]">&gt;&gt;</a>&nbsp;&nbsp;&nbsp;TIRED_CONF_Init
<LI><a href="#[2f0]">&gt;&gt;</a>&nbsp;&nbsp;&nbsp;SysConfig_init
<LI><a href="#[3b8]">&gt;&gt;</a>&nbsp;&nbsp;&nbsp;ReadConfig
<LI><a href="#[2f2]">&gt;&gt;</a>&nbsp;&nbsp;&nbsp;JT808_Conf_init
<LI><a href="#[29c]">&gt;&gt;</a>&nbsp;&nbsp;&nbsp;DefaultConfig
<LI><a href="#[23f]">&gt;&gt;</a>&nbsp;&nbsp;&nbsp;BD_list
<LI><a href="#[2ad]">&gt;&gt;</a>&nbsp;&nbsp;&nbsp;Different_DriverIC_Checking
<LI><a href="#[2cf]">&gt;&gt;</a>&nbsp;&nbsp;&nbsp;Stuff_SettingPram_0104H
<LI><a href="#[384]">&gt;&gt;</a>&nbsp;&nbsp;&nbsp;Spd_Exp_Wr
<LI><a href="#[399]">&gt;&gt;</a>&nbsp;&nbsp;&nbsp;Paramater_0106_stuff
<LI><a href="#[2d3]">&gt;&gt;</a>&nbsp;&nbsp;&nbsp;ISP_file_Check
<LI><a href="#[2d2]">&gt;&gt;</a>&nbsp;&nbsp;&nbsp;File_CRC_Get
<LI><a href="#[26b]">&gt;&gt;</a>&nbsp;&nbsp;&nbsp;CentreSet_subService_8103H
<LI><a href="#[524]">&gt;&gt;</a>&nbsp;&nbsp;&nbsp;version_disp
<LI><a href="#[54]">&gt;&gt;</a>&nbsp;&nbsp;&nbsp;timetick
<LI><a href="#[53]">&gt;&gt;</a>&nbsp;&nbsp;&nbsp;keypress
<LI><a href="#[8e]">&gt;&gt;</a>&nbsp;&nbsp;&nbsp;keypress
<LI><a href="#[312]">&gt;&gt;</a>&nbsp;&nbsp;&nbsp;GB_USBfile_stuff
</UL>

<P><STRONG><a name="[5a9]"></a>__aeabi_memclr8</STRONG> (Thumb, 0 bytes, Stack size 0 bytes, memseta.o(.text), UNUSED)

<P><STRONG><a name="[1bb]"></a>_memset$wrapper</STRONG> (Thumb, 18 bytes, Stack size 8 bytes, memseta.o(.text), UNUSED)
<BR><BR>[Calls]<UL><LI><a href="#[1ba]">&gt;&gt;</a>&nbsp;&nbsp;&nbsp;__aeabi_memset
</UL>

<P><STRONG><a name="[1f2]"></a>strcat</STRONG> (Thumb, 24 bytes, Stack size 0 bytes, strcat.o(.text))
<BR><BR>[Called By]<UL><LI><a href="#[26d]">&gt;&gt;</a>&nbsp;&nbsp;&nbsp;DataLink_MainSocket_set
<LI><a href="#[271]">&gt;&gt;</a>&nbsp;&nbsp;&nbsp;DataLink_IC_Socket_set
<LI><a href="#[288]">&gt;&gt;</a>&nbsp;&nbsp;&nbsp;DataLink_DNSR_Set
<LI><a href="#[287]">&gt;&gt;</a>&nbsp;&nbsp;&nbsp;DataLink_DNSR2_Set
<LI><a href="#[284]">&gt;&gt;</a>&nbsp;&nbsp;&nbsp;DataLink_AuxSocket_set
<LI><a href="#[26c]">&gt;&gt;</a>&nbsp;&nbsp;&nbsp;DataLink_APN_Set
<LI><a href="#[32d]">&gt;&gt;</a>&nbsp;&nbsp;&nbsp;GSM_Process
<LI><a href="#[425]">&gt;&gt;</a>&nbsp;&nbsp;&nbsp;TTS_Data_Play
<LI><a href="#[3cc]">&gt;&gt;</a>&nbsp;&nbsp;&nbsp;SMS_Process
<LI><a href="#[28e]">&gt;&gt;</a>&nbsp;&nbsp;&nbsp;Data_Send
<LI><a href="#[3d2]">&gt;&gt;</a>&nbsp;&nbsp;&nbsp;SMS_protocol
<LI><a href="#[1f0]">&gt;&gt;</a>&nbsp;&nbsp;&nbsp;Add_SMS_Ack_Content
<LI><a href="#[1a0]">&gt;&gt;</a>&nbsp;&nbsp;&nbsp;Socket_main_Set
</UL>

<P><STRONG><a name="[3ff]"></a>strstr</STRONG> (Thumb, 36 bytes, Stack size 12 bytes, strstr.o(.text))
<BR><BR>[Stack]<UL><LI>Max Depth = 12<LI>Call Chain = strstr
</UL>
<BR>[Called By]<UL><LI><a href="#[349]">&gt;&gt;</a>&nbsp;&nbsp;&nbsp;StringFind
</UL>

<P><STRONG><a name="[507]"></a>strncpy</STRONG> (Thumb, 24 bytes, Stack size 8 bytes, strncpy.o(.text))
<BR><BR>[Stack]<UL><LI>Max Depth = 8<LI>Call Chain = strncpy
</UL>
<BR>[Called By]<UL><LI><a href="#[51b]">&gt;&gt;</a>&nbsp;&nbsp;&nbsp;finsh_var_insert
<LI><a href="#[54b]">&gt;&gt;</a>&nbsp;&nbsp;&nbsp;proc_identifier
<LI><a href="#[506]">&gt;&gt;</a>&nbsp;&nbsp;&nbsp;finsh_node_new_string
</UL>

<P><STRONG><a name="[3d6]"></a>strchr</STRONG> (Thumb, 20 bytes, Stack size 0 bytes, strchr.o(.text))
<BR><BR>[Called By]<UL><LI><a href="#[3d2]">&gt;&gt;</a>&nbsp;&nbsp;&nbsp;SMS_protocol
</UL>

<P><STRONG><a name="[1f1]"></a>strlen</STRONG> (Thumb, 14 bytes, Stack size 0 bytes, strlen.o(.text))
<BR><BR>[Called By]<UL><LI><a href="#[4eb]">&gt;&gt;</a>&nbsp;&nbsp;&nbsp;list_prefix
<LI><a href="#[13a]">&gt;&gt;</a>&nbsp;&nbsp;&nbsp;finsh_thread_entry
<LI><a href="#[4f4]">&gt;&gt;</a>&nbsp;&nbsp;&nbsp;finsh_handle_history
<LI><a href="#[599]">&gt;&gt;</a>&nbsp;&nbsp;&nbsp;token_proc_number
<LI><a href="#[595]">&gt;&gt;</a>&nbsp;&nbsp;&nbsp;token_next_char
<LI><a href="#[501]">&gt;&gt;</a>&nbsp;&nbsp;&nbsp;finsh_sysvar_lookup
<LI><a href="#[502]">&gt;&gt;</a>&nbsp;&nbsp;&nbsp;finsh_syscall_lookup
<LI><a href="#[506]">&gt;&gt;</a>&nbsp;&nbsp;&nbsp;finsh_node_new_string
<LI><a href="#[334]">&gt;&gt;</a>&nbsp;&nbsp;&nbsp;SMS_Rx_Text
<LI><a href="#[19b]">&gt;&gt;</a>&nbsp;&nbsp;&nbsp;TTS_play
<LI><a href="#[330]">&gt;&gt;</a>&nbsp;&nbsp;&nbsp;Moudule_Init_Select
<LI><a href="#[28b]">&gt;&gt;</a>&nbsp;&nbsp;&nbsp;Moudule_DialStr_Select
<LI><a href="#[26d]">&gt;&gt;</a>&nbsp;&nbsp;&nbsp;DataLink_MainSocket_set
<LI><a href="#[271]">&gt;&gt;</a>&nbsp;&nbsp;&nbsp;DataLink_IC_Socket_set
<LI><a href="#[288]">&gt;&gt;</a>&nbsp;&nbsp;&nbsp;DataLink_DNSR_Set
<LI><a href="#[287]">&gt;&gt;</a>&nbsp;&nbsp;&nbsp;DataLink_DNSR2_Set
<LI><a href="#[284]">&gt;&gt;</a>&nbsp;&nbsp;&nbsp;DataLink_AuxSocket_set
<LI><a href="#[26c]">&gt;&gt;</a>&nbsp;&nbsp;&nbsp;DataLink_APN_Set
<LI><a href="#[32d]">&gt;&gt;</a>&nbsp;&nbsp;&nbsp;GSM_Process
<LI><a href="#[425]">&gt;&gt;</a>&nbsp;&nbsp;&nbsp;TTS_Data_Play
<LI><a href="#[3cc]">&gt;&gt;</a>&nbsp;&nbsp;&nbsp;SMS_Process
<LI><a href="#[32f]">&gt;&gt;</a>&nbsp;&nbsp;&nbsp;GSM_Module_TotalInitial
<LI><a href="#[28e]">&gt;&gt;</a>&nbsp;&nbsp;&nbsp;Data_Send
<LI><a href="#[289]">&gt;&gt;</a>&nbsp;&nbsp;&nbsp;DataLink_Process
<LI><a href="#[130]">&gt;&gt;</a>&nbsp;&nbsp;&nbsp;gsm_thread_entry
<LI><a href="#[199]">&gt;&gt;</a>&nbsp;&nbsp;&nbsp;gps_mode
<LI><a href="#[230]">&gt;&gt;</a>&nbsp;&nbsp;&nbsp;TCP_RX_Process
<LI><a href="#[39d]">&gt;&gt;</a>&nbsp;&nbsp;&nbsp;Save_MediaIndex
<LI><a href="#[34d]">&gt;&gt;</a>&nbsp;&nbsp;&nbsp;GsmEncodeUcs2
<LI><a href="#[347]">&gt;&gt;</a>&nbsp;&nbsp;&nbsp;GsmDecodeUcs2
<LI><a href="#[3d4]">&gt;&gt;</a>&nbsp;&nbsp;&nbsp;vin_set
<LI><a href="#[19d]">&gt;&gt;</a>&nbsp;&nbsp;&nbsp;takephoto
<LI><a href="#[1ab]">&gt;&gt;</a>&nbsp;&nbsp;&nbsp;product_type
<LI><a href="#[1ac]">&gt;&gt;</a>&nbsp;&nbsp;&nbsp;idip
<LI><a href="#[3d8]">&gt;&gt;</a>&nbsp;&nbsp;&nbsp;debug_relay
<LI><a href="#[3d2]">&gt;&gt;</a>&nbsp;&nbsp;&nbsp;SMS_protocol
<LI><a href="#[1f0]">&gt;&gt;</a>&nbsp;&nbsp;&nbsp;Add_SMS_Ack_Content
<LI><a href="#[58a]">&gt;&gt;</a>&nbsp;&nbsp;&nbsp;strtrim
<LI><a href="#[274]">&gt;&gt;</a>&nbsp;&nbsp;&nbsp;CheckICInsert
<LI><a href="#[19f]">&gt;&gt;</a>&nbsp;&nbsp;&nbsp;dispdata
<LI><a href="#[1a0]">&gt;&gt;</a>&nbsp;&nbsp;&nbsp;Socket_main_Set
<LI><a href="#[4e9]">&gt;&gt;</a>&nbsp;&nbsp;&nbsp;uitogb
<LI><a href="#[4e8]">&gt;&gt;</a>&nbsp;&nbsp;&nbsp;gbtoui
<LI><a href="#[298]">&gt;&gt;</a>&nbsp;&nbsp;&nbsp;printer
<LI><a href="#[296]">&gt;&gt;</a>&nbsp;&nbsp;&nbsp;Dayin_Fun
<LI><a href="#[1ae]">&gt;&gt;</a>&nbsp;&nbsp;&nbsp;simid
<LI><a href="#[1ad]">&gt;&gt;</a>&nbsp;&nbsp;&nbsp;deviceid
<LI><a href="#[2f0]">&gt;&gt;</a>&nbsp;&nbsp;&nbsp;SysConfig_init
<LI><a href="#[3b9]">&gt;&gt;</a>&nbsp;&nbsp;&nbsp;SysConfig_Read
<LI><a href="#[29c]">&gt;&gt;</a>&nbsp;&nbsp;&nbsp;DefaultConfig
<LI><a href="#[1a7]">&gt;&gt;</a>&nbsp;&nbsp;&nbsp;dnsr_main
[...]
</UL>
<P><STRONG><a name="[9b]"></a>timetick</STRONG> (Thumb, 2 bytes, Stack size 0 bytes, menu_5_3_print.o(i.timetick))
<BR>[Address Reference Count : 1]<UL><LI> menu_5_3_print.o(.data)
</UL>
<P><STRONG><a name="[4db]"></a>driver_IC_Card</STRONG> (Thumb, 206 bytes, Stack size 48 bytes, menu_5_4_iccard.o(i.driver_IC_Card))
<BR><BR>[Stack]<UL><LI>Max Depth = 496<LI>Call Chain = driver_IC_Card &rArr; lcd_text12 &rArr; Sem_Dataflash_Take &rArr; rt_sem_take &rArr; rt_timer_start &rArr; rt_schedule &rArr; _rt_scheduler_stack_check &rArr; list_thread &rArr; _list_thread &rArr; rt_kprintf &rArr; vsnprintf &rArr; print_number
</UL>
<BR>[Calls]<UL><LI><a href="#[263]">&gt;&gt;</a>&nbsp;&nbsp;&nbsp;lcd_update_all
<LI><a href="#[261]">&gt;&gt;</a>&nbsp;&nbsp;&nbsp;lcd_text12
<LI><a href="#[260]">&gt;&gt;</a>&nbsp;&nbsp;&nbsp;lcd_fill
<LI><a href="#[1f1]">&gt;&gt;</a>&nbsp;&nbsp;&nbsp;strlen
<LI><a href="#[286]">&gt;&gt;</a>&nbsp;&nbsp;&nbsp;__2sprintf
</UL>
<BR>[Called By]<UL><LI><a href="#[9d]">&gt;&gt;</a>&nbsp;&nbsp;&nbsp;show
<LI><a href="#[9e]">&gt;&gt;</a>&nbsp;&nbsp;&nbsp;keypress
</UL>

<P><STRONG><a name="[9e]"></a>keypress</STRONG> (Thumb, 86 bytes, Stack size 16 bytes, menu_5_4_iccard.o(i.keypress))
<BR><BR>[Stack]<UL><LI>Max Depth = 512<LI>Call Chain = keypress &rArr; driver_IC_Card &rArr; lcd_text12 &rArr; Sem_Dataflash_Take &rArr; rt_sem_take &rArr; rt_timer_start &rArr; rt_schedule &rArr; _rt_scheduler_stack_check &rArr; list_thread &rArr; _list_thread &rArr; rt_kprintf &rArr; vsnprintf &rArr; print_number
</UL>
<BR>[Calls]<UL><LI><a href="#[4db]">&gt;&gt;</a>&nbsp;&nbsp;&nbsp;driver_IC_Card
</UL>
<BR>[Address Reference Count : 1]<UL><LI> menu_5_4_iccard.o(.data)
</UL>
<P><STRONG><a name="[a0]"></a>msg</STRONG> (Thumb, 2 bytes, Stack size 0 bytes, menu_5_4_iccard.o(i.msg))
<BR>[Address Reference Count : 1]<UL><LI> menu_5_4_iccard.o(.data)
</UL>
<P><STRONG><a name="[9d]"></a>show</STRONG> (Thumb, 16 bytes, Stack size 0 bytes, menu_5_4_iccard.o(i.show))
<BR><BR>[Stack]<UL><LI>Max Depth = 496<LI>Call Chain = show &rArr; driver_IC_Card &rArr; lcd_text12 &rArr; Sem_Dataflash_Take &rArr; rt_sem_take &rArr; rt_timer_start &rArr; rt_schedule &rArr; _rt_scheduler_stack_check &rArr; list_thread &rArr; _list_thread &rArr; rt_kprintf &rArr; vsnprintf &rArr; print_number
</UL>
<BR>[Calls]<UL><LI><a href="#[4db]">&gt;&gt;</a>&nbsp;&nbsp;&nbsp;driver_IC_Card
</UL>
<BR>[Address Reference Count : 1]<UL><LI> menu_5_4_iccard.o(.data)
</UL>
<P><STRONG><a name="[9f]"></a>timetick</STRONG> (Thumb, 32 bytes, Stack size 8 bytes, menu_5_4_iccard.o(i.timetick))
<BR><BR>[Stack]<UL><LI>Max Depth = 8<LI>Call Chain = timetick
</UL>
<BR>[Address Reference Count : 1]<UL><LI> menu_5_4_iccard.o(.data)
</UL>
<P><STRONG><a name="[266]"></a>Car_infor_fun</STRONG> (Thumb, 210 bytes, Stack size 24 bytes, menu_5_5_carinfor.o(i.Car_infor_fun))
<BR><BR>[Stack]<UL><LI>Max Depth = 472<LI>Call Chain = Car_infor_fun &rArr; lcd_text12 &rArr; Sem_Dataflash_Take &rArr; rt_sem_take &rArr; rt_timer_start &rArr; rt_schedule &rArr; _rt_scheduler_stack_check &rArr; list_thread &rArr; _list_thread &rArr; rt_kprintf &rArr; vsnprintf &rArr; print_number
</UL>
<BR>[Calls]<UL><LI><a href="#[263]">&gt;&gt;</a>&nbsp;&nbsp;&nbsp;lcd_update_all
<LI><a href="#[261]">&gt;&gt;</a>&nbsp;&nbsp;&nbsp;lcd_text12
<LI><a href="#[260]">&gt;&gt;</a>&nbsp;&nbsp;&nbsp;lcd_fill
</UL>
<BR>[Called By]<UL><LI><a href="#[a1]">&gt;&gt;</a>&nbsp;&nbsp;&nbsp;show
<LI><a href="#[a2]">&gt;&gt;</a>&nbsp;&nbsp;&nbsp;keypress
</UL>

<P><STRONG><a name="[a2]"></a>keypress</STRONG> (Thumb, 86 bytes, Stack size 16 bytes, menu_5_5_carinfor.o(i.keypress))
<BR><BR>[Stack]<UL><LI>Max Depth = 488<LI>Call Chain = keypress &rArr; Car_infor_fun &rArr; lcd_text12 &rArr; Sem_Dataflash_Take &rArr; rt_sem_take &rArr; rt_timer_start &rArr; rt_schedule &rArr; _rt_scheduler_stack_check &rArr; list_thread &rArr; _list_thread &rArr; rt_kprintf &rArr; vsnprintf &rArr; print_number
</UL>
<BR>[Calls]<UL><LI><a href="#[266]">&gt;&gt;</a>&nbsp;&nbsp;&nbsp;Car_infor_fun
</UL>
<BR>[Address Reference Count : 1]<UL><LI> menu_5_5_carinfor.o(.data)
</UL>
<P><STRONG><a name="[a4]"></a>msg</STRONG> (Thumb, 2 bytes, Stack size 0 bytes, menu_5_5_carinfor.o(i.msg))
<BR>[Address Reference Count : 1]<UL><LI> menu_5_5_carinfor.o(.data)
</UL>
<P><STRONG><a name="[a1]"></a>show</STRONG> (Thumb, 16 bytes, Stack size 0 bytes, menu_5_5_carinfor.o(i.show))
<BR><BR>[Stack]<UL><LI>Max Depth = 472<LI>Call Chain = show &rArr; Car_infor_fun &rArr; lcd_text12 &rArr; Sem_Dataflash_Take &rArr; rt_sem_take &rArr; rt_timer_start &rArr; rt_schedule &rArr; _rt_scheduler_stack_check &rArr; list_thread &rArr; _list_thread &rArr; rt_kprintf &rArr; vsnprintf &rArr; print_number
</UL>
<BR>[Calls]<UL><LI><a href="#[266]">&gt;&gt;</a>&nbsp;&nbsp;&nbsp;Car_infor_fun
</UL>
<BR>[Address Reference Count : 1]<UL><LI> menu_5_5_carinfor.o(.data)
</UL>
<P><STRONG><a name="[a3]"></a>timetick</STRONG> (Thumb, 32 bytes, Stack size 8 bytes, menu_5_5_carinfor.o(i.timetick))
<BR><BR>[Stack]<UL><LI>Max Depth = 8<LI>Call Chain = timetick
</UL>
<BR>[Address Reference Count : 1]<UL><LI> menu_5_5_carinfor.o(.data)
</UL>
<P><STRONG><a name="[4da]"></a>disp_record_15h</STRONG> (Thumb, 190 bytes, Stack size 32 bytes, menu_5_6_speedlog.o(i.disp_record_15h))
<BR><BR>[Stack]<UL><LI>Max Depth = 480<LI>Call Chain = disp_record_15h &rArr; lcd_text12 &rArr; Sem_Dataflash_Take &rArr; rt_sem_take &rArr; rt_timer_start &rArr; rt_schedule &rArr; _rt_scheduler_stack_check &rArr; list_thread &rArr; _list_thread &rArr; rt_kprintf &rArr; vsnprintf &rArr; print_number
</UL>
<BR>[Calls]<UL><LI><a href="#[263]">&gt;&gt;</a>&nbsp;&nbsp;&nbsp;lcd_update_all
<LI><a href="#[261]">&gt;&gt;</a>&nbsp;&nbsp;&nbsp;lcd_text12
<LI><a href="#[260]">&gt;&gt;</a>&nbsp;&nbsp;&nbsp;lcd_fill
<LI><a href="#[313]">&gt;&gt;</a>&nbsp;&nbsp;&nbsp;get_15h
<LI><a href="#[1f1]">&gt;&gt;</a>&nbsp;&nbsp;&nbsp;strlen
<LI><a href="#[286]">&gt;&gt;</a>&nbsp;&nbsp;&nbsp;__2sprintf
</UL>
<BR>[Called By]<UL><LI><a href="#[a5]">&gt;&gt;</a>&nbsp;&nbsp;&nbsp;show
<LI><a href="#[a6]">&gt;&gt;</a>&nbsp;&nbsp;&nbsp;keypress
</UL>

<P><STRONG><a name="[a6]"></a>keypress</STRONG> (Thumb, 102 bytes, Stack size 24 bytes, menu_5_6_speedlog.o(i.keypress))
<BR><BR>[Stack]<UL><LI>Max Depth = 504<LI>Call Chain = keypress &rArr; disp_record_15h &rArr; lcd_text12 &rArr; Sem_Dataflash_Take &rArr; rt_sem_take &rArr; rt_timer_start &rArr; rt_schedule &rArr; _rt_scheduler_stack_check &rArr; list_thread &rArr; _list_thread &rArr; rt_kprintf &rArr; vsnprintf &rArr; print_number
</UL>
<BR>[Calls]<UL><LI><a href="#[4da]">&gt;&gt;</a>&nbsp;&nbsp;&nbsp;disp_record_15h
</UL>
<BR>[Address Reference Count : 1]<UL><LI> menu_5_6_speedlog.o(.data)
</UL>
<P><STRONG><a name="[a8]"></a>msg</STRONG> (Thumb, 2 bytes, Stack size 0 bytes, menu_5_6_speedlog.o(i.msg))
<BR>[Address Reference Count : 1]<UL><LI> menu_5_6_speedlog.o(.data)
</UL>
<P><STRONG><a name="[a5]"></a>show</STRONG> (Thumb, 72 bytes, Stack size 8 bytes, menu_5_6_speedlog.o(i.show))
<BR><BR>[Stack]<UL><LI>Max Depth = 488<LI>Call Chain = show &rArr; disp_record_15h &rArr; lcd_text12 &rArr; Sem_Dataflash_Take &rArr; rt_sem_take &rArr; rt_timer_start &rArr; rt_schedule &rArr; _rt_scheduler_stack_check &rArr; list_thread &rArr; _list_thread &rArr; rt_kprintf &rArr; vsnprintf &rArr; print_number
</UL>
<BR>[Calls]<UL><LI><a href="#[263]">&gt;&gt;</a>&nbsp;&nbsp;&nbsp;lcd_update_all
<LI><a href="#[261]">&gt;&gt;</a>&nbsp;&nbsp;&nbsp;lcd_text12
<LI><a href="#[260]">&gt;&gt;</a>&nbsp;&nbsp;&nbsp;lcd_fill
<LI><a href="#[4da]">&gt;&gt;</a>&nbsp;&nbsp;&nbsp;disp_record_15h
</UL>
<BR>[Address Reference Count : 1]<UL><LI> menu_5_6_speedlog.o(.data)
</UL>
<P><STRONG><a name="[a7]"></a>timetick</STRONG> (Thumb, 32 bytes, Stack size 8 bytes, menu_5_6_speedlog.o(i.timetick))
<BR><BR>[Stack]<UL><LI>Max Depth = 8<LI>Call Chain = timetick
</UL>
<BR>[Address Reference Count : 1]<UL><LI> menu_5_6_speedlog.o(.data)
</UL>
<P><STRONG><a name="[aa]"></a>keypress</STRONG> (Thumb, 110 bytes, Stack size 16 bytes, menu_5_recorder.o(i.keypress))
<BR><BR>[Stack]<UL><LI>Max Depth = 488<LI>Call Chain = keypress &rArr; menuswitch &rArr; lcd_text12 &rArr; Sem_Dataflash_Take &rArr; rt_sem_take &rArr; rt_timer_start &rArr; rt_schedule &rArr; _rt_scheduler_stack_check &rArr; list_thread &rArr; _list_thread &rArr; rt_kprintf &rArr; vsnprintf &rArr; print_number
</UL>
<BR>[Calls]<UL><LI><a href="#[528]">&gt;&gt;</a>&nbsp;&nbsp;&nbsp;menuswitch
</UL>
<BR>[Address Reference Count : 1]<UL><LI> menu_5_recorder.o(.data)
</UL>
<P><STRONG><a name="[528]"></a>menuswitch</STRONG> (Thumb, 130 bytes, Stack size 24 bytes, menu_5_recorder.o(i.menuswitch))
<BR><BR>[Stack]<UL><LI>Max Depth = 472<LI>Call Chain = menuswitch &rArr; lcd_text12 &rArr; Sem_Dataflash_Take &rArr; rt_sem_take &rArr; rt_timer_start &rArr; rt_schedule &rArr; _rt_scheduler_stack_check &rArr; list_thread &rArr; _list_thread &rArr; rt_kprintf &rArr; vsnprintf &rArr; print_number
</UL>
<BR>[Calls]<UL><LI><a href="#[263]">&gt;&gt;</a>&nbsp;&nbsp;&nbsp;lcd_update_all
<LI><a href="#[261]">&gt;&gt;</a>&nbsp;&nbsp;&nbsp;lcd_text12
<LI><a href="#[260]">&gt;&gt;</a>&nbsp;&nbsp;&nbsp;lcd_fill
<LI><a href="#[262]">&gt;&gt;</a>&nbsp;&nbsp;&nbsp;lcd_bitmap
</UL>
<BR>[Called By]<UL><LI><a href="#[a9]">&gt;&gt;</a>&nbsp;&nbsp;&nbsp;show
<LI><a href="#[aa]">&gt;&gt;</a>&nbsp;&nbsp;&nbsp;keypress
</UL>

<P><STRONG><a name="[ac]"></a>msg</STRONG> (Thumb, 2 bytes, Stack size 0 bytes, menu_5_recorder.o(i.msg))
<BR>[Address Reference Count : 1]<UL><LI> menu_5_recorder.o(.data)
</UL>
<P><STRONG><a name="[a9]"></a>show</STRONG> (Thumb, 14 bytes, Stack size 0 bytes, menu_5_recorder.o(i.show))
<BR><BR>[Stack]<UL><LI>Max Depth = 472<LI>Call Chain = show &rArr; menuswitch &rArr; lcd_text12 &rArr; Sem_Dataflash_Take &rArr; rt_sem_take &rArr; rt_timer_start &rArr; rt_schedule &rArr; _rt_scheduler_stack_check &rArr; list_thread &rArr; _list_thread &rArr; rt_kprintf &rArr; vsnprintf &rArr; print_number
</UL>
<BR>[Calls]<UL><LI><a href="#[528]">&gt;&gt;</a>&nbsp;&nbsp;&nbsp;menuswitch
</UL>
<BR>[Address Reference Count : 1]<UL><LI> menu_5_recorder.o(.data)
</UL>
<P><STRONG><a name="[ab]"></a>timetick</STRONG> (Thumb, 32 bytes, Stack size 8 bytes, menu_5_recorder.o(i.timetick))
<BR><BR>[Stack]<UL><LI>Max Depth = 8<LI>Call Chain = timetick
</UL>
<BR>[Address Reference Count : 1]<UL><LI> menu_5_recorder.o(.data)
</UL>
<P><STRONG><a name="[ae]"></a>keypress</STRONG> (Thumb, 40 bytes, Stack size 8 bytes, menu_txt.o(i.keypress))
<BR><BR>[Stack]<UL><LI>Max Depth = 8<LI>Call Chain = keypress
</UL>
<BR>[Address Reference Count : 1]<UL><LI> menu_txt.o(.data)
</UL>
<P><STRONG><a name="[b0]"></a>msg</STRONG> (Thumb, 2 bytes, Stack size 0 bytes, menu_txt.o(i.msg))
<BR>[Address Reference Count : 1]<UL><LI> menu_txt.o(.data)
</UL>
<P><STRONG><a name="[ad]"></a>show</STRONG> (Thumb, 92 bytes, Stack size 16 bytes, menu_txt.o(i.show))
<BR><BR>[Stack]<UL><LI>Max Depth = 464<LI>Call Chain = show &rArr; lcd_text12 &rArr; Sem_Dataflash_Take &rArr; rt_sem_take &rArr; rt_timer_start &rArr; rt_schedule &rArr; _rt_scheduler_stack_check &rArr; list_thread &rArr; _list_thread &rArr; rt_kprintf &rArr; vsnprintf &rArr; print_number
</UL>
<BR>[Calls]<UL><LI><a href="#[263]">&gt;&gt;</a>&nbsp;&nbsp;&nbsp;lcd_update_all
<LI><a href="#[261]">&gt;&gt;</a>&nbsp;&nbsp;&nbsp;lcd_text12
<LI><a href="#[260]">&gt;&gt;</a>&nbsp;&nbsp;&nbsp;lcd_fill
</UL>
<BR>[Address Reference Count : 1]<UL><LI> menu_txt.o(.data)
</UL>
<P><STRONG><a name="[af]"></a>timetick</STRONG> (Thumb, 40 bytes, Stack size 8 bytes, menu_txt.o(i.timetick))
<BR><BR>[Stack]<UL><LI>Max Depth = 8<LI>Call Chain = timetick
</UL>
<BR>[Address Reference Count : 1]<UL><LI> menu_txt.o(.data)
</UL>
<P><STRONG><a name="[b2]"></a>keypress</STRONG> (Thumb, 430 bytes, Stack size 40 bytes, menu_0_0_mode.o(i.keypress))
<BR><BR>[Stack]<UL><LI>Max Depth = 488<LI>Call Chain = keypress &rArr; lcd_text12 &rArr; Sem_Dataflash_Take &rArr; rt_sem_take &rArr; rt_timer_start &rArr; rt_schedule &rArr; _rt_scheduler_stack_check &rArr; list_thread &rArr; _list_thread &rArr; rt_kprintf &rArr; vsnprintf &rArr; print_number
</UL>
<BR>[Calls]<UL><LI><a href="#[208]">&gt;&gt;</a>&nbsp;&nbsp;&nbsp;WatchDog_Feed
<LI><a href="#[235]">&gt;&gt;</a>&nbsp;&nbsp;&nbsp;DataLink_Status
<LI><a href="#[1a6]">&gt;&gt;</a>&nbsp;&nbsp;&nbsp;port_main
<LI><a href="#[1ac]">&gt;&gt;</a>&nbsp;&nbsp;&nbsp;idip
<LI><a href="#[209]">&gt;&gt;</a>&nbsp;&nbsp;&nbsp;DF_WriteFlashSector
<LI><a href="#[1a0]">&gt;&gt;</a>&nbsp;&nbsp;&nbsp;Socket_main_Set
<LI><a href="#[263]">&gt;&gt;</a>&nbsp;&nbsp;&nbsp;lcd_update_all
<LI><a href="#[1a5]">&gt;&gt;</a>&nbsp;&nbsp;&nbsp;link_mode
<LI><a href="#[1a7]">&gt;&gt;</a>&nbsp;&nbsp;&nbsp;dnsr_main
<LI><a href="#[261]">&gt;&gt;</a>&nbsp;&nbsp;&nbsp;lcd_text12
<LI><a href="#[260]">&gt;&gt;</a>&nbsp;&nbsp;&nbsp;lcd_fill
</UL>
<BR>[Address Reference Count : 1]<UL><LI> menu_0_0_mode.o(.data)
</UL>
<P><STRONG><a name="[b4]"></a>msg</STRONG> (Thumb, 2 bytes, Stack size 0 bytes, menu_0_0_mode.o(i.msg))
<BR>[Address Reference Count : 1]<UL><LI> menu_0_0_mode.o(.data)
</UL>
<P><STRONG><a name="[b1]"></a>show</STRONG> (Thumb, 52 bytes, Stack size 16 bytes, menu_0_0_mode.o(i.show))
<BR><BR>[Stack]<UL><LI>Max Depth = 464<LI>Call Chain = show &rArr; lcd_text12 &rArr; Sem_Dataflash_Take &rArr; rt_sem_take &rArr; rt_timer_start &rArr; rt_schedule &rArr; _rt_scheduler_stack_check &rArr; list_thread &rArr; _list_thread &rArr; rt_kprintf &rArr; vsnprintf &rArr; print_number
</UL>
<BR>[Calls]<UL><LI><a href="#[263]">&gt;&gt;</a>&nbsp;&nbsp;&nbsp;lcd_update_all
<LI><a href="#[261]">&gt;&gt;</a>&nbsp;&nbsp;&nbsp;lcd_text12
<LI><a href="#[260]">&gt;&gt;</a>&nbsp;&nbsp;&nbsp;lcd_fill
</UL>
<BR>[Address Reference Count : 1]<UL><LI> menu_0_0_mode.o(.data)
</UL>
<P><STRONG><a name="[b3]"></a>timetick</STRONG> (Thumb, 2 bytes, Stack size 0 bytes, menu_0_0_mode.o(i.timetick))
<BR>[Address Reference Count : 1]<UL><LI> menu_0_0_mode.o(.data)
</UL>
<P><STRONG><a name="[408]"></a>SetSysClock</STRONG> (Thumb, 140 bytes, Stack size 12 bytes, system_stm32f2xx.o(i.SetSysClock))
<BR><BR>[Stack]<UL><LI>Max Depth = 12<LI>Call Chain = SetSysClock
</UL>
<BR>[Called By]<UL><LI><a href="#[111]">&gt;&gt;</a>&nbsp;&nbsp;&nbsp;SystemInit
</UL>

<P><STRONG><a name="[254]"></a>CheckITStatus</STRONG> (Thumb, 12 bytes, Stack size 0 bytes, stm32f2xx_can.o(i.CheckITStatus))
<BR><BR>[Called By]<UL><LI><a href="#[242]">&gt;&gt;</a>&nbsp;&nbsp;&nbsp;CAN_GetITStatus
</UL>

<P><STRONG><a name="[3ac]"></a>RTC_Bcd2ToByte</STRONG> (Thumb, 18 bytes, Stack size 0 bytes, stm32f2xx_rtc.o(i.RTC_Bcd2ToByte))
<BR><BR>[Called By]<UL><LI><a href="#[3b2]">&gt;&gt;</a>&nbsp;&nbsp;&nbsp;RTC_SetTime
<LI><a href="#[3b0]">&gt;&gt;</a>&nbsp;&nbsp;&nbsp;RTC_SetDate
<LI><a href="#[33c]">&gt;&gt;</a>&nbsp;&nbsp;&nbsp;RTC_GetTime
<LI><a href="#[33d]">&gt;&gt;</a>&nbsp;&nbsp;&nbsp;RTC_GetDate
</UL>

<P><STRONG><a name="[3b1]"></a>RTC_ByteToBcd2</STRONG> (Thumb, 24 bytes, Stack size 0 bytes, stm32f2xx_rtc.o(i.RTC_ByteToBcd2))
<BR><BR>[Called By]<UL><LI><a href="#[3b2]">&gt;&gt;</a>&nbsp;&nbsp;&nbsp;RTC_SetTime
<LI><a href="#[3b0]">&gt;&gt;</a>&nbsp;&nbsp;&nbsp;RTC_SetDate
</UL>

<P><STRONG><a name="[423]"></a>TI1_Config</STRONG> (Thumb, 46 bytes, Stack size 16 bytes, stm32f2xx_tim.o(i.TI1_Config))
<BR><BR>[Stack]<UL><LI>Max Depth = 16<LI>Call Chain = TI1_Config
</UL>
<BR>[Called By]<UL><LI><a href="#[420]">&gt;&gt;</a>&nbsp;&nbsp;&nbsp;TIM_PWMIConfig
</UL>

<P><STRONG><a name="[421]"></a>TI2_Config</STRONG> (Thumb, 54 bytes, Stack size 20 bytes, stm32f2xx_tim.o(i.TI2_Config))
<BR><BR>[Stack]<UL><LI>Max Depth = 20<LI>Call Chain = TI2_Config
</UL>
<BR>[Called By]<UL><LI><a href="#[420]">&gt;&gt;</a>&nbsp;&nbsp;&nbsp;TIM_PWMIConfig
</UL>

<P><STRONG><a name="[48d]"></a>_printf_core</STRONG> (Thumb, 996 bytes, Stack size 104 bytes, printf8.o(i._printf_core), UNUSED)
<BR><BR>[Calls]<UL><LI><a href="#[1ce]">&gt;&gt;</a>&nbsp;&nbsp;&nbsp;__aeabi_uldivmod
<LI><a href="#[49e]">&gt;&gt;</a>&nbsp;&nbsp;&nbsp;_printf_pre_padding
<LI><a href="#[49f]">&gt;&gt;</a>&nbsp;&nbsp;&nbsp;_printf_post_padding
</UL>
<BR>[Called By]<UL><LI><a href="#[48c]">&gt;&gt;</a>&nbsp;&nbsp;&nbsp;__0sprintf$8
</UL>

<P><STRONG><a name="[49f]"></a>_printf_post_padding</STRONG> (Thumb, 36 bytes, Stack size 24 bytes, printf8.o(i._printf_post_padding), UNUSED)
<BR><BR>[Called By]<UL><LI><a href="#[48d]">&gt;&gt;</a>&nbsp;&nbsp;&nbsp;_printf_core
</UL>

<P><STRONG><a name="[49e]"></a>_printf_pre_padding</STRONG> (Thumb, 46 bytes, Stack size 24 bytes, printf8.o(i._printf_pre_padding), UNUSED)
<BR><BR>[Called By]<UL><LI><a href="#[48d]">&gt;&gt;</a>&nbsp;&nbsp;&nbsp;_printf_core
</UL>

<P><STRONG><a name="[12e]"></a>_sputc</STRONG> (Thumb, 10 bytes, Stack size 0 bytes, printf8.o(i._sputc))
<BR><BR>[Called By]<UL><LI><a href="#[48c]">&gt;&gt;</a>&nbsp;&nbsp;&nbsp;__0sprintf$8
</UL>
<BR>[Address Reference Count : 1]<UL><LI> printf8.o(i.__0sprintf$8)
</UL>
<P><STRONG><a name="[48e]"></a>_fp_digits</STRONG> (Thumb, 334 bytes, Stack size 56 bytes, printfa.o(i._fp_digits), UNUSED)
<BR><BR>[Calls]<UL><LI><a href="#[1c8]">&gt;&gt;</a>&nbsp;&nbsp;&nbsp;__aeabi_dmul
<LI><a href="#[1ce]">&gt;&gt;</a>&nbsp;&nbsp;&nbsp;__aeabi_uldivmod
<LI><a href="#[1da]">&gt;&gt;</a>&nbsp;&nbsp;&nbsp;__aeabi_ddiv
<LI><a href="#[1d6]">&gt;&gt;</a>&nbsp;&nbsp;&nbsp;__aeabi_dadd
<LI><a href="#[1db]">&gt;&gt;</a>&nbsp;&nbsp;&nbsp;__aeabi_d2ulz
<LI><a href="#[48f]">&gt;&gt;</a>&nbsp;&nbsp;&nbsp;__aeabi_cdrcmple
</UL>
<BR>[Called By]<UL><LI><a href="#[48b]">&gt;&gt;</a>&nbsp;&nbsp;&nbsp;_printf_core
</UL>

<P><STRONG><a name="[48b]"></a>_printf_core</STRONG> (Thumb, 1744 bytes, Stack size 136 bytes, printfa.o(i._printf_core), UNUSED)
<BR><BR>[Calls]<UL><LI><a href="#[1ce]">&gt;&gt;</a>&nbsp;&nbsp;&nbsp;__aeabi_uldivmod
<LI><a href="#[4a2]">&gt;&gt;</a>&nbsp;&nbsp;&nbsp;__aeabi_uidivmod
<LI><a href="#[4a0]">&gt;&gt;</a>&nbsp;&nbsp;&nbsp;_printf_pre_padding
<LI><a href="#[4a1]">&gt;&gt;</a>&nbsp;&nbsp;&nbsp;_printf_post_padding
<LI><a href="#[48e]">&gt;&gt;</a>&nbsp;&nbsp;&nbsp;_fp_digits
</UL>
<BR>[Called By]<UL><LI><a href="#[48a]">&gt;&gt;</a>&nbsp;&nbsp;&nbsp;__0sprintf
</UL>

<P><STRONG><a name="[4a1]"></a>_printf_post_padding</STRONG> (Thumb, 36 bytes, Stack size 24 bytes, printfa.o(i._printf_post_padding), UNUSED)
<BR><BR>[Called By]<UL><LI><a href="#[48b]">&gt;&gt;</a>&nbsp;&nbsp;&nbsp;_printf_core
</UL>

<P><STRONG><a name="[4a0]"></a>_printf_pre_padding</STRONG> (Thumb, 46 bytes, Stack size 24 bytes, printfa.o(i._printf_pre_padding), UNUSED)
<BR><BR>[Called By]<UL><LI><a href="#[48b]">&gt;&gt;</a>&nbsp;&nbsp;&nbsp;_printf_core
</UL>

<P><STRONG><a name="[12d]"></a>_sputc</STRONG> (Thumb, 10 bytes, Stack size 0 bytes, printfa.o(i._sputc))
<BR><BR>[Called By]<UL><LI><a href="#[48a]">&gt;&gt;</a>&nbsp;&nbsp;&nbsp;__0sprintf
</UL>
<BR>[Address Reference Count : 1]<UL><LI> printfa.o(i.__0sprintf)
</UL>
<P><STRONG><a name="[115]"></a>_scanf_char_input</STRONG> (Thumb, 12 bytes, Stack size 0 bytes, scanf_char.o(.text))
<BR>[Address Reference Count : 1]<UL><LI> scanf_char.o(.text)
</UL>
<P><STRONG><a name="[1d1]"></a>_local_sscanf</STRONG> (Thumb, 54 bytes, Stack size 56 bytes, strtod.o(.text))
<BR><BR>[Stack]<UL><LI>Max Depth = 160<LI>Call Chain = _local_sscanf &rArr; _scanf_real
</UL>
<BR>[Calls]<UL><LI><a href="#[1d2]">&gt;&gt;</a>&nbsp;&nbsp;&nbsp;_scanf_real
</UL>
<BR>[Called By]<UL><LI><a href="#[1d3]">&gt;&gt;</a>&nbsp;&nbsp;&nbsp;__strtod_int
</UL>

<P><STRONG><a name="[1dd]"></a>_fp_value</STRONG> (Thumb, 256 bytes, Stack size 56 bytes, scanf_fp.o(.text), UNUSED)
<BR><BR>[Calls]<UL><LI><a href="#[1c8]">&gt;&gt;</a>&nbsp;&nbsp;&nbsp;__aeabi_dmul
<LI><a href="#[1de]">&gt;&gt;</a>&nbsp;&nbsp;&nbsp;__aeabi_ul2d
<LI><a href="#[1da]">&gt;&gt;</a>&nbsp;&nbsp;&nbsp;__aeabi_ddiv
</UL>
<BR>[Called By]<UL><LI><a href="#[1df]">&gt;&gt;</a>&nbsp;&nbsp;&nbsp;_scanf_really_real
</UL>
<P>
<H3>
Undefined Global Symbols
</H3><HR></body></html>
