<html>
<body>
<pre>
<h1>礦ision Build Log</h1>
<h2>Project:</h2>
E:\work_xj\F4_BD\F4_TD3017\天津交通局\天津\出货程序\13.04.25(PB1初始化置0)RT-Thread_NewBoard-LCD2\RT-Thread_NewBoard-LCD2\bsp\stm32f407vgt6_RecDrv\project.uvproj
Project File Date:  04/03/2013

<h2>Output:</h2>
Build target 'rt-thread_stm32f4xx'
compiling stm32f4xx_gpio.c...
compiling stm32f4xx_hash_sha1.c...
compiling App_gsm.c...
app_712\gsm\App_gsm.c(346): warning:  #167-D: argument of type "u8 *" is incompatible with parameter of type "const char *"
app_712\gsm\App_gsm.c(347): warning:  #167-D: argument of type "u8 *" is incompatible with parameter of type "const char *"
app_712\gsm\App_gsm.c(348): warning:  #167-D: argument of type "u8 *" is incompatible with parameter of type "const char *"
app_712\gsm\App_gsm.c(38): warning:  #177-D: variable "msgq_gsm" was declared but never referenced
app_712\gsm\App_gsm.c(44): warning:  #550-D: variable "gsm_rx_app_infoStruct" was set but never used
compiling Device_485.c...
app_712\U4_485\Device_485.c(159): warning:  #167-D: argument of type "u8 *" is incompatible with parameter of type "char *restrict"
app_712\U4_485\Device_485.c(160): warning:  #167-D: argument of type "u8 *" is incompatible with parameter of type "const char *"
app_712\U4_485\Device_485.c(161): warning:  #167-D: argument of type "u8 *" is incompatible with parameter of type "const char *"
app_712\U4_485\Device_485.c(164): warning:  #167-D: argument of type "u8 *" is incompatible with parameter of type "char *restrict"
app_712\U4_485\Device_485.c(165): warning:  #167-D: argument of type "u8 *" is incompatible with parameter of type "const char *"
app_712\U4_485\Device_485.c(166): warning:  #167-D: argument of type "u8 *" is incompatible with parameter of type "const char *"
app_712\U4_485\Device_485.c(168): warning:  #167-D: argument of type "u8 *" is incompatible with parameter of type "char *restrict"
app_712\U4_485\Device_485.c(169): warning:  #167-D: argument of type "u8 *" is incompatible with parameter of type "const char *"
app_712\U4_485\Device_485.c(170): warning:  #167-D: argument of type "u8 *" is incompatible with parameter of type "const char *"
app_712\U4_485\Device_485.c(174): warning:  #167-D: argument of type "u8 *" is incompatible with parameter of type "char *restrict"
app_712\U4_485\Device_485.c(174): warning:  #225-D: the format string ends before this argument
app_712\U4_485\Device_485.c(175): warning:  #167-D: argument of type "u8 *" is incompatible with parameter of type "const char *"
app_712\U4_485\Device_485.c(176): warning:  #167-D: argument of type "u8 *" is incompatible with parameter of type "const char *"
app_712\U4_485\Device_485.c(940): warning:  #177-D: variable "res" was declared but never referenced
app_712\U4_485\Device_485.c(941): warning:  #177-D: variable "rec_485" was declared but never referenced
app_712\U4_485\Device_485.c(942): warning:  #177-D: variable "rec_info" was declared but never referenced
compiling protocol_808.c...
app_712\protocol_808\protocol_808.c(54): warning:  #69-D: integer conversion resulted in truncation
app_712\protocol_808\protocol_808.c(4067): warning:  #223-D: function "gps_write" declared implicitly
app_712\protocol_808\protocol_808.c(4278): warning:  #177-D: variable "i" was declared but never referenced
app_712\protocol_808\protocol_808.c(4278): warning:  #177-D: variable "DF_PageAddr" was declared but never referenced
app_712\protocol_808\protocol_808.c(4283): warning:  #177-D: variable "FCS_RX_UDP_sub" was declared but never referenced
app_712\protocol_808\protocol_808.c(4332): warning:  #177-D: variable "DF_PageAddr" was declared but never referenced
app_712\protocol_808\protocol_808.c(4668): warning:  #177-D: variable "i" was declared but never referenced
app_712\protocol_808\protocol_808.c(7641): warning:  #550-D: variable "Line4_Resualt" was set but never used
app_712\protocol_808\protocol_808.c(7641): warning:  #550-D: variable "Line5_Resualt" was set but never used
app_712\protocol_808\protocol_808.c(7647): warning:  #550-D: variable "DeltaA1" was set but never used
app_712\protocol_808\protocol_808.c(7647): warning:  #550-D: variable "DeltaA2" was set but never used
app_712\protocol_808\protocol_808.c(7647): warning:  #550-D: variable "DeltaO1" was set but never used
app_712\protocol_808\protocol_808.c(7647): warning:  #550-D: variable "DeltaO2" was set but never used
compiling Menu_2_7_RequestProgram.c...
compiling Menu_3_5_MultimediaTrans.c...
linking...
Program Size: Code=171476 RO-data=9192 RW-data=4976 ZI-data=83696  
User command #2: fromelf --bin --output=.\rt_stm32f4_drv.bin .\rt_stm32f4_drv.axf
"rt_stm32f4_drv.axf" - 0 Error(s), 34 Warning(s).
Build target 'rt-thread_stm32f4xx'
compiling Sys_config.c...
app_712\protocol_808\Sys_config.c(231): warning:  #167-D: argument of type "u8 *" is incompatible with parameter of type "const char *"
app_712\protocol_808\Sys_config.c(234): warning:  #167-D: argument of type "u8 *" is incompatible with parameter of type "const char *"
app_712\protocol_808\Sys_config.c(237): warning:  #167-D: argument of type "u8 *" is incompatible with parameter of type "const char *"
app_712\protocol_808\Sys_config.c(1259): warning:  #550-D: variable "res" was set but never used
app_712\protocol_808\Sys_config.c(1260): warning:  #177-D: variable "Reg_buf" was declared but never referenced
app_712\protocol_808\Sys_config.c(1261): warning:  #177-D: variable "i" was declared but never referenced
compiling Menu_3_2_FullorEmpty.c...
compiling Menu_3_3_ElectronicInfor.c...
compiling Menu_5_other.c...
linking...
Program Size: Code=171476 RO-data=9192 RW-data=4976 ZI-data=83696  
User command #2: fromelf --bin --output=.\rt_stm32f4_drv.bin .\rt_stm32f4_drv.axf
"rt_stm32f4_drv.axf" - 0 Error(s), 6 Warning(s).
Build target 'rt-thread_stm32f4xx'
compiling application.c...
compiling startup.c...
compiling App_moduleConfig.c...
compiling board.c...
compiling stm32f4xx_it.c...
compiling vuart.c...
compiling idle.c...
compiling gps.c...
app_712\gps\gps.c(909): warning:  #513-D: a value of type "void *" cannot be assigned to an entity of type "void (*)(void *)"
app_712\gps\gps.c(954): warning:  #167-D: argument of type "rt_uint8_t *" is incompatible with parameter of type "char *restrict"
app_712\gps\gps.c(894): warning:  #550-D: variable "resultcode" was set but never used
app_712\gps\gps.c(1015): warning:  #513-D: a value of type "void *" cannot be assigned to an entity of type "void (*)(void *)"
app_712\gps\gps.c(1069): warning:  #167-D: argument of type "rt_uint8_t *" is incompatible with parameter of type "char *restrict"
app_712\gps\gps.c(1139): warning:  #167-D: argument of type "rt_uint8_t *" is incompatible with parameter of type "char *restrict"
app_712\gps\gps.c(1304): warning:  #167-D: argument of type "rt_uint8_t *" is incompatible with parameter of type "char *restrict"
app_712\gps\gps.c(999): warning:  #550-D: variable "size" was set but never used
app_712\gps\gps.c(1356): warning:  #940-D: missing return statement at end of non-void function "gps_upgrade"
app_712\gps\gps.c(1333): warning:  #177-D: variable "buad" was declared but never referenced
app_712\gps\gps.c(1381): warning:  #167-D: argument of type "u8 *" is incompatible with parameter of type "const char *"
app_712\gps\gps.c(36): warning:  #177-D: variable "gps_out_mode" was declared but never referenced
app_712\gps\gps.c(869): warning:  #177-D: function "cleanup" was declared but never referenced
compiling App_gsm.c...
app_712\gsm\App_gsm.c(346): warning:  #167-D: argument of type "u8 *" is incompatible with parameter of type "const char *"
app_712\gsm\App_gsm.c(347): warning:  #167-D: argument of type "u8 *" is incompatible with parameter of type "const char *"
app_712\gsm\App_gsm.c(348): warning:  #167-D: argument of type "u8 *" is incompatible with parameter of type "const char *"
app_712\gsm\App_gsm.c(38): warning:  #177-D: variable "msgq_gsm" was declared but never referenced
app_712\gsm\App_gsm.c(44): warning:  #550-D: variable "gsm_rx_app_infoStruct" was set but never used
compiling Device_gsm.c...
app_712\gsm\Device_gsm.c(180): warning:  #167-D: argument of type "u8 *" is incompatible with parameter of type "const char *restrict"
app_712\gsm\Device_gsm.c(238): warning:  #167-D: argument of type "u8 *" is incompatible with parameter of type "char *restrict"
app_712\gsm\Device_gsm.c(294): warning:  #167-D: argument of type "u8 *" is incompatible with parameter of type "const char *restrict"
app_712\gsm\Device_gsm.c(447): warning:  #167-D: argument of type "u8 *" is incompatible with parameter of type "char *restrict"
app_712\gsm\Device_gsm.c(448): warning:  #167-D: argument of type "u8 *" is incompatible with parameter of type "const char *"
app_712\gsm\Device_gsm.c(505): warning:  #167-D: argument of type "u8 *" is incompatible with parameter of type "const char *"
app_712\gsm\Device_gsm.c(576): warning:  #167-D: argument of type "u8 *" is incompatible with parameter of type "const char *restrict"
app_712\gsm\Device_gsm.c(735): warning:  #177-D: variable "len" was declared but never referenced
app_712\gsm\Device_gsm.c(806): warning:  #177-D: variable "ch" was declared but never referenced
app_712\gsm\Device_gsm.c(947): warning:  #167-D: argument of type "u8 *" is incompatible with parameter of type "const char *restrict"
app_712\gsm\Device_gsm.c(952): warning:  #167-D: argument of type "u8 *" is incompatible with parameter of type "const char *restrict"
app_712\gsm\Device_gsm.c(1327): warning:  #177-D: variable "i" was declared but never referenced
app_712\gsm\Device_gsm.c(1727): warning:  #167-D: argument of type "u8 *" is incompatible with parameter of type "char *restrict"
compiling Device_485.c...
app_712\U4_485\Device_485.c(159): warning:  #167-D: argument of type "u8 *" is incompatible with parameter of type "char *restrict"
app_712\U4_485\Device_485.c(160): warning:  #167-D: argument of type "u8 *" is incompatible with parameter of type "const char *"
app_712\U4_485\Device_485.c(161): warning:  #167-D: argument of type "u8 *" is incompatible with parameter of type "const char *"
app_712\U4_485\Device_485.c(164): warning:  #167-D: argument of type "u8 *" is incompatible with parameter of type "char *restrict"
app_712\U4_485\Device_485.c(165): warning:  #167-D: argument of type "u8 *" is incompatible with parameter of type "const char *"
app_712\U4_485\Device_485.c(166): warning:  #167-D: argument of type "u8 *" is incompatible with parameter of type "const char *"
app_712\U4_485\Device_485.c(168): warning:  #167-D: argument of type "u8 *" is incompatible with parameter of type "char *restrict"
app_712\U4_485\Device_485.c(169): warning:  #167-D: argument of type "u8 *" is incompatible with parameter of type "const char *"
app_712\U4_485\Device_485.c(170): warning:  #167-D: argument of type "u8 *" is incompatible with parameter of type "const char *"
app_712\U4_485\Device_485.c(174): warning:  #167-D: argument of type "u8 *" is incompatible with parameter of type "char *restrict"
app_712\U4_485\Device_485.c(174): warning:  #225-D: the format string ends before this argument
app_712\U4_485\Device_485.c(175): warning:  #167-D: argument of type "u8 *" is incompatible with parameter of type "const char *"
app_712\U4_485\Device_485.c(176): warning:  #167-D: argument of type "u8 *" is incompatible with parameter of type "const char *"
app_712\U4_485\Device_485.c(940): warning:  #177-D: variable "res" was declared but never referenced
app_712\U4_485\Device_485.c(941): warning:  #177-D: variable "rec_485" was declared but never referenced
app_712\U4_485\Device_485.c(942): warning:  #177-D: variable "rec_info" was declared but never referenced
compiling App_485.c...
app_712\U4_485\App_485.c(286): warning:  #177-D: variable "len" was declared but never referenced
compiling app_808.c...
app_712\protocol_808\app_808.c(418): warning:  #223-D: function "USB_Disk_RunStatus" declared implicitly
app_712\protocol_808\app_808.c(429): warning:  #223-D: function "USB_DeviceFind" declared implicitly
app_712\protocol_808\app_808.c(494): warning:  #177-D: variable "AppMsgQ_struct" was declared but never referenced
app_712\protocol_808\app_808.c(495): warning:  #177-D: variable "MsgQ_gsmCome" was declared but never referenced
app_712\protocol_808\app_808.c(45): warning:  #177-D: variable "OneSec_cout" was declared but never referenced
compiling Device_808.c...
app_712\protocol_808\Device_808.c(692): warning:  #117-D: non-void function "Api_Config_read" should return a value
compiling protocol_808.c...
app_712\protocol_808\protocol_808.c(54): warning:  #69-D: integer conversion resulted in truncation
app_712\protocol_808\protocol_808.c(4067): warning:  #223-D: function "gps_write" declared implicitly
app_712\protocol_808\protocol_808.c(4278): warning:  #177-D: variable "i" was declared but never referenced
app_712\protocol_808\protocol_808.c(4278): warning:  #177-D: variable "DF_PageAddr" was declared but never referenced
app_712\protocol_808\protocol_808.c(4283): warning:  #177-D: variable "FCS_RX_UDP_sub" was declared but never referenced
app_712\protocol_808\protocol_808.c(4332): warning:  #177-D: variable "DF_PageAddr" was declared but never referenced
app_712\protocol_808\protocol_808.c(4668): warning:  #177-D: variable "i" was declared but never referenced
app_712\protocol_808\protocol_808.c(7641): warning:  #550-D: variable "Line4_Resualt" was set but never used
app_712\protocol_808\protocol_808.c(7641): warning:  #550-D: variable "Line5_Resualt" was set but never used
app_712\protocol_808\protocol_808.c(7647): warning:  #550-D: variable "DeltaA1" was set but never used
app_712\protocol_808\protocol_808.c(7647): warning:  #550-D: variable "DeltaA2" was set but never used
app_712\protocol_808\protocol_808.c(7647): warning:  #550-D: variable "DeltaO1" was set but never used
app_712\protocol_808\protocol_808.c(7647): warning:  #550-D: variable "DeltaO2" was set but never used
compiling Sys_config.c...
app_712\protocol_808\Sys_config.c(231): warning:  #167-D: argument of type "u8 *" is incompatible with parameter of type "const char *"
app_712\protocol_808\Sys_config.c(234): warning:  #167-D: argument of type "u8 *" is incompatible with parameter of type "const char *"
app_712\protocol_808\Sys_config.c(237): warning:  #167-D: argument of type "u8 *" is incompatible with parameter of type "const char *"
app_712\protocol_808\Sys_config.c(1259): warning:  #550-D: variable "res" was set but never used
app_712\protocol_808\Sys_config.c(1260): warning:  #177-D: variable "Reg_buf" was declared but never referenced
app_712\protocol_808\Sys_config.c(1261): warning:  #177-D: variable "i" was declared but never referenced
compiling app_hmi.c...
compiling SST25VF.c...
compiling DF_Function.c...
compiling DF_Oper.c...
compiling Flash_Oper.c...
compiling Device_printer.c...
app_712\printer\Device_printer.c(338): warning:  #177-D: function "printer_save_param" was declared but never referenced
app_712\printer\Device_printer.c(470): warning: C3017W: addr may be used before being set
compiling Device_CAN.c...
compiling Device_CAN2.c...
compiling mma8451.c...
app_712\shakesensor\mma8451.c(598): warning: C3017W: res may be used before being set
compiling lcd.c...
compiling Menu_0_0_password.c...
compiling Menu_0_1_License.c...
compiling Menu_0_2_CarType.c...
compiling Menu_0_loggingin.c...
compiling Menu_1_Idle.c...
app_712\lcd\Menu_1_Idle.c(192): warning:  #186-D: pointless comparison of unsigned integer with zero
app_712\lcd\Menu_1_Idle.c(216): warning:  #186-D: pointless comparison of unsigned integer with zero
compiling Menu_2_1_Status8.c...
compiling Menu_2_2_Speed15.c...
compiling Menu_2_3_CentreTextStor.c...
compiling Menu_2_4_CarInfor.c...
app_712\lcd\Menu_2_4_CarInfor.c(36): warning:  #167-D: argument of type "u8 *" is incompatible with parameter of type "char *"
compiling Menu_2_5_DriverInfor.c...
compiling Menu_2_6_Mileage.c...
compiling Menu_2_7_RequestProgram.c...
compiling Menu_2_8_DnsIpDisplay.c...
compiling Menu_2_InforCheck.c...
compiling Menu_3_1_CentreQuesSend.c...
compiling Menu_3_2_FullorEmpty.c...
compiling Menu_3_3_ElectronicInfor.c...
compiling Menu_3_4_Multimedia.c...
compiling Menu_3_5_MultimediaTrans.c...
compiling Menu_3_6_Record.c...
compiling Menu_3_7_Affair.c...
compiling Menu_3_8_LogOut.c...
compiling Menu_3_InforInteract.c...
compiling Menu_4_1_pilao.c...
compiling Menu_4_2_chaosu.c...
compiling Menu_4_InforTirExspd.c...
compiling Menu_5_1_TelDis.c...
compiling Menu_5_2_TelAtd.c...
compiling menu_5_3_bdupgrad.c...
compiling Menu_5_4_BDColdBoot.c...
compiling Menu_5_5_Can.c...
compiling Menu_5_6_Concuss.c...
compiling Menu_5_7_Version.c...
compiling Menu_5_8_usb.c...
compiling Menu_5_other.c...
compiling Menu_6_RemoteUpdata.c...
compiling Menu_7_CentreTextDisplay.c...
compiling Menu_Include.c...
compiling Menu_0_4_Colour.c...
app_712\lcd\Menu_0_4_Colour.c(80): warning:  #167-D: argument of type "unsigned char *" is incompatible with parameter of type "char *"
app_712\lcd\Menu_0_4_Colour.c(81): warning:  #167-D: argument of type "u8 *" is incompatible with parameter of type "char *"
app_712\lcd\Menu_0_4_Colour.c(102): warning:  #167-D: argument of type "unsigned char *" is incompatible with parameter of type "const char *"
app_712\lcd\Menu_0_4_Colour.c(105): warning:  #167-D: argument of type "u8 *" is incompatible with parameter of type "const char *"
app_712\lcd\Menu_0_4_Colour.c(152): warning:  #167-D: argument of type "unsigned char *" is incompatible with parameter of type "char *"
app_712\lcd\Menu_0_4_Colour.c(153): warning:  #167-D: argument of type "u8 *" is incompatible with parameter of type "char *"
app_712\lcd\Menu_0_4_Colour.c(176): warning:  #167-D: argument of type "unsigned char *" is incompatible with parameter of type "char *"
app_712\lcd\Menu_0_4_Colour.c(177): warning:  #167-D: argument of type "u8 *" is incompatible with parameter of type "char *"
compiling Menu_0_3_VIN.c...
linking...
Program Size: Code=171476 RO-data=9192 RW-data=4976 ZI-data=83696  
User command #2: fromelf --bin --output=.\rt_stm32f4_drv.bin .\rt_stm32f4_drv.axf
"rt_stm32f4_drv.axf" - 0 Error(s), 87 Warning(s).
Build target 'rt-thread_stm32f4xx'
compiling startup.c...
linking...
Program Size: Code=171476 RO-data=9192 RW-data=4976 ZI-data=83696  
User command #2: fromelf --bin --output=.\rt_stm32f4_drv.bin .\rt_stm32f4_drv.axf
"rt_stm32f4_drv.axf" - 0 Error(s), 0 Warning(s).
Build target 'rt-thread_stm32f4xx'
compiling stm32f4xx_it.c...
compiling vuart.c...
compiling Menu_0_0_password.c...
compiling Menu_0_loggingin.c...
linking...
Program Size: Code=171476 RO-data=9192 RW-data=4976 ZI-data=83696  
User command #2: fromelf --bin --output=.\rt_stm32f4_drv.bin .\rt_stm32f4_drv.axf
"rt_stm32f4_drv.axf" - 0 Error(s), 0 Warning(s).
Build target 'rt-thread_stm32f4xx'
compiling App_gsm.c...
app_712\gsm\App_gsm.c(346): warning:  #167-D: argument of type "u8 *" is incompatible with parameter of type "const char *"
app_712\gsm\App_gsm.c(347): warning:  #167-D: argument of type "u8 *" is incompatible with parameter of type "const char *"
app_712\gsm\App_gsm.c(348): warning:  #167-D: argument of type "u8 *" is incompatible with parameter of type "const char *"
app_712\gsm\App_gsm.c(38): warning:  #177-D: variable "msgq_gsm" was declared but never referenced
app_712\gsm\App_gsm.c(44): warning:  #550-D: variable "gsm_rx_app_infoStruct" was set but never used
linking...
Program Size: Code=171476 RO-data=9192 RW-data=4976 ZI-data=83696  
User command #2: fromelf --bin --output=.\rt_stm32f4_drv.bin .\rt_stm32f4_drv.axf
"rt_stm32f4_drv.axf" - 0 Error(s), 5 Warning(s).
Build target 'rt-thread_stm32f4xx'
compiling gps.c...
app_712\gps\gps.c(909): warning:  #513-D: a value of type "void *" cannot be assigned to an entity of type "void (*)(void *)"
app_712\gps\gps.c(954): warning:  #167-D: argument of type "rt_uint8_t *" is incompatible with parameter of type "char *restrict"
app_712\gps\gps.c(894): warning:  #550-D: variable "resultcode" was set but never used
app_712\gps\gps.c(1015): warning:  #513-D: a value of type "void *" cannot be assigned to an entity of type "void (*)(void *)"
app_712\gps\gps.c(1069): warning:  #167-D: argument of type "rt_uint8_t *" is incompatible with parameter of type "char *restrict"
app_712\gps\gps.c(1139): warning:  #167-D: argument of type "rt_uint8_t *" is incompatible with parameter of type "char *restrict"
app_712\gps\gps.c(1304): warning:  #167-D: argument of type "rt_uint8_t *" is incompatible with parameter of type "char *restrict"
app_712\gps\gps.c(999): warning:  #550-D: variable "size" was set but never used
app_712\gps\gps.c(1356): warning:  #940-D: missing return statement at end of non-void function "gps_upgrade"
app_712\gps\gps.c(1333): warning:  #177-D: variable "buad" was declared but never referenced
app_712\gps\gps.c(1381): warning:  #167-D: argument of type "u8 *" is incompatible with parameter of type "const char *"
app_712\gps\gps.c(36): warning:  #177-D: variable "gps_out_mode" was declared but never referenced
app_712\gps\gps.c(869): warning:  #177-D: function "cleanup" was declared but never referenced
compiling Device_808.c...
app_712\protocol_808\Device_808.c(699): warning:  #117-D: non-void function "Api_Config_read" should return a value
linking...
Program Size: Code=171452 RO-data=9192 RW-data=4976 ZI-data=83696  
User command #2: fromelf --bin --output=.\rt_stm32f4_drv.bin .\rt_stm32f4_drv.axf
"rt_stm32f4_drv.axf" - 0 Error(s), 14 Warning(s).
Build target 'rt-thread_stm32f4xx'
compiling application.c...
compiling startup.c...
compiling App_moduleConfig.c...
compiling board.c...
compiling stm32f4xx_it.c...
compiling vuart.c...
compiling misc.c...
compiling stm32f4xx_can.c...
compiling idle.c...
compiling gps.c...
app_712\gps\gps.c(909): warning:  #513-D: a value of type "void *" cannot be assigned to an entity of type "void (*)(void *)"
app_712\gps\gps.c(954): warning:  #167-D: argument of type "rt_uint8_t *" is incompatible with parameter of type "char *restrict"
app_712\gps\gps.c(894): warning:  #550-D: variable "resultcode" was set but never used
app_712\gps\gps.c(1015): warning:  #513-D: a value of type "void *" cannot be assigned to an entity of type "void (*)(void *)"
app_712\gps\gps.c(1069): warning:  #167-D: argument of type "rt_uint8_t *" is incompatible with parameter of type "char *restrict"
app_712\gps\gps.c(1139): warning:  #167-D: argument of type "rt_uint8_t *" is incompatible with parameter of type "char *restrict"
app_712\gps\gps.c(1304): warning:  #167-D: argument of type "rt_uint8_t *" is incompatible with parameter of type "char *restrict"
app_712\gps\gps.c(999): warning:  #550-D: variable "size" was set but never used
app_712\gps\gps.c(1356): warning:  #940-D: missing return statement at end of non-void function "gps_upgrade"
app_712\gps\gps.c(1333): warning:  #177-D: variable "buad" was declared but never referenced
app_712\gps\gps.c(1381): warning:  #167-D: argument of type "u8 *" is incompatible with parameter of type "const char *"
app_712\gps\gps.c(36): warning:  #177-D: variable "gps_out_mode" was declared but never referenced
app_712\gps\gps.c(869): warning:  #177-D: function "cleanup" was declared but never referenced
compiling App_gsm.c...
app_712\gsm\App_gsm.c(346): warning:  #167-D: argument of type "u8 *" is incompatible with parameter of type "const char *"
app_712\gsm\App_gsm.c(347): warning:  #167-D: argument of type "u8 *" is incompatible with parameter of type "const char *"
app_712\gsm\App_gsm.c(348): warning:  #167-D: argument of type "u8 *" is incompatible with parameter of type "const char *"
app_712\gsm\App_gsm.c(38): warning:  #177-D: variable "msgq_gsm" was declared but never referenced
app_712\gsm\App_gsm.c(44): warning:  #550-D: variable "gsm_rx_app_infoStruct" was set but never used
compiling Device_gsm.c...
app_712\gsm\Device_gsm.c(180): warning:  #167-D: argument of type "u8 *" is incompatible with parameter of type "const char *restrict"
app_712\gsm\Device_gsm.c(238): warning:  #167-D: argument of type "u8 *" is incompatible with parameter of type "char *restrict"
app_712\gsm\Device_gsm.c(294): warning:  #167-D: argument of type "u8 *" is incompatible with parameter of type "const char *restrict"
app_712\gsm\Device_gsm.c(447): warning:  #167-D: argument of type "u8 *" is incompatible with parameter of type "char *restrict"
app_712\gsm\Device_gsm.c(448): warning:  #167-D: argument of type "u8 *" is incompatible with parameter of type "const char *"
app_712\gsm\Device_gsm.c(505): warning:  #167-D: argument of type "u8 *" is incompatible with parameter of type "const char *"
app_712\gsm\Device_gsm.c(576): warning:  #167-D: argument of type "u8 *" is incompatible with parameter of type "const char *restrict"
app_712\gsm\Device_gsm.c(735): warning:  #177-D: variable "len" was declared but never referenced
app_712\gsm\Device_gsm.c(806): warning:  #177-D: variable "ch" was declared but never referenced
app_712\gsm\Device_gsm.c(947): warning:  #167-D: argument of type "u8 *" is incompatible with parameter of type "const char *restrict"
app_712\gsm\Device_gsm.c(952): warning:  #167-D: argument of type "u8 *" is incompatible with parameter of type "const char *restrict"
app_712\gsm\Device_gsm.c(1327): warning:  #177-D: variable "i" was declared but never referenced
app_712\gsm\Device_gsm.c(1727): warning:  #167-D: argument of type "u8 *" is incompatible with parameter of type "char *restrict"
compiling Device_485.c...
app_712\U4_485\Device_485.c(159): warning:  #167-D: argument of type "u8 *" is incompatible with parameter of type "char *restrict"
app_712\U4_485\Device_485.c(160): warning:  #167-D: argument of type "u8 *" is incompatible with parameter of type "const char *"
app_712\U4_485\Device_485.c(161): warning:  #167-D: argument of type "u8 *" is incompatible with parameter of type "const char *"
app_712\U4_485\Device_485.c(164): warning:  #167-D: argument of type "u8 *" is incompatible with parameter of type "char *restrict"
app_712\U4_485\Device_485.c(165): warning:  #167-D: argument of type "u8 *" is incompatible with parameter of type "const char *"
app_712\U4_485\Device_485.c(166): warning:  #167-D: argument of type "u8 *" is incompatible with parameter of type "const char *"
app_712\U4_485\Device_485.c(168): warning:  #167-D: argument of type "u8 *" is incompatible with parameter of type "char *restrict"
app_712\U4_485\Device_485.c(169): warning:  #167-D: argument of type "u8 *" is incompatible with parameter of type "const char *"
app_712\U4_485\Device_485.c(170): warning:  #167-D: argument of type "u8 *" is incompatible with parameter of type "const char *"
app_712\U4_485\Device_485.c(174): warning:  #167-D: argument of type "u8 *" is incompatible with parameter of type "char *restrict"
app_712\U4_485\Device_485.c(174): warning:  #225-D: the format string ends before this argument
app_712\U4_485\Device_485.c(175): warning:  #167-D: argument of type "u8 *" is incompatible with parameter of type "const char *"
app_712\U4_485\Device_485.c(176): warning:  #167-D: argument of type "u8 *" is incompatible with parameter of type "const char *"
app_712\U4_485\Device_485.c(940): warning:  #177-D: variable "res" was declared but never referenced
app_712\U4_485\Device_485.c(941): warning:  #177-D: variable "rec_485" was declared but never referenced
app_712\U4_485\Device_485.c(942): warning:  #177-D: variable "rec_info" was declared but never referenced
compiling App_485.c...
app_712\U4_485\App_485.c(286): warning:  #177-D: variable "len" was declared but never referenced
compiling app_808.c...
app_712\protocol_808\app_808.c(418): warning:  #223-D: function "USB_Disk_RunStatus" declared implicitly
app_712\protocol_808\app_808.c(429): warning:  #223-D: function "USB_DeviceFind" declared implicitly
app_712\protocol_808\app_808.c(494): warning:  #177-D: variable "AppMsgQ_struct" was declared but never referenced
app_712\protocol_808\app_808.c(495): warning:  #177-D: variable "MsgQ_gsmCome" was declared but never referenced
app_712\protocol_808\app_808.c(45): warning:  #177-D: variable "OneSec_cout" was declared but never referenced
compiling Device_808.c...
app_712\protocol_808\Device_808.c(706): warning:  #117-D: non-void function "Api_Config_read" should return a value
compiling protocol_808.c...
app_712\protocol_808\protocol_808.c(54): warning:  #69-D: integer conversion resulted in truncation
app_712\protocol_808\protocol_808.c(4067): warning:  #223-D: function "gps_write" declared implicitly
app_712\protocol_808\protocol_808.c(4278): warning:  #177-D: variable "i" was declared but never referenced
app_712\protocol_808\protocol_808.c(4278): warning:  #177-D: variable "DF_PageAddr" was declared but never referenced
app_712\protocol_808\protocol_808.c(4283): warning:  #177-D: variable "FCS_RX_UDP_sub" was declared but never referenced
app_712\protocol_808\protocol_808.c(4332): warning:  #177-D: variable "DF_PageAddr" was declared but never referenced
app_712\protocol_808\protocol_808.c(4668): warning:  #177-D: variable "i" was declared but never referenced
app_712\protocol_808\protocol_808.c(7641): warning:  #550-D: variable "Line4_Resualt" was set but never used
app_712\protocol_808\protocol_808.c(7641): warning:  #550-D: variable "Line5_Resualt" was set but never used
app_712\protocol_808\protocol_808.c(7647): warning:  #550-D: variable "DeltaA1" was set but never used
app_712\protocol_808\protocol_808.c(7647): warning:  #550-D: variable "DeltaA2" was set but never used
app_712\protocol_808\protocol_808.c(7647): warning:  #550-D: variable "DeltaO1" was set but never used
app_712\protocol_808\protocol_808.c(7647): warning:  #550-D: variable "DeltaO2" was set but never used
compiling Sys_config.c...
app_712\protocol_808\Sys_config.c(231): warning:  #167-D: argument of type "u8 *" is incompatible with parameter of type "const char *"
app_712\protocol_808\Sys_config.c(234): warning:  #167-D: argument of type "u8 *" is incompatible with parameter of type "const char *"
app_712\protocol_808\Sys_config.c(237): warning:  #167-D: argument of type "u8 *" is incompatible with parameter of type "const char *"
app_712\protocol_808\Sys_config.c(1259): warning:  #550-D: variable "res" was set but never used
app_712\protocol_808\Sys_config.c(1260): warning:  #177-D: variable "Reg_buf" was declared but never referenced
app_712\protocol_808\Sys_config.c(1261): warning:  #177-D: variable "i" was declared but never referenced
compiling app_hmi.c...
compiling SST25VF.c...
compiling DF_Function.c...
compiling DF_Oper.c...
compiling Flash_Oper.c...
compiling Device_printer.c...
app_712\printer\Device_printer.c(338): warning:  #177-D: function "printer_save_param" was declared but never referenced
app_712\printer\Device_printer.c(470): warning: C3017W: addr may be used before being set
compiling Device_CAN.c...
compiling Device_CAN2.c...
compiling mma8451.c...
app_712\shakesensor\mma8451.c(598): warning: C3017W: res may be used before being set
compiling lcd.c...
compiling Menu_0_0_password.c...
compiling Menu_0_1_License.c...
compiling Menu_0_2_CarType.c...
compiling Menu_0_loggingin.c...
compiling Menu_1_Idle.c...
app_712\lcd\Menu_1_Idle.c(192): warning:  #186-D: pointless comparison of unsigned integer with zero
app_712\lcd\Menu_1_Idle.c(216): warning:  #186-D: pointless comparison of unsigned integer with zero
compiling Menu_2_1_Status8.c...
compiling Menu_2_2_Speed15.c...
compiling Menu_2_3_CentreTextStor.c...
compiling Menu_2_4_CarInfor.c...
app_712\lcd\Menu_2_4_CarInfor.c(36): warning:  #167-D: argument of type "u8 *" is incompatible with parameter of type "char *"
compiling Menu_2_5_DriverInfor.c...
compiling Menu_2_6_Mileage.c...
compiling Menu_2_7_RequestProgram.c...
compiling Menu_2_8_DnsIpDisplay.c...
compiling Menu_2_InforCheck.c...
compiling Menu_3_1_CentreQuesSend.c...
compiling Menu_3_2_FullorEmpty.c...
compiling Menu_3_3_ElectronicInfor.c...
compiling Menu_3_4_Multimedia.c...
compiling Menu_3_5_MultimediaTrans.c...
compiling Menu_3_6_Record.c...
compiling Menu_3_7_Affair.c...
compiling Menu_3_8_LogOut.c...
compiling Menu_3_InforInteract.c...
compiling Menu_4_1_pilao.c...
compiling Menu_4_2_chaosu.c...
compiling Menu_4_InforTirExspd.c...
compiling Menu_5_1_TelDis.c...
compiling Menu_5_2_TelAtd.c...
compiling menu_5_3_bdupgrad.c...
compiling Menu_5_4_BDColdBoot.c...
compiling Menu_5_5_Can.c...
compiling Menu_5_6_Concuss.c...
compiling Menu_5_7_Version.c...
compiling Menu_5_8_usb.c...
compiling Menu_5_other.c...
compiling Menu_6_RemoteUpdata.c...
compiling Menu_7_CentreTextDisplay.c...
compiling Menu_Include.c...
compiling Menu_0_4_Colour.c...
app_712\lcd\Menu_0_4_Colour.c(80): warning:  #167-D: argument of type "unsigned char *" is incompatible with parameter of type "char *"
app_712\lcd\Menu_0_4_Colour.c(81): warning:  #167-D: argument of type "u8 *" is incompatible with parameter of type "char *"
app_712\lcd\Menu_0_4_Colour.c(102): warning:  #167-D: argument of type "unsigned char *" is incompatible with parameter of type "const char *"
app_712\lcd\Menu_0_4_Colour.c(105): warning:  #167-D: argument of type "u8 *" is incompatible with parameter of type "const char *"
app_712\lcd\Menu_0_4_Colour.c(152): warning:  #167-D: argument of type "unsigned char *" is incompatible with parameter of type "char *"
app_712\lcd\Menu_0_4_Colour.c(153): warning:  #167-D: argument of type "u8 *" is incompatible with parameter of type "char *"
app_712\lcd\Menu_0_4_Colour.c(176): warning:  #167-D: argument of type "unsigned char *" is incompatible with parameter of type "char *"
app_712\lcd\Menu_0_4_Colour.c(177): warning:  #167-D: argument of type "u8 *" is incompatible with parameter of type "char *"
compiling Menu_0_3_VIN.c...
linking...
Program Size: Code=171476 RO-data=9192 RW-data=4976 ZI-data=83696  
User command #2: fromelf --bin --output=.\rt_stm32f4_drv.bin .\rt_stm32f4_drv.axf
"rt_stm32f4_drv.axf" - 0 Error(s), 87 Warning(s).
Build target 'rt-thread_stm32f4xx'
compiling application.c...
compiling startup.c...
compiling App_moduleConfig.c...
compiling board.c...
compiling stm32f4xx_it.c...
compiling vuart.c...
compiling idle.c...
compiling gps.c...
app_712\gps\gps.c(909): warning:  #513-D: a value of type "void *" cannot be assigned to an entity of type "void (*)(void *)"
app_712\gps\gps.c(954): warning:  #167-D: argument of type "rt_uint8_t *" is incompatible with parameter of type "char *restrict"
app_712\gps\gps.c(894): warning:  #550-D: variable "resultcode" was set but never used
app_712\gps\gps.c(1015): warning:  #513-D: a value of type "void *" cannot be assigned to an entity of type "void (*)(void *)"
app_712\gps\gps.c(1069): warning:  #167-D: argument of type "rt_uint8_t *" is incompatible with parameter of type "char *restrict"
app_712\gps\gps.c(1139): warning:  #167-D: argument of type "rt_uint8_t *" is incompatible with parameter of type "char *restrict"
app_712\gps\gps.c(1304): warning:  #167-D: argument of type "rt_uint8_t *" is incompatible with parameter of type "char *restrict"
app_712\gps\gps.c(999): warning:  #550-D: variable "size" was set but never used
app_712\gps\gps.c(1356): warning:  #940-D: missing return statement at end of non-void function "gps_upgrade"
app_712\gps\gps.c(1333): warning:  #177-D: variable "buad" was declared but never referenced
app_712\gps\gps.c(1381): warning:  #167-D: argument of type "u8 *" is incompatible with parameter of type "const char *"
app_712\gps\gps.c(36): warning:  #177-D: variable "gps_out_mode" was declared but never referenced
app_712\gps\gps.c(869): warning:  #177-D: function "cleanup" was declared but never referenced
compiling App_gsm.c...
app_712\gsm\App_gsm.c(346): warning:  #167-D: argument of type "u8 *" is incompatible with parameter of type "const char *"
app_712\gsm\App_gsm.c(347): warning:  #167-D: argument of type "u8 *" is incompatible with parameter of type "const char *"
app_712\gsm\App_gsm.c(348): warning:  #167-D: argument of type "u8 *" is incompatible with parameter of type "const char *"
app_712\gsm\App_gsm.c(38): warning:  #177-D: variable "msgq_gsm" was declared but never referenced
app_712\gsm\App_gsm.c(44): warning:  #550-D: variable "gsm_rx_app_infoStruct" was set but never used
compiling Device_gsm.c...
app_712\gsm\Device_gsm.c(180): warning:  #167-D: argument of type "u8 *" is incompatible with parameter of type "const char *restrict"
app_712\gsm\Device_gsm.c(238): warning:  #167-D: argument of type "u8 *" is incompatible with parameter of type "char *restrict"
app_712\gsm\Device_gsm.c(294): warning:  #167-D: argument of type "u8 *" is incompatible with parameter of type "const char *restrict"
app_712\gsm\Device_gsm.c(447): warning:  #167-D: argument of type "u8 *" is incompatible with parameter of type "char *restrict"
app_712\gsm\Device_gsm.c(448): warning:  #167-D: argument of type "u8 *" is incompatible with parameter of type "const char *"
app_712\gsm\Device_gsm.c(505): warning:  #167-D: argument of type "u8 *" is incompatible with parameter of type "const char *"
app_712\gsm\Device_gsm.c(576): warning:  #167-D: argument of type "u8 *" is incompatible with parameter of type "const char *restrict"
app_712\gsm\Device_gsm.c(735): warning:  #177-D: variable "len" was declared but never referenced
app_712\gsm\Device_gsm.c(806): warning:  #177-D: variable "ch" was declared but never referenced
app_712\gsm\Device_gsm.c(947): warning:  #167-D: argument of type "u8 *" is incompatible with parameter of type "const char *restrict"
app_712\gsm\Device_gsm.c(952): warning:  #167-D: argument of type "u8 *" is incompatible with parameter of type "const char *restrict"
app_712\gsm\Device_gsm.c(1327): warning:  #177-D: variable "i" was declared but never referenced
app_712\gsm\Device_gsm.c(1727): warning:  #167-D: argument of type "u8 *" is incompatible with parameter of type "char *restrict"
compiling Device_485.c...
app_712\U4_485\Device_485.c(159): warning:  #167-D: argument of type "u8 *" is incompatible with parameter of type "char *restrict"
app_712\U4_485\Device_485.c(160): warning:  #167-D: argument of type "u8 *" is incompatible with parameter of type "const char *"
app_712\U4_485\Device_485.c(161): warning:  #167-D: argument of type "u8 *" is incompatible with parameter of type "const char *"
app_712\U4_485\Device_485.c(164): warning:  #167-D: argument of type "u8 *" is incompatible with parameter of type "char *restrict"
app_712\U4_485\Device_485.c(165): warning:  #167-D: argument of type "u8 *" is incompatible with parameter of type "const char *"
app_712\U4_485\Device_485.c(166): warning:  #167-D: argument of type "u8 *" is incompatible with parameter of type "const char *"
app_712\U4_485\Device_485.c(168): warning:  #167-D: argument of type "u8 *" is incompatible with parameter of type "char *restrict"
app_712\U4_485\Device_485.c(169): warning:  #167-D: argument of type "u8 *" is incompatible with parameter of type "const char *"
app_712\U4_485\Device_485.c(170): warning:  #167-D: argument of type "u8 *" is incompatible with parameter of type "const char *"
app_712\U4_485\Device_485.c(174): warning:  #167-D: argument of type "u8 *" is incompatible with parameter of type "char *restrict"
app_712\U4_485\Device_485.c(174): warning:  #225-D: the format string ends before this argument
app_712\U4_485\Device_485.c(175): warning:  #167-D: argument of type "u8 *" is incompatible with parameter of type "const char *"
app_712\U4_485\Device_485.c(176): warning:  #167-D: argument of type "u8 *" is incompatible with parameter of type "const char *"
app_712\U4_485\Device_485.c(940): warning:  #177-D: variable "res" was declared but never referenced
app_712\U4_485\Device_485.c(941): warning:  #177-D: variable "rec_485" was declared but never referenced
app_712\U4_485\Device_485.c(942): warning:  #177-D: variable "rec_info" was declared but never referenced
compiling App_485.c...
app_712\U4_485\App_485.c(286): warning:  #177-D: variable "len" was declared but never referenced
compiling app_808.c...
app_712\protocol_808\app_808.c(418): warning:  #223-D: function "USB_Disk_RunStatus" declared implicitly
app_712\protocol_808\app_808.c(429): warning:  #223-D: function "USB_DeviceFind" declared implicitly
app_712\protocol_808\app_808.c(494): warning:  #177-D: variable "AppMsgQ_struct" was declared but never referenced
app_712\protocol_808\app_808.c(495): warning:  #177-D: variable "MsgQ_gsmCome" was declared but never referenced
app_712\protocol_808\app_808.c(45): warning:  #177-D: variable "OneSec_cout" was declared but never referenced
compiling Device_808.c...
app_712\protocol_808\Device_808.c(712): warning:  #117-D: non-void function "Api_Config_read" should return a value
compiling protocol_808.c...
app_712\protocol_808\protocol_808.c(54): warning:  #69-D: integer conversion resulted in truncation
app_712\protocol_808\protocol_808.c(4067): warning:  #223-D: function "gps_write" declared implicitly
app_712\protocol_808\protocol_808.c(4278): warning:  #177-D: variable "i" was declared but never referenced
app_712\protocol_808\protocol_808.c(4278): warning:  #177-D: variable "DF_PageAddr" was declared but never referenced
app_712\protocol_808\protocol_808.c(4283): warning:  #177-D: variable "FCS_RX_UDP_sub" was declared but never referenced
app_712\protocol_808\protocol_808.c(4332): warning:  #177-D: variable "DF_PageAddr" was declared but never referenced
app_712\protocol_808\protocol_808.c(4668): warning:  #177-D: variable "i" was declared but never referenced
app_712\protocol_808\protocol_808.c(7641): warning:  #550-D: variable "Line4_Resualt" was set but never used
app_712\protocol_808\protocol_808.c(7641): warning:  #550-D: variable "Line5_Resualt" was set but never used
app_712\protocol_808\protocol_808.c(7647): warning:  #550-D: variable "DeltaA1" was set but never used
app_712\protocol_808\protocol_808.c(7647): warning:  #550-D: variable "DeltaA2" was set but never used
app_712\protocol_808\protocol_808.c(7647): warning:  #550-D: variable "DeltaO1" was set but never used
app_712\protocol_808\protocol_808.c(7647): warning:  #550-D: variable "DeltaO2" was set but never used
compiling Sys_config.c...
app_712\protocol_808\Sys_config.c(231): warning:  #167-D: argument of type "u8 *" is incompatible with parameter of type "const char *"
app_712\protocol_808\Sys_config.c(234): warning:  #167-D: argument of type "u8 *" is incompatible with parameter of type "const char *"
app_712\protocol_808\Sys_config.c(237): warning:  #167-D: argument of type "u8 *" is incompatible with parameter of type "const char *"
app_712\protocol_808\Sys_config.c(1259): warning:  #550-D: variable "res" was set but never used
app_712\protocol_808\Sys_config.c(1260): warning:  #177-D: variable "Reg_buf" was declared but never referenced
app_712\protocol_808\Sys_config.c(1261): warning:  #177-D: variable "i" was declared but never referenced
compiling app_hmi.c...
compiling SST25VF.c...
compiling DF_Function.c...
compiling DF_Oper.c...
compiling Flash_Oper.c...
compiling Device_printer.c...
app_712\printer\Device_printer.c(338): warning:  #177-D: function "printer_save_param" was declared but never referenced
app_712\printer\Device_printer.c(470): warning: C3017W: addr may be used before being set
compiling Device_CAN.c...
compiling Device_CAN2.c...
compiling mma8451.c...
app_712\shakesensor\mma8451.c(598): warning: C3017W: res may be used before being set
compiling lcd.c...
compiling Menu_0_0_password.c...
compiling Menu_0_1_License.c...
compiling Menu_0_2_CarType.c...
compiling Menu_0_loggingin.c...
compiling Menu_1_Idle.c...
app_712\lcd\Menu_1_Idle.c(192): warning:  #186-D: pointless comparison of unsigned integer with zero
app_712\lcd\Menu_1_Idle.c(216): warning:  #186-D: pointless comparison of unsigned integer with zero
compiling Menu_2_1_Status8.c...
compiling Menu_2_2_Speed15.c...
compiling Menu_2_3_CentreTextStor.c...
compiling Menu_2_4_CarInfor.c...
app_712\lcd\Menu_2_4_CarInfor.c(36): warning:  #167-D: argument of type "u8 *" is incompatible with parameter of type "char *"
compiling Menu_2_5_DriverInfor.c...
compiling Menu_2_6_Mileage.c...
compiling Menu_2_7_RequestProgram.c...
compiling Menu_2_8_DnsIpDisplay.c...
compiling Menu_2_InforCheck.c...
compiling Menu_3_1_CentreQuesSend.c...
compiling Menu_3_2_FullorEmpty.c...
compiling Menu_3_3_ElectronicInfor.c...
compiling Menu_3_4_Multimedia.c...
compiling Menu_3_5_MultimediaTrans.c...
compiling Menu_3_6_Record.c...
compiling Menu_3_7_Affair.c...
compiling Menu_3_8_LogOut.c...
compiling Menu_3_InforInteract.c...
compiling Menu_4_1_pilao.c...
compiling Menu_4_2_chaosu.c...
compiling Menu_4_InforTirExspd.c...
compiling Menu_5_1_TelDis.c...
compiling Menu_5_2_TelAtd.c...
compiling menu_5_3_bdupgrad.c...
compiling Menu_5_4_BDColdBoot.c...
compiling Menu_5_5_Can.c...
compiling Menu_5_6_Concuss.c...
compiling Menu_5_7_Version.c...
compiling Menu_5_8_usb.c...
compiling Menu_5_other.c...
compiling Menu_6_RemoteUpdata.c...
compiling Menu_7_CentreTextDisplay.c...
compiling Menu_Include.c...
compiling Menu_0_4_Colour.c...
app_712\lcd\Menu_0_4_Colour.c(80): warning:  #167-D: argument of type "unsigned char *" is incompatible with parameter of type "char *"
app_712\lcd\Menu_0_4_Colour.c(81): warning:  #167-D: argument of type "u8 *" is incompatible with parameter of type "char *"
app_712\lcd\Menu_0_4_Colour.c(102): warning:  #167-D: argument of type "unsigned char *" is incompatible with parameter of type "const char *"
app_712\lcd\Menu_0_4_Colour.c(105): warning:  #167-D: argument of type "u8 *" is incompatible with parameter of type "const char *"
app_712\lcd\Menu_0_4_Colour.c(152): warning:  #167-D: argument of type "unsigned char *" is incompatible with parameter of type "char *"
app_712\lcd\Menu_0_4_Colour.c(153): warning:  #167-D: argument of type "u8 *" is incompatible with parameter of type "char *"
app_712\lcd\Menu_0_4_Colour.c(176): warning:  #167-D: argument of type "unsigned char *" is incompatible with parameter of type "char *"
app_712\lcd\Menu_0_4_Colour.c(177): warning:  #167-D: argument of type "u8 *" is incompatible with parameter of type "char *"
compiling Menu_0_3_VIN.c...
linking...
Program Size: Code=171476 RO-data=9192 RW-data=4976 ZI-data=83696  
User command #2: fromelf --bin --output=.\rt_stm32f4_drv.bin .\rt_stm32f4_drv.axf
"rt_stm32f4_drv.axf" - 0 Error(s), 87 Warning(s).
